Archive member included to satisfy reference by file (symbol)

/home/w0x7ce/Downloads/arm-gnu-toolchain-13.2.rel1-x86_64-arm-none-eabi/arm-gnu-toolchain-13.2.Rel1-x86_64-arm-none-eabi/bin/../lib/gcc/arm-none-eabi/13.2.1/thumb/v6-m/nofp/libgcc.a(_dvmd_tls.o)
                              CMakeFiles/rp2040_hid_mouse.dir/home/w0x7ce/pico-sdk/src/rp2_common/pico_divider/divider.S.obj (__aeabi_idiv0)
/home/w0x7ce/Downloads/arm-gnu-toolchain-13.2.rel1-x86_64-arm-none-eabi/arm-gnu-toolchain-13.2.Rel1-x86_64-arm-none-eabi/bin/../lib/gcc/arm-none-eabi/13.2.1/thumb/v6-m/nofp/libgcc.a(_ffssi2.o)
                              CMakeFiles/rp2040_hid_mouse.dir/lvgl-release-v8.3/src/misc/lv_tlsf.c.obj (__ffssi2)
/home/w0x7ce/Downloads/arm-gnu-toolchain-13.2.rel1-x86_64-arm-none-eabi/arm-gnu-toolchain-13.2.Rel1-x86_64-arm-none-eabi/bin/../lib/gcc/arm-none-eabi/13.2.1/../../../../arm-none-eabi/lib/thumb/v6-m/nofp/libc.a(libc_a-stpcpy.o)
                              CMakeFiles/rp2040_hid_mouse.dir/lvgl-release-v8.3/src/widgets/lv_dropdown.c.obj (stpcpy)
/home/w0x7ce/Downloads/arm-gnu-toolchain-13.2.rel1-x86_64-arm-none-eabi/arm-gnu-toolchain-13.2.Rel1-x86_64-arm-none-eabi/bin/../lib/gcc/arm-none-eabi/13.2.1/../../../../arm-none-eabi/lib/thumb/v6-m/nofp/libc.a(libc_a-malloc.o)
                              CMakeFiles/rp2040_hid_mouse.dir/home/w0x7ce/pico-sdk/src/rp2_common/pico_malloc/pico_malloc.c.obj (malloc)
/home/w0x7ce/Downloads/arm-gnu-toolchain-13.2.rel1-x86_64-arm-none-eabi/arm-gnu-toolchain-13.2.Rel1-x86_64-arm-none-eabi/bin/../lib/gcc/arm-none-eabi/13.2.1/../../../../arm-none-eabi/lib/thumb/v6-m/nofp/libc.a(libc_a-mallocr.o)
                              /home/w0x7ce/Downloads/arm-gnu-toolchain-13.2.rel1-x86_64-arm-none-eabi/arm-gnu-toolchain-13.2.Rel1-x86_64-arm-none-eabi/bin/../lib/gcc/arm-none-eabi/13.2.1/../../../../arm-none-eabi/lib/thumb/v6-m/nofp/libc.a(libc_a-malloc.o) (_malloc_r)
/home/w0x7ce/Downloads/arm-gnu-toolchain-13.2.rel1-x86_64-arm-none-eabi/arm-gnu-toolchain-13.2.Rel1-x86_64-arm-none-eabi/bin/../lib/gcc/arm-none-eabi/13.2.1/../../../../arm-none-eabi/lib/thumb/v6-m/nofp/libc.a(libc_a-memcmp.o)
                              CMakeFiles/rp2040_hid_mouse.dir/lvgl-release-v8.3/src/misc/lv_lru.c.obj (memcmp)
/home/w0x7ce/Downloads/arm-gnu-toolchain-13.2.rel1-x86_64-arm-none-eabi/arm-gnu-toolchain-13.2.Rel1-x86_64-arm-none-eabi/bin/../lib/gcc/arm-none-eabi/13.2.1/../../../../arm-none-eabi/lib/thumb/v6-m/nofp/libc.a(libc_a-memmove.o)
                              CMakeFiles/rp2040_hid_mouse.dir/lvgl-release-v8.3/src/core/lv_event.c.obj (memmove)
/home/w0x7ce/Downloads/arm-gnu-toolchain-13.2.rel1-x86_64-arm-none-eabi/arm-gnu-toolchain-13.2.Rel1-x86_64-arm-none-eabi/bin/../lib/gcc/arm-none-eabi/13.2.1/../../../../arm-none-eabi/lib/thumb/v6-m/nofp/libc.a(libc_a-init.o)
                              /home/w0x7ce/Downloads/arm-gnu-toolchain-13.2.rel1-x86_64-arm-none-eabi/arm-gnu-toolchain-13.2.Rel1-x86_64-arm-none-eabi/bin/../lib/gcc/arm-none-eabi/13.2.1/../../../../arm-none-eabi/lib/thumb/v6-m/nofp/crt0.o (__libc_init_array)
/home/w0x7ce/Downloads/arm-gnu-toolchain-13.2.rel1-x86_64-arm-none-eabi/arm-gnu-toolchain-13.2.Rel1-x86_64-arm-none-eabi/bin/../lib/gcc/arm-none-eabi/13.2.1/../../../../arm-none-eabi/lib/thumb/v6-m/nofp/libc.a(libc_a-sysconf.o)
                              /home/w0x7ce/Downloads/arm-gnu-toolchain-13.2.rel1-x86_64-arm-none-eabi/arm-gnu-toolchain-13.2.Rel1-x86_64-arm-none-eabi/bin/../lib/gcc/arm-none-eabi/13.2.1/../../../../arm-none-eabi/lib/thumb/v6-m/nofp/libc.a(libc_a-mallocr.o) (sysconf)
/home/w0x7ce/Downloads/arm-gnu-toolchain-13.2.rel1-x86_64-arm-none-eabi/arm-gnu-toolchain-13.2.Rel1-x86_64-arm-none-eabi/bin/../lib/gcc/arm-none-eabi/13.2.1/../../../../arm-none-eabi/lib/thumb/v6-m/nofp/libc.a(libc_a-strcmp.o)
                              CMakeFiles/rp2040_hid_mouse.dir/main.c.obj (strcmp)
/home/w0x7ce/Downloads/arm-gnu-toolchain-13.2.rel1-x86_64-arm-none-eabi/arm-gnu-toolchain-13.2.Rel1-x86_64-arm-none-eabi/bin/../lib/gcc/arm-none-eabi/13.2.1/../../../../arm-none-eabi/lib/thumb/v6-m/nofp/libc.a(libc_a-strcpy.o)
                              CMakeFiles/rp2040_hid_mouse.dir/lvgl-release-v8.3/src/draw/lv_img_decoder.c.obj (strcpy)
/home/w0x7ce/Downloads/arm-gnu-toolchain-13.2.rel1-x86_64-arm-none-eabi/arm-gnu-toolchain-13.2.Rel1-x86_64-arm-none-eabi/bin/../lib/gcc/arm-none-eabi/13.2.1/../../../../arm-none-eabi/lib/thumb/v6-m/nofp/libc.a(libc_a-mlock.o)
                              /home/w0x7ce/Downloads/arm-gnu-toolchain-13.2.rel1-x86_64-arm-none-eabi/arm-gnu-toolchain-13.2.Rel1-x86_64-arm-none-eabi/bin/../lib/gcc/arm-none-eabi/13.2.1/../../../../arm-none-eabi/lib/thumb/v6-m/nofp/libc.a(libc_a-mallocr.o) (__malloc_lock)
/home/w0x7ce/Downloads/arm-gnu-toolchain-13.2.rel1-x86_64-arm-none-eabi/arm-gnu-toolchain-13.2.Rel1-x86_64-arm-none-eabi/bin/../lib/gcc/arm-none-eabi/13.2.1/../../../../arm-none-eabi/lib/thumb/v6-m/nofp/libc.a(libc_a-strchr.o)
[...]
Memory Configuration

Name             Origin             Length             Attributes
FLASH            0x10000000         0x00200000         xr
RAM              0x20000000         0x00040000         xrw
SCRATCH_X        0x20040000         0x00001000         xrw
SCRATCH_Y        0x20041000         0x00001000         xrw
*default*        0x00000000         0xffffffff

Linker script and memory map

LOAD /home/w0x7ce/Downloads/arm-gnu-toolchain-13.2.rel1-x86_64-arm-none-eabi/arm-gnu-toolchain-13.2.Rel1-x86_64-arm-none-eabi/bin/../lib/gcc/arm-none-eabi/13.2.1/thumb/v6-m/nofp/crti.o
LOAD /home/w0x7ce/Downloads/arm-gnu-toolchain-13.2.rel1-x86_64-arm-none-eabi/arm-gnu-toolchain-13.2.Rel1-x86_64-arm-none-eabi/bin/../lib/gcc/arm-none-eabi/13.2.1/thumb/v6-m/nofp/crtbegin.o
LOAD /home/w0x7ce/Downloads/arm-gnu-toolchain-13.2.rel1-x86_64-arm-none-eabi/arm-gnu-toolchain-13.2.Rel1-x86_64-arm-none-eabi/bin/../lib/gcc/arm-none-eabi/13.2.1/../../../../arm-none-eabi/lib/thumb/v6-m/nofp/crt0.o

.flash_begin    0x10000000        0x0
                0x10000000                        __flash_binary_start = .

.boot2          0x10000000      0x100
                0x10000000                        __boot2_start__ = .
 *(.boot2)
 .boot2         0x10000000      0x100 /tmp/ccg9Bccz.o
                0x10000100                        __boot2_end__ = .
                0x00000001                        ASSERT (((__boot2_end__ - __boot2_start__) == 0x100), ERROR: Pico second stage bootloader must be 256 bytes in size)

.text           0x10000100    0x311d8
                0x10000100                        __logical_binary_start = .
 *(.vectors)
 .vectors       0x10000100       0xd4 CMakeFiles/rp2040_hid_mouse.dir/home/w0x7ce/pico-sdk/src/rp2_common/pico_standard_link/crt0.S.obj
                0x10000100                __vectors
                0x10000100                __VECTOR_TABLE
                0x100001c0                isr_invalid
                0x100001c0                __default_isrs_start
                0x100001c2                isr_nmi
                0x100001c4                isr_hardfault
                0x100001c6                isr_svcall
                0x100001c8                isr_pendsv
                0x100001ca                isr_systick
                0x100001cc                isr_irq30
                0x100001cc                __unhandled_user_irq
                0x100001cc                isr_irq13
                0x100001cc                isr_irq27
                0x100001cc                isr_irq31
                0x100001cc                isr_irq5
                0x100001cc                isr_irq11
                0x100001cc                isr_irq23
                0x100001cc                isr_irq18
                0x100001cc                isr_irq28
                0x100001cc                isr_irq19
                0x100001cc                isr_irq0
                0x100001cc                isr_irq6
                0x100001cc                isr_irq22
                0x100001cc                isr_irq17
                0x100001cc                isr_irq14
                0x100001cc                isr_irq2
                0x100001cc                isr_irq10
                0x100001cc                isr_irq8
                0x100001cc                isr_irq24
                0x100001cc                isr_irq1
                0x100001cc                isr_irq7
                0x100001cc                isr_irq21
                0x100001cc                isr_irq20
                0x100001cc                isr_irq15
                0x100001cc                isr_irq25
                0x100001cc                isr_irq4
                0x100001cc                isr_irq16
                0x100001cc                isr_irq29
                0x100001cc                isr_irq26
                0x100001cc                __default_isrs_end
                0x100001cc                isr_irq3
                0x100001cc                isr_irq12
                0x100001cc                isr_irq9
                0x100001d2                unhandled_user_irq_num_in_r0
 *(.binary_info_header)
 .binary_info_header
                0x100001d4       0x14 CMakeFiles/rp2040_hid_mouse.dir/home/w0x7ce/pico-sdk/src/rp2_common/pico_standard_link/crt0.S.obj
                0x100001e8                        __binary_info_header_end = .
 *(.reset)
 .reset         0x100001e8       0xa0 CMakeFiles/rp2040_hid_mouse.dir/home/w0x7ce/pico-sdk/src/rp2_common/pico_standard_link/crt0.S.obj
                0x100001e8                _entry_point
 .reset         0x10000288       0x30 CMakeFiles/rp2040_hid_mouse.dir/home/w0x7ce/pico-sdk/src/rp2_common/pico_standard_link/binary_info.c.obj
 *(.init)
 .init          0x100002b8        0x4 /home/w0x7ce/Downloads/arm-gnu-toolchain-13.2.rel1-x86_64-arm-none-eabi/arm-gnu-toolchain-13.2.Rel1-x86_64-arm-none-eabi/bin/../lib/gcc/arm-none-eabi/13.2.1/thumb/v6-m/nofp/crti.o
                0x100002b8                _init
 *(EXCLUDE_FILE(*libm.a: *libc.a:*lib_a-mem*.o *libgcc.a:) .text*)
 .text.register_tm_clones
                0x100002bc       0x28 /home/w0x7ce/Downloads/arm-gnu-toolchain-13.2.rel1-x86_64-arm-none-eabi/arm-gnu-toolchain-13.2.Rel1-x86_64-arm-none-eabi/bin/../lib/gcc/arm-none-eabi/13.2.1/thumb/v6-m/nofp/crtbegin.o
 .text.frame_dummy
                0x100002e4       0x24 /home/w0x7ce/Downloads/arm-gnu-toolchain-13.2.rel1-x86_64-arm-none-eabi/arm-gnu-toolchain-13.2.Rel1-x86_64-arm-none-eabi/bin/../lib/gcc/arm-none-eabi/13.2.1/thumb/v6-m/nofp/crtbegin.o
 .text.lvgl_display_flush_cb
                0x10000308       0xe8 CMakeFiles/rp2040_hid_mouse.dir/main.c.obj
 .text.init_spi
                0x100003f0       0x5c CMakeFiles/rp2040_hid_mouse.dir/main.c.obj
                0x100003f0                init_spi
 .text.ssd1306_refresh_gram
                0x1000044c       0xb0 CMakeFiles/rp2040_hid_mouse.dir/main.c.obj
                0x1000044c                ssd1306_refresh_gram
 .text.ssd1306_init
                0x100004fc      0x2c0 CMakeFiles/rp2040_hid_mouse.dir/main.c.obj
                0x100004fc                ssd1306_init
 .text.startup.main
                0x100007bc       0xd8 CMakeFiles/rp2040_hid_mouse.dir/main.c.obj
                0x100007bc                main
 .text.lv_disp_get_scr_act
                0x10000894       0x18 CMakeFiles/rp2040_hid_mouse.dir/lvgl-release-v8.3/src/core/lv_disp.c.obj
                0x10000894                lv_disp_get_scr_act
 .text.lv_disp_get_scr_prev
                0x100008ac       0x18 CMakeFiles/rp2040_hid_mouse.dir/lvgl-release-v8.3/src/core/lv_disp.c.obj
                0x100008ac                lv_disp_get_scr_prev
 .text.lv_disp_get_layer_top
                0x100008c4       0x18 CMakeFiles/rp2040_hid_mouse.dir/lvgl-release-v8.3/src/core/lv_disp.c.obj
                0x100008c4                lv_disp_get_layer_top
 .text.lv_disp_get_layer_sys
                0x100008dc       0x18 CMakeFiles/rp2040_hid_mouse.dir/lvgl-release-v8.3/src/core/lv_disp.c.obj
                0x100008dc                lv_disp_get_layer_sys
 .text.lv_disp_get_theme
                0x100008f4       0x10 CMakeFiles/rp2040_hid_mouse.dir/lvgl-release-v8.3/src/core/lv_disp.c.obj
                0x100008f4                lv_disp_get_theme
 .text.lv_disp_is_invalidation_enabled
                0x10000904       0x20 CMakeFiles/rp2040_hid_mouse.dir/lvgl-release-v8.3/src/core/lv_disp.c.obj
                0x10000904                lv_disp_is_invalidation_enabled
 .text.event_send_core
                0x10000924      0x1b8 CMakeFiles/rp2040_hid_mouse.dir/lvgl-release-v8.3/src/core/lv_event.c.obj
 .text.lv_event_send
                0x10000adc       0x40 CMakeFiles/rp2040_hid_mouse.dir/lvgl-release-v8.3/src/core/lv_event.c.obj
                0x10000adc                lv_event_send
 .text.lv_obj_event_base
                0x10000b1c       0x38 CMakeFiles/rp2040_hid_mouse.dir/lvgl-release-v8.3/src/core/lv_event.c.obj
                0x10000b1c                lv_obj_event_base
 .text.lv_event_get_target
                0x10000b54        0x4 CMakeFiles/rp2040_hid_mouse.dir/lvgl-release-v8.3/src/core/lv_event.c.obj
                0x10000b54                lv_event_get_target
 .text.lv_event_get_current_target
                0x10000b58        0x4 CMakeFiles/rp2040_hid_mouse.dir/lvgl-release-v8.3/src/core/lv_event.c.obj
                0x10000b58                lv_event_get_current_target
 .text.lv_event_get_code
                0x10000b5c        0x8 CMakeFiles/rp2040_hid_mouse.dir/lvgl-release-v8.3/src/core/lv_event.c.obj
                0x10000b5c                lv_event_get_code
 .text.lv_event_get_param
                0x10000b64        0x4 CMakeFiles/rp2040_hid_mouse.dir/lvgl-release-v8.3/src/core/lv_event.c.obj
                0x10000b64                lv_event_get_param
 .text.lv_event_get_user_data
                0x10000b68        0x4 CMakeFiles/rp2040_hid_mouse.dir/lvgl-release-v8.3/src/core/lv_event.c.obj
                0x10000b68                lv_event_get_user_data
 .text._lv_event_mark_deleted
                0x10000b6c       0x30 CMakeFiles/rp2040_hid_mouse.dir/lvgl-release-v8.3/src/core/lv_event.c.obj
                0x10000b6c                _lv_event_mark_deleted
 .text.lv_obj_add_event_cb
                0x10000b9c       0x60 CMakeFiles/rp2040_hid_mouse.dir/lvgl-release-v8.3/src/core/lv_event.c.obj
                0x10000b9c                lv_obj_add_event_cb
 .text.lv_event_get_indev
                0x10000bfc       0x10 CMakeFiles/rp2040_hid_mouse.dir/lvgl-release-v8.3/src/core/lv_event.c.obj
                0x10000bfc                lv_event_get_indev
 .text.lv_event_get_draw_ctx
                0x10000c0c       0x10 CMakeFiles/rp2040_hid_mouse.dir/lvgl-release-v8.3/src/core/lv_event.c.obj
                0x10000c0c                lv_event_get_draw_ctx
 .text.lv_event_set_ext_draw_size
                0x10000c1c       0x20 CMakeFiles/rp2040_hid_mouse.dir/lvgl-release-v8.3/src/core/lv_event.c.obj
                0x10000c1c                lv_event_set_ext_draw_size
 .text.focus_next_core
                0x10000c3c      0x1a8 CMakeFiles/rp2040_hid_mouse.dir/lvgl-release-v8.3/src/core/lv_group.c.obj
 .text.lv_group_refocus
                0x10000de4       0x64 CMakeFiles/rp2040_hid_mouse.dir/lvgl-release-v8.3/src/core/lv_group.c.obj
 .text._lv_group_init
                0x10000e48       0x10 CMakeFiles/rp2040_hid_mouse.dir/lvgl-release-v8.3/src/core/lv_group.c.obj
                0x10000e48                _lv_group_init
 .text.lv_group_get_default
                0x10000e58        0xc CMakeFiles/rp2040_hid_mouse.dir/lvgl-release-v8.3/src/core/lv_group.c.obj
                0x10000e58                lv_group_get_default
 .text.lv_group_remove_obj
                0x10000e64       0xf8 CMakeFiles/rp2040_hid_mouse.dir/lvgl-release-v8.3/src/core/lv_group.c.obj
                0x10000e64                lv_group_remove_obj
 .text.lv_group_add_obj
                0x10000f5c       0x80 CMakeFiles/rp2040_hid_mouse.dir/lvgl-release-v8.3/src/core/lv_group.c.obj
                0x10000f5c                lv_group_add_obj
 .text.lv_group_focus_next
                0x10000fdc       0x28 CMakeFiles/rp2040_hid_mouse.dir/lvgl-release-v8.3/src/core/lv_group.c.obj
                0x10000fdc                lv_group_focus_next
 .text.lv_group_set_editing
                0x10001004       0xa8 CMakeFiles/rp2040_hid_mouse.dir/lvgl-release-v8.3/src/core/lv_group.c.obj
                0x10001004                lv_group_set_editing
 .text.lv_group_get_focused
                0x100010ac       0x14 CMakeFiles/rp2040_hid_mouse.dir/lvgl-release-v8.3/src/core/lv_group.c.obj
                0x100010ac                lv_group_get_focused
 .text.lv_group_get_editing
                0x100010c0       0x10 CMakeFiles/rp2040_hid_mouse.dir/lvgl-release-v8.3/src/core/lv_group.c.obj
                0x100010c0                lv_group_get_editing
 .text.lv_indev_get_act
                0x100010d0        0xc CMakeFiles/rp2040_hid_mouse.dir/lvgl-release-v8.3/src/core/lv_indev.c.obj
                0x100010d0                lv_indev_get_act
 .text.lv_indev_get_type
                0x100010dc       0x10 CMakeFiles/rp2040_hid_mouse.dir/lvgl-release-v8.3/src/core/lv_indev.c.obj
                0x100010dc                lv_indev_get_type
 .text.lv_indev_reset
                0x100010ec       0xe8 CMakeFiles/rp2040_hid_mouse.dir/lvgl-release-v8.3/src/core/lv_indev.c.obj
                0x100010ec                lv_indev_reset
 .text.lv_indev_reset_long_press
                0x100011d4       0x1c CMakeFiles/rp2040_hid_mouse.dir/lvgl-release-v8.3/src/core/lv_indev.c.obj
                0x100011d4                lv_indev_reset_long_press
 .text.lv_indev_get_point
                0x100011f0       0x2c CMakeFiles/rp2040_hid_mouse.dir/lvgl-release-v8.3/src/core/lv_indev.c.obj
                0x100011f0                lv_indev_get_point
 .text.lv_indev_get_scroll_dir
                0x1000121c       0x20 CMakeFiles/rp2040_hid_mouse.dir/lvgl-release-v8.3/src/core/lv_indev.c.obj
                0x1000121c                lv_indev_get_scroll_dir
 .text.lv_indev_get_scroll_obj
                0x1000123c       0x1c CMakeFiles/rp2040_hid_mouse.dir/lvgl-release-v8.3/src/core/lv_indev.c.obj
                0x1000123c                lv_indev_get_scroll_obj
 .text.lv_indev_get_vect
                0x10001258       0x24 CMakeFiles/rp2040_hid_mouse.dir/lvgl-release-v8.3/src/core/lv_indev.c.obj
                0x10001258                lv_indev_get_vect
 .text.lv_indev_wait_release
                0x1000127c       0x10 CMakeFiles/rp2040_hid_mouse.dir/lvgl-release-v8.3/src/core/lv_indev.c.obj
                0x1000127c                lv_indev_wait_release
 .text.lv_indev_get_obj_act
                0x1000128c        0xc CMakeFiles/rp2040_hid_mouse.dir/lvgl-release-v8.3/src/core/lv_indev.c.obj
                0x1000128c                lv_indev_get_obj_act
 .text.lv_indev_scroll_throw_predict
                0x10001298       0x44 CMakeFiles/rp2040_hid_mouse.dir/lvgl-release-v8.3/src/core/lv_indev_scroll.c.obj
                0x10001298                lv_indev_scroll_throw_predict
 .text.lv_obj_draw
                0x100012dc      0x480 CMakeFiles/rp2040_hid_mouse.dir/lvgl-release-v8.3/src/core/lv_obj.c.obj
 .text.lv_obj_destructor
                0x1000175c       0x70 CMakeFiles/rp2040_hid_mouse.dir/lvgl-release-v8.3/src/core/lv_obj.c.obj
 .text.lv_obj_constructor
                0x100017cc       0x68 CMakeFiles/rp2040_hid_mouse.dir/lvgl-release-v8.3/src/core/lv_obj.c.obj
 .text.lv_obj_set_state
                0x10001834      0x2e4 CMakeFiles/rp2040_hid_mouse.dir/lvgl-release-v8.3/src/core/lv_obj.c.obj
 .text.lv_obj_event
                0x10001b18      0x384 CMakeFiles/rp2040_hid_mouse.dir/lvgl-release-v8.3/src/core/lv_obj.c.obj
 .text.lv_init  0x10001e9c       0x58 CMakeFiles/rp2040_hid_mouse.dir/lvgl-release-v8.3/src/core/lv_obj.c.obj
                0x10001e9c                lv_init
 .text.lv_obj_create
                0x10001ef4       0x1c CMakeFiles/rp2040_hid_mouse.dir/lvgl-release-v8.3/src/core/lv_obj.c.obj
                0x10001ef4                lv_obj_create
 .text.lv_obj_add_flag
                0x10001f10       0x98 CMakeFiles/rp2040_hid_mouse.dir/lvgl-release-v8.3/src/core/lv_obj.c.obj
                0x10001f10                lv_obj_add_flag
 .text.lv_obj_clear_flag
                0x10001fa8       0x84 CMakeFiles/rp2040_hid_mouse.dir/lvgl-release-v8.3/src/core/lv_obj.c.obj
                0x10001fa8                lv_obj_clear_flag
 .text.lv_obj_add_state
                0x1000202c       0x10 CMakeFiles/rp2040_hid_mouse.dir/lvgl-release-v8.3/src/core/lv_obj.c.obj
                0x1000202c                lv_obj_add_state
 .text.lv_obj_clear_state
                0x1000203c       0x14 CMakeFiles/rp2040_hid_mouse.dir/lvgl-release-v8.3/src/core/lv_obj.c.obj
                0x1000203c                lv_obj_clear_state
 .text.lv_obj_has_flag
                0x10002050       0x10 CMakeFiles/rp2040_hid_mouse.dir/lvgl-release-v8.3/src/core/lv_obj.c.obj
                0x10002050                lv_obj_has_flag
 .text.lv_obj_has_flag_any
                0x10002060        0xc CMakeFiles/rp2040_hid_mouse.dir/lvgl-release-v8.3/src/core/lv_obj.c.obj
                0x10002060                lv_obj_has_flag_any
 .text.lv_obj_get_state
                0x1000206c        0x4 CMakeFiles/rp2040_hid_mouse.dir/lvgl-release-v8.3/src/core/lv_obj.c.obj
                0x1000206c                lv_obj_get_state
 .text.lv_obj_get_group
                0x10002070        0xc CMakeFiles/rp2040_hid_mouse.dir/lvgl-release-v8.3/src/core/lv_obj.c.obj
                0x10002070                lv_obj_get_group
 .text.lv_obj_allocate_spec_attr
                0x1000207c       0x44 CMakeFiles/rp2040_hid_mouse.dir/lvgl-release-v8.3/src/core/lv_obj.c.obj
                0x1000207c                lv_obj_allocate_spec_attr
 .text.lv_obj_check_type
                0x100020c0       0x14 CMakeFiles/rp2040_hid_mouse.dir/lvgl-release-v8.3/src/core/lv_obj.c.obj
                0x100020c0                lv_obj_check_type
 .text.lv_obj_construct
                0x100020d4       0x6c CMakeFiles/rp2040_hid_mouse.dir/lvgl-release-v8.3/src/core/lv_obj_class.c.obj
 .text.lv_obj_class_create_obj
                0x10002140       0xf0 CMakeFiles/rp2040_hid_mouse.dir/lvgl-release-v8.3/src/core/lv_obj_class.c.obj
                0x10002140                lv_obj_class_create_obj
 .text.lv_obj_class_init_obj
                0x10002230       0xec CMakeFiles/rp2040_hid_mouse.dir/lvgl-release-v8.3/src/core/lv_obj_class.c.obj
                0x10002230                lv_obj_class_init_obj
 .text._lv_obj_destruct
                0x1000231c       0x28 CMakeFiles/rp2040_hid_mouse.dir/lvgl-release-v8.3/src/core/lv_obj_class.c.obj
                0x1000231c                _lv_obj_destruct
 .text.lv_obj_is_editable
                0x10002344       0x28 CMakeFiles/rp2040_hid_mouse.dir/lvgl-release-v8.3/src/core/lv_obj_class.c.obj
                0x10002344                lv_obj_is_editable
 .text.lv_obj_init_draw_rect_dsc
                0x1000236c      0x308 CMakeFiles/rp2040_hid_mouse.dir/lvgl-release-v8.3/src/core/lv_obj_draw.c.obj
                0x1000236c                lv_obj_init_draw_rect_dsc
 .text.lv_obj_init_draw_label_dsc
                0x10002674       0xbc CMakeFiles/rp2040_hid_mouse.dir/lvgl-release-v8.3/src/core/lv_obj_draw.c.obj
                0x10002674                lv_obj_init_draw_label_dsc
 .text.lv_obj_init_draw_img_dsc
                0x10002730       0xb0 CMakeFiles/rp2040_hid_mouse.dir/lvgl-release-v8.3/src/core/lv_obj_draw.c.obj
                0x10002730                lv_obj_init_draw_img_dsc
 .text.lv_obj_init_draw_line_dsc
                0x100027e0       0xc4 CMakeFiles/rp2040_hid_mouse.dir/lvgl-release-v8.3/src/core/lv_obj_draw.c.obj
                0x100027e0                lv_obj_init_draw_line_dsc
 .text.lv_obj_init_draw_arc_dsc
                0x100028a4       0xa8 CMakeFiles/rp2040_hid_mouse.dir/lvgl-release-v8.3/src/core/lv_obj_draw.c.obj
                0x100028a4                lv_obj_init_draw_arc_dsc
 .text.lv_obj_calculate_ext_draw_size
                0x1000294c       0xec CMakeFiles/rp2040_hid_mouse.dir/lvgl-release-v8.3/src/core/lv_obj_draw.c.obj
                0x1000294c                lv_obj_calculate_ext_draw_size
 .text.lv_obj_draw_dsc_init
                0x10002a38       0x10 CMakeFiles/rp2040_hid_mouse.dir/lvgl-release-v8.3/src/core/lv_obj_draw.c.obj
                0x10002a38                lv_obj_draw_dsc_init
 .text.lv_obj_refresh_ext_draw_size
                0x10002a48       0x6c CMakeFiles/rp2040_hid_mouse.dir/lvgl-release-v8.3/src/core/lv_obj_draw.c.obj
                0x10002a48                lv_obj_refresh_ext_draw_size
 .text._lv_obj_get_ext_draw_size
                0x10002ab4       0x10 CMakeFiles/rp2040_hid_mouse.dir/lvgl-release-v8.3/src/core/lv_obj_draw.c.obj
                0x10002ab4                _lv_obj_get_ext_draw_size
 .text._lv_obj_get_layer_type
                0x10002ac4       0x10 CMakeFiles/rp2040_hid_mouse.dir/lvgl-release-v8.3/src/core/lv_obj_draw.c.obj
                0x10002ac4                _lv_obj_get_layer_type
 .text.transform_point
                0x10002ad4      0x12c CMakeFiles/rp2040_hid_mouse.dir/lvgl-release-v8.3/src/core/lv_obj_pos.c.obj
 .text.lv_obj_set_pos
                0x10002c00       0x68 CMakeFiles/rp2040_hid_mouse.dir/lvgl-release-v8.3/src/core/lv_obj_pos.c.obj
                0x10002c00                lv_obj_set_pos
 .text.lv_obj_set_x
                0x10002c68       0x30 CMakeFiles/rp2040_hid_mouse.dir/lvgl-release-v8.3/src/core/lv_obj_pos.c.obj
                0x10002c68                lv_obj_set_x
 .text.lv_obj_set_y
                0x10002c98       0x30 CMakeFiles/rp2040_hid_mouse.dir/lvgl-release-v8.3/src/core/lv_obj_pos.c.obj
                0x10002c98                lv_obj_set_y
 .text.lv_obj_set_size
                0x10002cc8       0x68 CMakeFiles/rp2040_hid_mouse.dir/lvgl-release-v8.3/src/core/lv_obj_pos.c.obj
                0x10002cc8                lv_obj_set_size
 .text.lv_obj_set_width
                0x10002d30       0x30 CMakeFiles/rp2040_hid_mouse.dir/lvgl-release-v8.3/src/core/lv_obj_pos.c.obj
                0x10002d30                lv_obj_set_width
 .text.lv_obj_set_height
                0x10002d60       0x30 CMakeFiles/rp2040_hid_mouse.dir/lvgl-release-v8.3/src/core/lv_obj_pos.c.obj
                0x10002d60                lv_obj_set_height
 .text.lv_obj_set_layout
                0x10002d90       0x34 CMakeFiles/rp2040_hid_mouse.dir/lvgl-release-v8.3/src/core/lv_obj_pos.c.obj
                0x10002d90                lv_obj_set_layout
 .text.lv_obj_is_layout_positioned
                0x10002dc4       0x34 CMakeFiles/rp2040_hid_mouse.dir/lvgl-release-v8.3/src/core/lv_obj_pos.c.obj
                0x10002dc4                lv_obj_is_layout_positioned
 .text.lv_obj_mark_layout_as_dirty
                0x10002df8       0x28 CMakeFiles/rp2040_hid_mouse.dir/lvgl-release-v8.3/src/core/lv_obj_pos.c.obj
                0x10002df8                lv_obj_mark_layout_as_dirty
 .text.lv_layout_register
                0x10002e20       0x3c CMakeFiles/rp2040_hid_mouse.dir/lvgl-release-v8.3/src/core/lv_obj_pos.c.obj
                0x10002e20                lv_layout_register
 .text.lv_obj_align
                0x10002e5c       0x70 CMakeFiles/rp2040_hid_mouse.dir/lvgl-release-v8.3/src/core/lv_obj_pos.c.obj
                0x10002e5c                lv_obj_align
 .text.lv_obj_get_coords
                0x10002ecc       0x1c CMakeFiles/rp2040_hid_mouse.dir/lvgl-release-v8.3/src/core/lv_obj_pos.c.obj
                0x10002ecc                lv_obj_get_coords
 .text.lv_obj_get_x
                0x10002ee8       0x4c CMakeFiles/rp2040_hid_mouse.dir/lvgl-release-v8.3/src/core/lv_obj_pos.c.obj
                0x10002ee8                lv_obj_get_x
 .text.lv_obj_get_y
                0x10002f34       0x4c CMakeFiles/rp2040_hid_mouse.dir/lvgl-release-v8.3/src/core/lv_obj_pos.c.obj
                0x10002f34                lv_obj_get_y
 .text.lv_obj_get_y2
                0x10002f80       0x5c CMakeFiles/rp2040_hid_mouse.dir/lvgl-release-v8.3/src/core/lv_obj_pos.c.obj
                0x10002f80                lv_obj_get_y2
 .text.lv_obj_get_width
                0x10002fdc        0xc CMakeFiles/rp2040_hid_mouse.dir/lvgl-release-v8.3/src/core/lv_obj_pos.c.obj
                0x10002fdc                lv_obj_get_width
 .text.lv_obj_get_height
                0x10002fe8        0xc CMakeFiles/rp2040_hid_mouse.dir/lvgl-release-v8.3/src/core/lv_obj_pos.c.obj
                0x10002fe8                lv_obj_get_height
 .text.lv_obj_get_content_width
                0x10002ff4       0x3c CMakeFiles/rp2040_hid_mouse.dir/lvgl-release-v8.3/src/core/lv_obj_pos.c.obj
                0x10002ff4                lv_obj_get_content_width
 .text.lv_obj_get_content_height
                0x10003030       0x3c CMakeFiles/rp2040_hid_mouse.dir/lvgl-release-v8.3/src/core/lv_obj_pos.c.obj
                0x10003030                lv_obj_get_content_height
 .text.lv_obj_get_content_coords
                0x1000306c       0x74 CMakeFiles/rp2040_hid_mouse.dir/lvgl-release-v8.3/src/core/lv_obj_pos.c.obj
                0x1000306c                lv_obj_get_content_coords
 .text.lv_obj_get_self_width
                0x100030e0       0x20 CMakeFiles/rp2040_hid_mouse.dir/lvgl-release-v8.3/src/core/lv_obj_pos.c.obj
                0x100030e0                lv_obj_get_self_width
 .text.lv_obj_get_self_height
                0x10003100       0x20 CMakeFiles/rp2040_hid_mouse.dir/lvgl-release-v8.3/src/core/lv_obj_pos.c.obj
                0x10003100                lv_obj_get_self_height
 .text.lv_obj_refresh_self_size
                0x10003120       0x58 CMakeFiles/rp2040_hid_mouse.dir/lvgl-release-v8.3/src/core/lv_obj_pos.c.obj
                0x10003120                lv_obj_refresh_self_size
 .text.lv_obj_move_children_by
                0x10003178      0x2ec CMakeFiles/rp2040_hid_mouse.dir/lvgl-release-v8.3/src/core/lv_obj_pos.c.obj
                0x10003178                lv_obj_move_children_by
 .text.lv_obj_transform_point
                0x10003464       0x94 CMakeFiles/rp2040_hid_mouse.dir/lvgl-release-v8.3/src/core/lv_obj_pos.c.obj
                0x10003464                lv_obj_transform_point
 .text.lv_obj_get_transformed_area
                0x100034f8      0x370 CMakeFiles/rp2040_hid_mouse.dir/lvgl-release-v8.3/src/core/lv_obj_pos.c.obj
                0x100034f8                lv_obj_get_transformed_area
 .text.lv_obj_area_is_visible
                0x10003868      0x100 CMakeFiles/rp2040_hid_mouse.dir/lvgl-release-v8.3/src/core/lv_obj_pos.c.obj
                0x10003868                lv_obj_area_is_visible
 .text.lv_obj_invalidate_area
                0x10003968       0x48 CMakeFiles/rp2040_hid_mouse.dir/lvgl-release-v8.3/src/core/lv_obj_pos.c.obj
                0x10003968                lv_obj_invalidate_area
 .text.lv_obj_invalidate
                0x100039b0       0x78 CMakeFiles/rp2040_hid_mouse.dir/lvgl-release-v8.3/src/core/lv_obj_pos.c.obj
                0x100039b0                lv_obj_invalidate
 .text.lv_obj_move_to
                0x10003a28      0x1b0 CMakeFiles/rp2040_hid_mouse.dir/lvgl-release-v8.3/src/core/lv_obj_pos.c.obj
                0x10003a28                lv_obj_move_to
 .text.lv_obj_refr_pos
                0x10003bd8      0x338 CMakeFiles/rp2040_hid_mouse.dir/lvgl-release-v8.3/src/core/lv_obj_pos.c.obj
                0x10003bd8                lv_obj_refr_pos
 .text.lv_obj_refr_size
                0x10003f10      0x848 CMakeFiles/rp2040_hid_mouse.dir/lvgl-release-v8.3/src/core/lv_obj_pos.c.obj
                0x10003f10                lv_obj_refr_size
 .text.layout_update_core
                0x10004758       0xb8 CMakeFiles/rp2040_hid_mouse.dir/lvgl-release-v8.3/src/core/lv_obj_pos.c.obj
 .text.lv_obj_align_to
                0x10004810      0x5b4 CMakeFiles/rp2040_hid_mouse.dir/lvgl-release-v8.3/src/core/lv_obj_pos.c.obj
                0x10004810                lv_obj_align_to
 .text.lv_obj_update_layout
                0x10004dc4      0x104 CMakeFiles/rp2040_hid_mouse.dir/lvgl-release-v8.3/src/core/lv_obj_pos.c.obj
                0x10004dc4                lv_obj_update_layout
 .text.lv_obj_is_visible
                0x10004ec8       0x3c CMakeFiles/rp2040_hid_mouse.dir/lvgl-release-v8.3/src/core/lv_obj_pos.c.obj
                0x10004ec8                lv_obj_is_visible
 .text.lv_obj_set_ext_click_area
                0x10004f04       0x10 CMakeFiles/rp2040_hid_mouse.dir/lvgl-release-v8.3/src/core/lv_obj_pos.c.obj
                0x10004f04                lv_obj_set_ext_click_area
 .text.lv_obj_get_click_area
                0x10004f14       0x34 CMakeFiles/rp2040_hid_mouse.dir/lvgl-release-v8.3/src/core/lv_obj_pos.c.obj
                0x10004f14                lv_obj_get_click_area
 .text.scroll_anim_ready_cb
                0x10004f48       0x10 CMakeFiles/rp2040_hid_mouse.dir/lvgl-release-v8.3/src/core/lv_obj_scroll.c.obj
 .text.lv_obj_get_scroll_left.part.0
                0x10004f58       0xe4 CMakeFiles/rp2040_hid_mouse.dir/lvgl-release-v8.3/src/core/lv_obj_scroll.c.obj
 .text.lv_obj_get_scroll_right.part.0
                0x1000503c       0xe8 CMakeFiles/rp2040_hid_mouse.dir/lvgl-release-v8.3/src/core/lv_obj_scroll.c.obj
 .text.scroll_x_anim
                0x10005124       0x50 CMakeFiles/rp2040_hid_mouse.dir/lvgl-release-v8.3/src/core/lv_obj_scroll.c.obj
 .text.scroll_y_anim
                0x10005174       0x50 CMakeFiles/rp2040_hid_mouse.dir/lvgl-release-v8.3/src/core/lv_obj_scroll.c.obj
 .text.lv_obj_set_scrollbar_mode
                0x100051c4       0x28 CMakeFiles/rp2040_hid_mouse.dir/lvgl-release-v8.3/src/core/lv_obj_scroll.c.obj
                0x100051c4                lv_obj_set_scrollbar_mode
 .text.lv_obj_set_scroll_dir
                0x100051ec       0x24 CMakeFiles/rp2040_hid_mouse.dir/lvgl-release-v8.3/src/core/lv_obj_scroll.c.obj
                0x100051ec                lv_obj_set_scroll_dir
 .text.lv_obj_set_scroll_snap_x
                0x10005210       0x20 CMakeFiles/rp2040_hid_mouse.dir/lvgl-release-v8.3/src/core/lv_obj_scroll.c.obj
                0x10005210                lv_obj_set_scroll_snap_x
 .text.lv_obj_set_scroll_snap_y
                0x10005230       0x20 CMakeFiles/rp2040_hid_mouse.dir/lvgl-release-v8.3/src/core/lv_obj_scroll.c.obj
                0x10005230                lv_obj_set_scroll_snap_y
 .text.lv_obj_get_scrollbar_mode
                0x10005250       0x14 CMakeFiles/rp2040_hid_mouse.dir/lvgl-release-v8.3/src/core/lv_obj_scroll.c.obj
                0x10005250                lv_obj_get_scrollbar_mode
 .text.lv_obj_get_scroll_dir
                0x10005264       0x14 CMakeFiles/rp2040_hid_mouse.dir/lvgl-release-v8.3/src/core/lv_obj_scroll.c.obj
                0x10005264                lv_obj_get_scroll_dir
 .text.lv_obj_get_scroll_x
                0x10005278       0x14 CMakeFiles/rp2040_hid_mouse.dir/lvgl-release-v8.3/src/core/lv_obj_scroll.c.obj
                0x10005278                lv_obj_get_scroll_x
 .text.lv_obj_get_scroll_y
                0x1000528c       0x14 CMakeFiles/rp2040_hid_mouse.dir/lvgl-release-v8.3/src/core/lv_obj_scroll.c.obj
                0x1000528c                lv_obj_get_scroll_y
 .text.lv_obj_get_scroll_top
                0x100052a0       0x14 CMakeFiles/rp2040_hid_mouse.dir/lvgl-release-v8.3/src/core/lv_obj_scroll.c.obj
                0x100052a0                lv_obj_get_scroll_top
 .text.lv_obj_get_scroll_bottom
                0x100052b4       0xe8 CMakeFiles/rp2040_hid_mouse.dir/lvgl-release-v8.3/src/core/lv_obj_scroll.c.obj
                0x100052b4                lv_obj_get_scroll_bottom
 .text.lv_obj_get_scrollbar_area.part.0
                0x1000539c      0x8a8 CMakeFiles/rp2040_hid_mouse.dir/lvgl-release-v8.3/src/core/lv_obj_scroll.c.obj
 .text.lv_obj_get_scroll_left
                0x10005c44       0x2c CMakeFiles/rp2040_hid_mouse.dir/lvgl-release-v8.3/src/core/lv_obj_scroll.c.obj
                0x10005c44                lv_obj_get_scroll_left
 .text.lv_obj_get_scroll_right
                0x10005c70       0x2c CMakeFiles/rp2040_hid_mouse.dir/lvgl-release-v8.3/src/core/lv_obj_scroll.c.obj
                0x10005c70                lv_obj_get_scroll_right
 .text.lv_obj_get_scroll_end
                0x10005c9c       0x68 CMakeFiles/rp2040_hid_mouse.dir/lvgl-release-v8.3/src/core/lv_obj_scroll.c.obj
                0x10005c9c                lv_obj_get_scroll_end
 .text.lv_obj_scroll_by
                0x10005d04      0x170 CMakeFiles/rp2040_hid_mouse.dir/lvgl-release-v8.3/src/core/lv_obj_scroll.c.obj
                0x10005d04                lv_obj_scroll_by
 .text.lv_obj_scroll_by_bounded.part.0
                0x10005e74      0x248 CMakeFiles/rp2040_hid_mouse.dir/lvgl-release-v8.3/src/core/lv_obj_scroll.c.obj
 .text.scroll_area_into_view
                0x100060bc      0x3b4 CMakeFiles/rp2040_hid_mouse.dir/lvgl-release-v8.3/src/core/lv_obj_scroll.c.obj
 .text.lv_obj_scroll_by_bounded
                0x10006470      0x240 CMakeFiles/rp2040_hid_mouse.dir/lvgl-release-v8.3/src/core/lv_obj_scroll.c.obj
                0x10006470                lv_obj_scroll_by_bounded
 .text.lv_obj_scroll_to
                0x100066b0       0x68 CMakeFiles/rp2040_hid_mouse.dir/lvgl-release-v8.3/src/core/lv_obj_scroll.c.obj
                0x100066b0                lv_obj_scroll_to
 .text.lv_obj_scroll_to_x
                0x10006718       0x38 CMakeFiles/rp2040_hid_mouse.dir/lvgl-release-v8.3/src/core/lv_obj_scroll.c.obj
                0x10006718                lv_obj_scroll_to_x
 .text.lv_obj_scroll_to_y
                0x10006750       0x38 CMakeFiles/rp2040_hid_mouse.dir/lvgl-release-v8.3/src/core/lv_obj_scroll.c.obj
                0x10006750                lv_obj_scroll_to_y
 .text.lv_obj_scroll_to_view_recursive
                0x10006788       0x3c CMakeFiles/rp2040_hid_mouse.dir/lvgl-release-v8.3/src/core/lv_obj_scroll.c.obj
                0x10006788                lv_obj_scroll_to_view_recursive
 .text.lv_obj_get_scrollbar_area
                0x100067c4       0x44 CMakeFiles/rp2040_hid_mouse.dir/lvgl-release-v8.3/src/core/lv_obj_scroll.c.obj
                0x100067c4                lv_obj_get_scrollbar_area
 .text.lv_obj_scrollbar_invalidate
                0x10006808       0x84 CMakeFiles/rp2040_hid_mouse.dir/lvgl-release-v8.3/src/core/lv_obj_scroll.c.obj
                0x10006808                lv_obj_scrollbar_invalidate
 .text.lv_obj_readjust_scroll
                0x1000688c      0x114 CMakeFiles/rp2040_hid_mouse.dir/lvgl-release-v8.3/src/core/lv_obj_scroll.c.obj
                0x1000688c                lv_obj_readjust_scroll
 .text.get_local_style
                0x100069a0       0xf0 CMakeFiles/rp2040_hid_mouse.dir/lvgl-release-v8.3/src/core/lv_obj_style.c.obj
 .text.get_trans_style
                0x10006a90       0xb8 CMakeFiles/rp2040_hid_mouse.dir/lvgl-release-v8.3/src/core/lv_obj_style.c.obj
 .text.trans_del.isra.0
                0x10006b48      0x15c CMakeFiles/rp2040_hid_mouse.dir/lvgl-release-v8.3/src/core/lv_obj_style.c.obj
 .text.refresh_children_style
                0x10006ca4      0x290 CMakeFiles/rp2040_hid_mouse.dir/lvgl-release-v8.3/src/core/lv_obj_style.c.obj
 .text._lv_obj_style_init
                0x10006f34       0x10 CMakeFiles/rp2040_hid_mouse.dir/lvgl-release-v8.3/src/core/lv_obj_style.c.obj
                0x10006f34                _lv_obj_style_init
 .text.lv_obj_enable_style_refresh
                0x10006f44        0xc CMakeFiles/rp2040_hid_mouse.dir/lvgl-release-v8.3/src/core/lv_obj_style.c.obj
                0x10006f44                lv_obj_enable_style_refresh
 .text.lv_obj_get_style_prop
                0x10006f50      0x1a4 CMakeFiles/rp2040_hid_mouse.dir/lvgl-release-v8.3/src/core/lv_obj_style.c.obj
                0x10006f50                lv_obj_get_style_prop
 .text.lv_obj_refresh_style.part.0
                0x100070f4      0x22c CMakeFiles/rp2040_hid_mouse.dir/lvgl-release-v8.3/src/core/lv_obj_style.c.obj
 .text.lv_obj_refresh_style
                0x10007320       0x14 CMakeFiles/rp2040_hid_mouse.dir/lvgl-release-v8.3/src/core/lv_obj_style.c.obj
                0x10007320                lv_obj_refresh_style
 .text.lv_obj_add_style
                0x10007334       0xec CMakeFiles/rp2040_hid_mouse.dir/lvgl-release-v8.3/src/core/lv_obj_style.c.obj
                0x10007334                lv_obj_add_style
 .text.trans_anim_cb
                0x10007420      0x158 CMakeFiles/rp2040_hid_mouse.dir/lvgl-release-v8.3/src/core/lv_obj_style.c.obj
 .text.lv_obj_remove_style
                0x10007578      0x158 CMakeFiles/rp2040_hid_mouse.dir/lvgl-release-v8.3/src/core/lv_obj_style.c.obj
                0x10007578                lv_obj_remove_style
 .text.trans_anim_ready_cb
                0x100076d0       0xc4 CMakeFiles/rp2040_hid_mouse.dir/lvgl-release-v8.3/src/core/lv_obj_style.c.obj
 .text.report_style_change_core
                0x10007794      0x450 CMakeFiles/rp2040_hid_mouse.dir/lvgl-release-v8.3/src/core/lv_obj_style.c.obj
 .text.lv_obj_report_style_change
                0x10007be4       0xb4 CMakeFiles/rp2040_hid_mouse.dir/lvgl-release-v8.3/src/core/lv_obj_style.c.obj
                0x10007be4                lv_obj_report_style_change
 .text.trans_anim_start_cb
                0x10007c98       0x40 CMakeFiles/rp2040_hid_mouse.dir/lvgl-release-v8.3/src/core/lv_obj_style.c.obj
 .text.lv_obj_set_local_style_prop
                0x10007cd8       0x30 CMakeFiles/rp2040_hid_mouse.dir/lvgl-release-v8.3/src/core/lv_obj_style.c.obj
                0x10007cd8                lv_obj_set_local_style_prop
 .text.lv_obj_get_local_style_prop
                0x10007d08       0x34 CMakeFiles/rp2040_hid_mouse.dir/lvgl-release-v8.3/src/core/lv_obj_style.c.obj
                0x10007d08                lv_obj_get_local_style_prop
 .text.lv_obj_remove_local_style_prop
                0x10007d3c       0x6c CMakeFiles/rp2040_hid_mouse.dir/lvgl-release-v8.3/src/core/lv_obj_style.c.obj
                0x10007d3c                lv_obj_remove_local_style_prop
 .text._lv_obj_style_create_transition
                0x10007da8      0x180 CMakeFiles/rp2040_hid_mouse.dir/lvgl-release-v8.3/src/core/lv_obj_style.c.obj
                0x10007da8                _lv_obj_style_create_transition
 .text._lv_obj_style_apply_color_filter
                0x10007f28       0x40 CMakeFiles/rp2040_hid_mouse.dir/lvgl-release-v8.3/src/core/lv_obj_style.c.obj
                0x10007f28                _lv_obj_style_apply_color_filter
 .text._lv_obj_style_state_compare
                0x10007f68      0x274 CMakeFiles/rp2040_hid_mouse.dir/lvgl-release-v8.3/src/core/lv_obj_style.c.obj
                0x10007f68                _lv_obj_style_state_compare
 .text.lv_obj_style_get_selector_state
                0x100081dc        0x4 CMakeFiles/rp2040_hid_mouse.dir/lvgl-release-v8.3/src/core/lv_obj_style.c.obj
                0x100081dc                lv_obj_style_get_selector_state
 .text.lv_obj_style_get_selector_part
                0x100081e0        0x8 CMakeFiles/rp2040_hid_mouse.dir/lvgl-release-v8.3/src/core/lv_obj_style.c.obj
                0x100081e0                lv_obj_style_get_selector_part
 .text.lv_obj_calculate_style_text_align
                0x100081e8       0x24 CMakeFiles/rp2040_hid_mouse.dir/lvgl-release-v8.3/src/core/lv_obj_style.c.obj
                0x100081e8                lv_obj_calculate_style_text_align
 .text.lv_obj_get_style_opa_recursive
                0x1000820c       0x8c CMakeFiles/rp2040_hid_mouse.dir/lvgl-release-v8.3/src/core/lv_obj_style.c.obj
                0x1000820c                lv_obj_get_style_opa_recursive
 .text.lv_obj_set_style_width
                0x10008298       0x10 CMakeFiles/rp2040_hid_mouse.dir/lvgl-release-v8.3/src/core/lv_obj_style_gen.c.obj
                0x10008298                lv_obj_set_style_width
 .text.lv_obj_set_style_min_width
                0x100082a8       0x10 CMakeFiles/rp2040_hid_mouse.dir/lvgl-release-v8.3/src/core/lv_obj_style_gen.c.obj
                0x100082a8                lv_obj_set_style_min_width
 .text.lv_obj_set_style_height
                0x100082b8       0x10 CMakeFiles/rp2040_hid_mouse.dir/lvgl-release-v8.3/src/core/lv_obj_style_gen.c.obj
                0x100082b8                lv_obj_set_style_height
 .text.lv_obj_set_style_x
                0x100082c8       0x10 CMakeFiles/rp2040_hid_mouse.dir/lvgl-release-v8.3/src/core/lv_obj_style_gen.c.obj
                0x100082c8                lv_obj_set_style_x
 .text.lv_obj_set_style_y
                0x100082d8       0x10 CMakeFiles/rp2040_hid_mouse.dir/lvgl-release-v8.3/src/core/lv_obj_style_gen.c.obj
                0x100082d8                lv_obj_set_style_y
 .text.lv_obj_set_style_align
                0x100082e8       0x10 CMakeFiles/rp2040_hid_mouse.dir/lvgl-release-v8.3/src/core/lv_obj_style_gen.c.obj
                0x100082e8                lv_obj_set_style_align
 .text.lv_obj_set_style_bg_img_src
                0x100082f8       0x10 CMakeFiles/rp2040_hid_mouse.dir/lvgl-release-v8.3/src/core/lv_obj_style_gen.c.obj
                0x100082f8                lv_obj_set_style_bg_img_src
 .text.lv_obj_set_style_text_align
                0x10008308       0x10 CMakeFiles/rp2040_hid_mouse.dir/lvgl-release-v8.3/src/core/lv_obj_style_gen.c.obj
                0x10008308                lv_obj_set_style_text_align
 .text.lv_obj_set_style_layout
                0x10008318       0x10 CMakeFiles/rp2040_hid_mouse.dir/lvgl-release-v8.3/src/core/lv_obj_style_gen.c.obj
                0x10008318                lv_obj_set_style_layout
 .text.lv_obj_set_style_base_dir
                0x10008328       0x10 CMakeFiles/rp2040_hid_mouse.dir/lvgl-release-v8.3/src/core/lv_obj_style_gen.c.obj
                0x10008328                lv_obj_set_style_base_dir
 .text.obj_del_core.part.0
                0x10008338      0x1b8 CMakeFiles/rp2040_hid_mouse.dir/lvgl-release-v8.3/src/core/lv_obj_tree.c.obj
 .text.lv_obj_del
                0x100084f0       0xb0 CMakeFiles/rp2040_hid_mouse.dir/lvgl-release-v8.3/src/core/lv_obj_tree.c.obj
                0x100084f0                lv_obj_del
 .text.lv_obj_set_parent
                0x100085a0      0x118 CMakeFiles/rp2040_hid_mouse.dir/lvgl-release-v8.3/src/core/lv_obj_tree.c.obj
                0x100085a0                lv_obj_set_parent
 .text.lv_obj_move_to_index
                0x100086b8       0xf8 CMakeFiles/rp2040_hid_mouse.dir/lvgl-release-v8.3/src/core/lv_obj_tree.c.obj
                0x100086b8                lv_obj_move_to_index
 .text.lv_obj_get_screen
                0x100087b0       0x14 CMakeFiles/rp2040_hid_mouse.dir/lvgl-release-v8.3/src/core/lv_obj_tree.c.obj
                0x100087b0                lv_obj_get_screen
 .text.lv_obj_get_disp
                0x100087c4       0x50 CMakeFiles/rp2040_hid_mouse.dir/lvgl-release-v8.3/src/core/lv_obj_tree.c.obj
                0x100087c4                lv_obj_get_disp
 .text.lv_obj_get_parent
                0x10008814        0xc CMakeFiles/rp2040_hid_mouse.dir/lvgl-release-v8.3/src/core/lv_obj_tree.c.obj
                0x10008814                lv_obj_get_parent
 .text.lv_obj_get_child
                0x10008820       0x20 CMakeFiles/rp2040_hid_mouse.dir/lvgl-release-v8.3/src/core/lv_obj_tree.c.obj
                0x10008820                lv_obj_get_child
 .text.lv_obj_get_child_cnt
                0x10008840       0x10 CMakeFiles/rp2040_hid_mouse.dir/lvgl-release-v8.3/src/core/lv_obj_tree.c.obj
                0x10008840                lv_obj_get_child_cnt
 .text.lv_obj_get_index
                0x10008850       0x54 CMakeFiles/rp2040_hid_mouse.dir/lvgl-release-v8.3/src/core/lv_obj_tree.c.obj
                0x10008850                lv_obj_get_index
 .text.lv_refr_get_top_obj
                0x100088a4       0x74 CMakeFiles/rp2040_hid_mouse.dir/lvgl-release-v8.3/src/core/lv_refr.c.obj
 .text._lv_refr_init
                0x10008918        0x4 CMakeFiles/rp2040_hid_mouse.dir/lvgl-release-v8.3/src/core/lv_refr.c.obj
                0x10008918                _lv_refr_init
 .text.lv_obj_redraw
                0x1000891c      0x11c CMakeFiles/rp2040_hid_mouse.dir/lvgl-release-v8.3/src/core/lv_refr.c.obj
                0x1000891c                lv_obj_redraw
 .text.refr_obj.part.0
                0x10008a38      0x3c8 CMakeFiles/rp2040_hid_mouse.dir/lvgl-release-v8.3/src/core/lv_refr.c.obj
 .text.refr_obj_and_children
                0x10008e00       0xc8 CMakeFiles/rp2040_hid_mouse.dir/lvgl-release-v8.3/src/core/lv_refr.c.obj
 .text.refr_area_part
                0x10008ec8      0x7b8 CMakeFiles/rp2040_hid_mouse.dir/lvgl-release-v8.3/src/core/lv_refr.c.obj
 .text._lv_inv_area
                0x10009680       0xf0 CMakeFiles/rp2040_hid_mouse.dir/lvgl-release-v8.3/src/core/lv_refr.c.obj
                0x10009680                _lv_inv_area
 .text._lv_refr_get_disp_refreshing
                0x10009770        0xc CMakeFiles/rp2040_hid_mouse.dir/lvgl-release-v8.3/src/core/lv_refr.c.obj
                0x10009770                _lv_refr_get_disp_refreshing
 .text._lv_disp_refr_timer
                0x1000977c      0x6ac CMakeFiles/rp2040_hid_mouse.dir/lvgl-release-v8.3/src/core/lv_refr.c.obj
                0x1000977c                _lv_disp_refr_timer
 .text.apply_theme
                0x10009e28       0x60 CMakeFiles/rp2040_hid_mouse.dir/lvgl-release-v8.3/src/core/lv_theme.c.obj
 .text.lv_theme_apply
                0x10009e88       0x84 CMakeFiles/rp2040_hid_mouse.dir/lvgl-release-v8.3/src/core/lv_theme.c.obj
                0x10009e88                lv_theme_apply
 .text.lv_theme_get_color_primary
                0x10009f0c       0x2c CMakeFiles/rp2040_hid_mouse.dir/lvgl-release-v8.3/src/core/lv_theme.c.obj
                0x10009f0c                lv_theme_get_color_primary
 .text.lv_draw_init
                0x10009f38        0x4 CMakeFiles/rp2040_hid_mouse.dir/lvgl-release-v8.3/src/draw/lv_draw.c.obj
                0x10009f38                lv_draw_init
 .text.lv_draw_wait_for_finish
                0x10009f3c        0xc CMakeFiles/rp2040_hid_mouse.dir/lvgl-release-v8.3/src/draw/lv_draw.c.obj
                0x10009f3c                lv_draw_wait_for_finish
 .text.lv_draw_arc_dsc_init
                0x10009f48       0x18 CMakeFiles/rp2040_hid_mouse.dir/lvgl-release-v8.3/src/draw/lv_draw_arc.c.obj
                0x10009f48                lv_draw_arc_dsc_init
 .text.lv_draw_arc
                0x10009f60       0x2c CMakeFiles/rp2040_hid_mouse.dir/lvgl-release-v8.3/src/draw/lv_draw_arc.c.obj
                0x10009f60                lv_draw_arc
 .text.lv_draw_arc_get_area
                0x10009f8c      0x470 CMakeFiles/rp2040_hid_mouse.dir/lvgl-release-v8.3/src/draw/lv_draw_arc.c.obj
                0x10009f8c                lv_draw_arc_get_area
 .text.lv_draw_img_dsc_init
                0x1000a3fc       0x20 CMakeFiles/rp2040_hid_mouse.dir/lvgl-release-v8.3/src/draw/lv_draw_img.c.obj
                0x1000a3fc                lv_draw_img_dsc_init
 .text.lv_draw_img
                0x1000a41c      0x30c CMakeFiles/rp2040_hid_mouse.dir/lvgl-release-v8.3/src/draw/lv_draw_img.c.obj
                0x1000a41c                lv_draw_img
 .text.lv_img_cf_get_px_size
                0x1000a728       0x14 CMakeFiles/rp2040_hid_mouse.dir/lvgl-release-v8.3/src/draw/lv_draw_img.c.obj
                0x1000a728                lv_img_cf_get_px_size
 .text.lv_img_src_get_type
                0x1000a73c       0x1c CMakeFiles/rp2040_hid_mouse.dir/lvgl-release-v8.3/src/draw/lv_draw_img.c.obj
                0x1000a73c                lv_img_src_get_type
 .text.lv_draw_label_dsc_init
                0x1000a758       0x34 CMakeFiles/rp2040_hid_mouse.dir/lvgl-release-v8.3/src/draw/lv_draw_label.c.obj
                0x1000a758                lv_draw_label_dsc_init
 .text.lv_draw_label
                0x1000a78c      0xa6c CMakeFiles/rp2040_hid_mouse.dir/lvgl-release-v8.3/src/draw/lv_draw_label.c.obj
                0x1000a78c                lv_draw_label
 .text.lv_draw_layer_create
                0x1000b1f8       0x64 CMakeFiles/rp2040_hid_mouse.dir/lvgl-release-v8.3/src/draw/lv_draw_layer.c.obj
                0x1000b1f8                lv_draw_layer_create
 .text.lv_draw_layer_adjust
                0x1000b25c        0xc CMakeFiles/rp2040_hid_mouse.dir/lvgl-release-v8.3/src/draw/lv_draw_layer.c.obj
                0x1000b25c                lv_draw_layer_adjust
 .text.lv_draw_layer_blend
                0x1000b268        0xc CMakeFiles/rp2040_hid_mouse.dir/lvgl-release-v8.3/src/draw/lv_draw_layer.c.obj
                0x1000b268                lv_draw_layer_blend
 .text.lv_draw_layer_destroy
                0x1000b274       0x44 CMakeFiles/rp2040_hid_mouse.dir/lvgl-release-v8.3/src/draw/lv_draw_layer.c.obj
                0x1000b274                lv_draw_layer_destroy
 .text.lv_draw_line_dsc_init
                0x1000b2b8       0x18 CMakeFiles/rp2040_hid_mouse.dir/lvgl-release-v8.3/src/draw/lv_draw_line.c.obj
                0x1000b2b8                lv_draw_line_dsc_init
 .text.lv_draw_line
                0x1000b2d0       0x18 CMakeFiles/rp2040_hid_mouse.dir/lvgl-release-v8.3/src/draw/lv_draw_line.c.obj
                0x1000b2d0                lv_draw_line
 .text.lv_draw_mask_radius
                0x1000b2e8      0x348 CMakeFiles/rp2040_hid_mouse.dir/lvgl-release-v8.3/src/draw/lv_draw_mask.c.obj
 .text.lv_draw_mask_line
                0x1000b630      0x564 CMakeFiles/rp2040_hid_mouse.dir/lvgl-release-v8.3/src/draw/lv_draw_mask.c.obj
 .text.lv_draw_mask_angle
                0x1000bb94      0x410 CMakeFiles/rp2040_hid_mouse.dir/lvgl-release-v8.3/src/draw/lv_draw_mask.c.obj
 .text.lv_draw_mask_add
                0x1000bfa4       0xd8 CMakeFiles/rp2040_hid_mouse.dir/lvgl-release-v8.3/src/draw/lv_draw_mask.c.obj
                0x1000bfa4                lv_draw_mask_add
 .text.lv_draw_mask_apply
                0x1000c07c       0x60 CMakeFiles/rp2040_hid_mouse.dir/lvgl-release-v8.3/src/draw/lv_draw_mask.c.obj
                0x1000c07c                lv_draw_mask_apply
 .text.lv_draw_mask_remove_id
                0x1000c0dc       0x1c CMakeFiles/rp2040_hid_mouse.dir/lvgl-release-v8.3/src/draw/lv_draw_mask.c.obj
                0x1000c0dc                lv_draw_mask_remove_id
 .text.lv_draw_mask_remove_custom
                0x1000c0f8      0x148 CMakeFiles/rp2040_hid_mouse.dir/lvgl-release-v8.3/src/draw/lv_draw_mask.c.obj
                0x1000c0f8                lv_draw_mask_remove_custom
 .text.lv_draw_mask_free_param
                0x1000c240       0x3c CMakeFiles/rp2040_hid_mouse.dir/lvgl-release-v8.3/src/draw/lv_draw_mask.c.obj
                0x1000c240                lv_draw_mask_free_param
 .text._lv_draw_mask_cleanup
                0x1000c27c       0x28 CMakeFiles/rp2040_hid_mouse.dir/lvgl-release-v8.3/src/draw/lv_draw_mask.c.obj
                0x1000c27c                _lv_draw_mask_cleanup
 .text.lv_draw_mask_is_any
                0x1000c2a4       0x58 CMakeFiles/rp2040_hid_mouse.dir/lvgl-release-v8.3/src/draw/lv_draw_mask.c.obj
                0x1000c2a4                lv_draw_mask_is_any
 .text.lv_draw_mask_line_points_init
                0x1000c2fc      0x17c CMakeFiles/rp2040_hid_mouse.dir/lvgl-release-v8.3/src/draw/lv_draw_mask.c.obj
                0x1000c2fc                lv_draw_mask_line_points_init
 .text.lv_draw_mask_angle_init
                0x1000c478      0x2b4 CMakeFiles/rp2040_hid_mouse.dir/lvgl-release-v8.3/src/draw/lv_draw_mask.c.obj
                0x1000c478                lv_draw_mask_angle_init
 .text.lv_draw_mask_radius_init
                0x1000c72c      0x624 CMakeFiles/rp2040_hid_mouse.dir/lvgl-release-v8.3/src/draw/lv_draw_mask.c.obj
                0x1000c72c                lv_draw_mask_radius_init
 .text.lv_draw_rect_dsc_init
                0x1000cd50       0x48 CMakeFiles/rp2040_hid_mouse.dir/lvgl-release-v8.3/src/draw/lv_draw_rect.c.obj
                0x1000cd50                lv_draw_rect_dsc_init
 .text.lv_draw_rect
                0x1000cd98       0x24 CMakeFiles/rp2040_hid_mouse.dir/lvgl-release-v8.3/src/draw/lv_draw_rect.c.obj
                0x1000cd98                lv_draw_rect
 .text.lv_draw_transform
                0x1000cdbc       0x3c CMakeFiles/rp2040_hid_mouse.dir/lvgl-release-v8.3/src/draw/lv_draw_transform.c.obj
                0x1000cdbc                lv_draw_transform
 .text._lv_img_buf_get_transformed_area
                0x1000cdf8      0x170 CMakeFiles/rp2040_hid_mouse.dir/lvgl-release-v8.3/src/draw/lv_img_buf.c.obj
                0x1000cdf8                _lv_img_buf_get_transformed_area
 .text._lv_img_cache_open
                0x1000cf68       0x60 CMakeFiles/rp2040_hid_mouse.dir/lvgl-release-v8.3/src/draw/lv_img_cache.c.obj
                0x1000cf68                _lv_img_cache_open
 .text.lv_img_cache_invalidate_src
                0x1000cfc8        0x4 CMakeFiles/rp2040_hid_mouse.dir/lvgl-release-v8.3/src/draw/lv_img_cache.c.obj
                0x1000cfc8                lv_img_cache_invalidate_src
 .text.lv_img_decoder_built_in_info
                0x1000cfcc       0xc8 CMakeFiles/rp2040_hid_mouse.dir/lvgl-release-v8.3/src/draw/lv_img_decoder.c.obj
                0x1000cfcc                lv_img_decoder_built_in_info
 .text.lv_img_decoder_built_in_close
                0x1000d094       0x38 CMakeFiles/rp2040_hid_mouse.dir/lvgl-release-v8.3/src/draw/lv_img_decoder.c.obj
                0x1000d094                lv_img_decoder_built_in_close
 .text.lv_img_decoder_built_in_read_line
                0x1000d0cc      0x37c CMakeFiles/rp2040_hid_mouse.dir/lvgl-release-v8.3/src/draw/lv_img_decoder.c.obj
                0x1000d0cc                lv_img_decoder_built_in_read_line
 .text.lv_img_decoder_built_in_open
                0x1000d448      0x288 CMakeFiles/rp2040_hid_mouse.dir/lvgl-release-v8.3/src/draw/lv_img_decoder.c.obj
                0x1000d448                lv_img_decoder_built_in_open
 .text._lv_img_decoder_init
                0x1000d6d0       0x44 CMakeFiles/rp2040_hid_mouse.dir/lvgl-release-v8.3/src/draw/lv_img_decoder.c.obj
                0x1000d6d0                _lv_img_decoder_init
 .text.lv_img_decoder_get_info
                0x1000d714       0x68 CMakeFiles/rp2040_hid_mouse.dir/lvgl-release-v8.3/src/draw/lv_img_decoder.c.obj
                0x1000d714                lv_img_decoder_get_info
 .text.lv_img_decoder_open
                0x1000d77c       0xe0 CMakeFiles/rp2040_hid_mouse.dir/lvgl-release-v8.3/src/draw/lv_img_decoder.c.obj
                0x1000d77c                lv_img_decoder_open
 .text.lv_img_decoder_read_line
                0x1000d85c       0x24 CMakeFiles/rp2040_hid_mouse.dir/lvgl-release-v8.3/src/draw/lv_img_decoder.c.obj
                0x1000d85c                lv_img_decoder_read_line
 .text.lv_img_decoder_close
                0x1000d880       0x28 CMakeFiles/rp2040_hid_mouse.dir/lvgl-release-v8.3/src/draw/lv_img_decoder.c.obj
                0x1000d880                lv_img_decoder_close
 .text.lv_draw_sw_wait_for_finish
                0x1000d8a8        0x4 CMakeFiles/rp2040_hid_mouse.dir/lvgl-release-v8.3/src/draw/sw/lv_draw_sw.c.obj
                0x1000d8a8                lv_draw_sw_wait_for_finish
 .text.lv_draw_sw_buffer_copy
                0x1000d8ac       0x70 CMakeFiles/rp2040_hid_mouse.dir/lvgl-release-v8.3/src/draw/sw/lv_draw_sw.c.obj
                0x1000d8ac                lv_draw_sw_buffer_copy
 .text.lv_draw_sw_init_ctx
                0x1000d91c       0x8c CMakeFiles/rp2040_hid_mouse.dir/lvgl-release-v8.3/src/draw/sw/lv_draw_sw.c.obj
                0x1000d91c                lv_draw_sw_init_ctx
 .text.get_rounded_area
                0x1000d9a8       0x94 CMakeFiles/rp2040_hid_mouse.dir/lvgl-release-v8.3/src/draw/sw/lv_draw_sw_arc.c.obj
 .text.lv_draw_sw_arc
                0x1000da3c      0xe58 CMakeFiles/rp2040_hid_mouse.dir/lvgl-release-v8.3/src/draw/sw/lv_draw_sw_arc.c.obj
                0x1000da3c                lv_draw_sw_arc
 .text.color_blend_true_color_additive
                0x1000e894       0x28 CMakeFiles/rp2040_hid_mouse.dir/lvgl-release-v8.3/src/draw/sw/lv_draw_sw_blend.c.obj
 .text.color_blend_true_color_subtractive
                0x1000e8bc       0x50 CMakeFiles/rp2040_hid_mouse.dir/lvgl-release-v8.3/src/draw/sw/lv_draw_sw_blend.c.obj
 .text.color_blend_true_color_multiply
                0x1000e90c       0x1c CMakeFiles/rp2040_hid_mouse.dir/lvgl-release-v8.3/src/draw/sw/lv_draw_sw_blend.c.obj
 .text.lv_draw_sw_blend
                0x1000e928       0x34 CMakeFiles/rp2040_hid_mouse.dir/lvgl-release-v8.3/src/draw/sw/lv_draw_sw_blend.c.obj
                0x1000e928                lv_draw_sw_blend
 .text.lv_draw_sw_blend_basic
                0x1000e95c      0xd0c CMakeFiles/rp2040_hid_mouse.dir/lvgl-release-v8.3/src/draw/sw/lv_draw_sw_blend.c.obj
                0x1000e95c                lv_draw_sw_blend_basic
 .text.lv_gradient_calculate
                0x1000f668       0xb8 CMakeFiles/rp2040_hid_mouse.dir/lvgl-release-v8.3/src/draw/sw/lv_draw_sw_gradient.c.obj
                0x1000f668                lv_gradient_calculate
 .text.lv_gradient_get
                0x1000f720      0x2a4 CMakeFiles/rp2040_hid_mouse.dir/lvgl-release-v8.3/src/draw/sw/lv_draw_sw_gradient.c.obj
                0x1000f720                lv_gradient_get
 .text.lv_gradient_cleanup
                0x1000f9c4       0x10 CMakeFiles/rp2040_hid_mouse.dir/lvgl-release-v8.3/src/draw/sw/lv_draw_sw_gradient.c.obj
                0x1000f9c4                lv_gradient_cleanup
 .text.lv_draw_sw_img_decoded
                0x1000f9d4      0x668 CMakeFiles/rp2040_hid_mouse.dir/lvgl-release-v8.3/src/draw/sw/lv_draw_sw_img.c.obj
                0x1000f9d4                lv_draw_sw_img_decoded
 .text.lv_draw_sw_layer_create
                0x1001003c       0xec CMakeFiles/rp2040_hid_mouse.dir/lvgl-release-v8.3/src/draw/sw/lv_draw_sw_layer.c.obj
                0x1001003c                lv_draw_sw_layer_create
 .text.lv_draw_sw_layer_adjust
                0x10010128       0x5c CMakeFiles/rp2040_hid_mouse.dir/lvgl-release-v8.3/src/draw/sw/lv_draw_sw_layer.c.obj
                0x10010128                lv_draw_sw_layer_adjust
 .text.lv_draw_sw_layer_blend
                0x10010184       0x8c CMakeFiles/rp2040_hid_mouse.dir/lvgl-release-v8.3/src/draw/sw/lv_draw_sw_layer.c.obj
                0x10010184                lv_draw_sw_layer_blend
 .text.lv_draw_sw_layer_destroy
                0x10010210        0xc CMakeFiles/rp2040_hid_mouse.dir/lvgl-release-v8.3/src/draw/sw/lv_draw_sw_layer.c.obj
                0x10010210                lv_draw_sw_layer_destroy
 .text.lv_draw_sw_letter
                0x1001021c      0x504 CMakeFiles/rp2040_hid_mouse.dir/lvgl-release-v8.3/src/draw/sw/lv_draw_sw_letter.c.obj
                0x1001021c                lv_draw_sw_letter
 .text.lv_draw_sw_line
                0x10010720      0x89c CMakeFiles/rp2040_hid_mouse.dir/lvgl-release-v8.3/src/draw/sw/lv_draw_sw_line.c.obj
                0x10010720                lv_draw_sw_line
 .text.lv_draw_sw_polygon
                0x10010fbc      0x3b4 CMakeFiles/rp2040_hid_mouse.dir/lvgl-release-v8.3/src/draw/sw/lv_draw_sw_polygon.c.obj
                0x10010fbc                lv_draw_sw_polygon
 .text.shadow_blur_corner
                0x10011370      0x228 CMakeFiles/rp2040_hid_mouse.dir/lvgl-release-v8.3/src/draw/sw/lv_draw_sw_rect.c.obj
 .text.draw_bg  0x10011598      0x654 CMakeFiles/rp2040_hid_mouse.dir/lvgl-release-v8.3/src/draw/sw/lv_draw_sw_rect.c.obj
 .text.lv_draw_sw_bg
                0x10011bec      0x290 CMakeFiles/rp2040_hid_mouse.dir/lvgl-release-v8.3/src/draw/sw/lv_draw_sw_rect.c.obj
                0x10011bec                lv_draw_sw_bg
 .text.draw_border_generic
                0x10011e7c      0x944 CMakeFiles/rp2040_hid_mouse.dir/lvgl-release-v8.3/src/draw/sw/lv_draw_sw_rect.c.obj
                0x10011e7c                draw_border_generic
 .text.lv_draw_sw_rect
                0x100127c0     0x150c CMakeFiles/rp2040_hid_mouse.dir/lvgl-release-v8.3/src/draw/sw/lv_draw_sw_rect.c.obj
                0x100127c0                lv_draw_sw_rect
 .text.transform_point_upscaled
                0x10013ccc       0x94 CMakeFiles/rp2040_hid_mouse.dir/lvgl-release-v8.3/src/draw/sw/lv_draw_sw_transform.c.obj
 .text.lv_draw_sw_transform
                0x10013d60      0x8f4 CMakeFiles/rp2040_hid_mouse.dir/lvgl-release-v8.3/src/draw/sw/lv_draw_sw_transform.c.obj
                0x10013d60                lv_draw_sw_transform
 .text.lv_area_get_width
                0x10014654        0xc CMakeFiles/rp2040_hid_mouse.dir/lvgl-release-v8.3/src/extra/layouts/flex/lv_flex.c.obj
 .text.lv_area_get_height
                0x10014660        0xc CMakeFiles/rp2040_hid_mouse.dir/lvgl-release-v8.3/src/extra/layouts/flex/lv_flex.c.obj
 .text.place_content
                0x1001466c       0x9c CMakeFiles/rp2040_hid_mouse.dir/lvgl-release-v8.3/src/extra/layouts/flex/lv_flex.c.obj
 .text.find_track_end
                0x10014708      0x26c CMakeFiles/rp2040_hid_mouse.dir/lvgl-release-v8.3/src/extra/layouts/flex/lv_flex.c.obj
 .text.flex_update
                0x10014974      0x94c CMakeFiles/rp2040_hid_mouse.dir/lvgl-release-v8.3/src/extra/layouts/flex/lv_flex.c.obj
 .text.lv_flex_init
                0x100152c0       0x60 CMakeFiles/rp2040_hid_mouse.dir/lvgl-release-v8.3/src/extra/layouts/flex/lv_flex.c.obj
                0x100152c0                lv_flex_init
 .text.lv_obj_set_flex_flow
                0x10015320       0x28 CMakeFiles/rp2040_hid_mouse.dir/lvgl-release-v8.3/src/extra/layouts/flex/lv_flex.c.obj
                0x10015320                lv_obj_set_flex_flow
 .text.lv_obj_set_flex_align
                0x10015348       0x54 CMakeFiles/rp2040_hid_mouse.dir/lvgl-release-v8.3/src/extra/layouts/flex/lv_flex.c.obj
                0x10015348                lv_obj_set_flex_align
 .text.lv_obj_set_flex_grow
                0x1001539c       0x20 CMakeFiles/rp2040_hid_mouse.dir/lvgl-release-v8.3/src/extra/layouts/flex/lv_flex.c.obj
                0x1001539c                lv_obj_set_flex_grow
 .text.grid_update
                0x100153bc      0xcec CMakeFiles/rp2040_hid_mouse.dir/lvgl-release-v8.3/src/extra/layouts/grid/lv_grid.c.obj
 .text.lv_grid_init
                0x100160a8       0xa4 CMakeFiles/rp2040_hid_mouse.dir/lvgl-release-v8.3/src/extra/layouts/grid/lv_grid.c.obj
                0x100160a8                lv_grid_init
 .text.lv_extra_init
                0x1001614c        0xc CMakeFiles/rp2040_hid_mouse.dir/lvgl-release-v8.3/src/extra/lv_extra.c.obj
                0x1001614c                lv_extra_init
 .text.theme_apply
                0x10016158      0xf80 CMakeFiles/rp2040_hid_mouse.dir/lvgl-release-v8.3/src/extra/themes/default/lv_theme_default.c.obj
 .text.grey_filter_cb
                0x100170d8       0x30 CMakeFiles/rp2040_hid_mouse.dir/lvgl-release-v8.3/src/extra/themes/default/lv_theme_default.c.obj
 .text.dark_color_filter_cb
                0x10017108        0xc CMakeFiles/rp2040_hid_mouse.dir/lvgl-release-v8.3/src/extra/themes/default/lv_theme_default.c.obj
 .text.style_init
                0x10017114     0x3540 CMakeFiles/rp2040_hid_mouse.dir/lvgl-release-v8.3/src/extra/themes/default/lv_theme_default.c.obj
 .text.lv_theme_default_init
                0x1001a654       0xb4 CMakeFiles/rp2040_hid_mouse.dir/lvgl-release-v8.3/src/extra/themes/default/lv_theme_default.c.obj
                0x1001a654                lv_theme_default_init
 .text.lv_theme_default_get
                0x1001a708       0x14 CMakeFiles/rp2040_hid_mouse.dir/lvgl-release-v8.3/src/extra/themes/default/lv_theme_default.c.obj
                0x1001a708                lv_theme_default_get
 .text.lv_theme_default_is_inited
                0x1001a71c       0x10 CMakeFiles/rp2040_hid_mouse.dir/lvgl-release-v8.3/src/extra/themes/default/lv_theme_default.c.obj
                0x1001a71c                lv_theme_default_is_inited
 .text.draw_part_begin_event_cb
                0x1001a72c       0xb0 CMakeFiles/rp2040_hid_mouse.dir/lvgl-release-v8.3/src/extra/widgets/calendar/lv_calendar.c.obj
 .text.highlight_update
                0x1001a7dc       0xec CMakeFiles/rp2040_hid_mouse.dir/lvgl-release-v8.3/src/extra/widgets/calendar/lv_calendar.c.obj
 .text.lv_calendar_set_showed_date
                0x1001a8c8      0x284 CMakeFiles/rp2040_hid_mouse.dir/lvgl-release-v8.3/src/extra/widgets/calendar/lv_calendar.c.obj
                0x1001a8c8                lv_calendar_set_showed_date
 .text.lv_calendar_constructor
                0x1001ab4c      0x100 CMakeFiles/rp2040_hid_mouse.dir/lvgl-release-v8.3/src/extra/widgets/calendar/lv_calendar.c.obj
 .text.lv_calendar_get_showed_date
                0x1001ac4c        0x4 CMakeFiles/rp2040_hid_mouse.dir/lvgl-release-v8.3/src/extra/widgets/calendar/lv_calendar.c.obj
                0x1001ac4c                lv_calendar_get_showed_date
 .text.my_constructor
                0x1001ac50       0xe0 CMakeFiles/rp2040_hid_mouse.dir/lvgl-release-v8.3/src/extra/widgets/calendar/lv_calendar_header_arrow.c.obj
 .text.value_changed_event_cb
                0x1001ad30       0x38 CMakeFiles/rp2040_hid_mouse.dir/lvgl-release-v8.3/src/extra/widgets/calendar/lv_calendar_header_arrow.c.obj
 .text.month_event_cb
                0x1001ad68       0x90 CMakeFiles/rp2040_hid_mouse.dir/lvgl-release-v8.3/src/extra/widgets/calendar/lv_calendar_header_arrow.c.obj
 .text.my_constructor
                0x1001adf8       0x8c CMakeFiles/rp2040_hid_mouse.dir/lvgl-release-v8.3/src/extra/widgets/calendar/lv_calendar_header_dropdown.c.obj
 .text.value_changed_event_cb
                0x1001ae84       0x6c CMakeFiles/rp2040_hid_mouse.dir/lvgl-release-v8.3/src/extra/widgets/calendar/lv_calendar_header_dropdown.c.obj
 .text.month_event_cb
                0x1001aef0       0x30 CMakeFiles/rp2040_hid_mouse.dir/lvgl-release-v8.3/src/extra/widgets/calendar/lv_calendar_header_dropdown.c.obj
 .text.year_event_cb
                0x1001af20       0x64 CMakeFiles/rp2040_hid_mouse.dir/lvgl-release-v8.3/src/extra/widgets/calendar/lv_calendar_header_dropdown.c.obj
 .text.draw_y_ticks
                0x1001af84      0x4c0 CMakeFiles/rp2040_hid_mouse.dir/lvgl-release-v8.3/src/extra/widgets/chart/lv_chart.c.obj
 .text.draw_x_ticks
                0x1001b444      0x554 CMakeFiles/rp2040_hid_mouse.dir/lvgl-release-v8.3/src/extra/widgets/chart/lv_chart.c.obj
 .text.lv_chart_destructor
                0x1001b998       0x78 CMakeFiles/rp2040_hid_mouse.dir/lvgl-release-v8.3/src/extra/widgets/chart/lv_chart.c.obj
 .text.lv_chart_constructor
                0x1001ba10       0x54 CMakeFiles/rp2040_hid_mouse.dir/lvgl-release-v8.3/src/extra/widgets/chart/lv_chart.c.obj
 .text.invalidate_point.part.0
                0x1001ba64      0x190 CMakeFiles/rp2040_hid_mouse.dir/lvgl-release-v8.3/src/extra/widgets/chart/lv_chart.c.obj
 .text.lv_chart_get_point_pos_by_id
                0x1001bbf4      0x218 CMakeFiles/rp2040_hid_mouse.dir/lvgl-release-v8.3/src/extra/widgets/chart/lv_chart.c.obj
                0x1001bbf4                lv_chart_get_point_pos_by_id
 .text.lv_chart_event
                0x1001be0c     0x18e8 CMakeFiles/rp2040_hid_mouse.dir/lvgl-release-v8.3/src/extra/widgets/chart/lv_chart.c.obj
 .text.get_knob_area
                0x1001d6f4       0x90 CMakeFiles/rp2040_hid_mouse.dir/lvgl-release-v8.3/src/extra/widgets/colorwheel/lv_colorwheel.c.obj
 .text.refr_knob_pos
                0x1001d784       0xa0 CMakeFiles/rp2040_hid_mouse.dir/lvgl-release-v8.3/src/extra/widgets/colorwheel/lv_colorwheel.c.obj
 .text.lv_colorwheel_constructor
                0x1001d824       0x50 CMakeFiles/rp2040_hid_mouse.dir/lvgl-release-v8.3/src/extra/widgets/colorwheel/lv_colorwheel.c.obj
 .text.lv_colorwheel_event
                0x1001d874      0xb84 CMakeFiles/rp2040_hid_mouse.dir/lvgl-release-v8.3/src/extra/widgets/colorwheel/lv_colorwheel.c.obj
 .text.lv_keyboard_update_ctrl_map
                0x1001e3f8       0x70 CMakeFiles/rp2040_hid_mouse.dir/lvgl-release-v8.3/src/extra/widgets/keyboard/lv_keyboard.c.obj
 .text.lv_keyboard_constructor
                0x1001e468       0x5c CMakeFiles/rp2040_hid_mouse.dir/lvgl-release-v8.3/src/extra/widgets/keyboard/lv_keyboard.c.obj
 .text.lv_keyboard_def_event_cb
                0x1001e4c4      0x228 CMakeFiles/rp2040_hid_mouse.dir/lvgl-release-v8.3/src/extra/widgets/keyboard/lv_keyboard.c.obj
                0x1001e4c4                lv_keyboard_def_event_cb
 .text.lv_led_event
                0x1001e6ec      0x144 CMakeFiles/rp2040_hid_mouse.dir/lvgl-release-v8.3/src/extra/widgets/led/lv_led.c.obj
 .text.lv_led_constructor
                0x1001e830       0x18 CMakeFiles/rp2040_hid_mouse.dir/lvgl-release-v8.3/src/extra/widgets/led/lv_led.c.obj
 .text.lv_menu_destructor
                0x1001e848        0xc CMakeFiles/rp2040_hid_mouse.dir/lvgl-release-v8.3/src/extra/widgets/menu/lv_menu.c.obj
 .text.lv_menu_section_constructor
                0x1001e854       0x18 CMakeFiles/rp2040_hid_mouse.dir/lvgl-release-v8.3/src/extra/widgets/menu/lv_menu.c.obj
 .text.lv_menu_cont_constructor
                0x1001e86c       0x24 CMakeFiles/rp2040_hid_mouse.dir/lvgl-release-v8.3/src/extra/widgets/menu/lv_menu.c.obj
 .text.lv_menu_constructor
                0x1001e890      0x140 CMakeFiles/rp2040_hid_mouse.dir/lvgl-release-v8.3/src/extra/widgets/menu/lv_menu.c.obj
 .text.lv_menu_value_changed_event_cb
                0x1001e9d0       0x58 CMakeFiles/rp2040_hid_mouse.dir/lvgl-release-v8.3/src/extra/widgets/menu/lv_menu.c.obj
 .text.lv_menu_page_destructor
                0x1001ea28       0x14 CMakeFiles/rp2040_hid_mouse.dir/lvgl-release-v8.3/src/extra/widgets/menu/lv_menu.c.obj
 .text.lv_menu_page_constructor
                0x1001ea3c       0x34 CMakeFiles/rp2040_hid_mouse.dir/lvgl-release-v8.3/src/extra/widgets/menu/lv_menu.c.obj
 .text.lv_menu_set_page
                0x1001ea70      0x14c CMakeFiles/rp2040_hid_mouse.dir/lvgl-release-v8.3/src/extra/widgets/menu/lv_menu.c.obj
                0x1001ea70                lv_menu_set_page
 .text.lv_menu_back_event_cb
                0x1001ebbc       0xa4 CMakeFiles/rp2040_hid_mouse.dir/lvgl-release-v8.3/src/extra/widgets/menu/lv_menu.c.obj
 .text.lv_meter_destructor
                0x1001ec60       0x18 CMakeFiles/rp2040_hid_mouse.dir/lvgl-release-v8.3/src/extra/widgets/meter/lv_meter.c.obj
 .text.lv_meter_constructor
                0x1001ec78       0x1c CMakeFiles/rp2040_hid_mouse.dir/lvgl-release-v8.3/src/extra/widgets/meter/lv_meter.c.obj
 .text.lv_meter_event
                0x1001ec94      0x8fc CMakeFiles/rp2040_hid_mouse.dir/lvgl-release-v8.3/src/extra/widgets/meter/lv_meter.c.obj
 .text.lv_spinbox_updatevalue
                0x1001f590      0x408 CMakeFiles/rp2040_hid_mouse.dir/lvgl-release-v8.3/src/extra/widgets/spinbox/lv_spinbox.c.obj
 .text.lv_spinbox_constructor
                0x1001f998       0x48 CMakeFiles/rp2040_hid_mouse.dir/lvgl-release-v8.3/src/extra/widgets/spinbox/lv_spinbox.c.obj
 .text.lv_spinbox_event
                0x1001f9e0      0x2a4 CMakeFiles/rp2040_hid_mouse.dir/lvgl-release-v8.3/src/extra/widgets/spinbox/lv_spinbox.c.obj
 .text.lv_spinner_constructor
                0x1001fc84       0x88 CMakeFiles/rp2040_hid_mouse.dir/lvgl-release-v8.3/src/extra/widgets/spinner/lv_spinner.c.obj
 .text.arc_anim_start_angle
                0x1001fd0c        0xc CMakeFiles/rp2040_hid_mouse.dir/lvgl-release-v8.3/src/extra/widgets/spinner/lv_spinner.c.obj
 .text.arc_anim_end_angle
                0x1001fd18        0xc CMakeFiles/rp2040_hid_mouse.dir/lvgl-release-v8.3/src/extra/widgets/spinner/lv_spinner.c.obj
 .text.lv_tabview_destructor
                0x1001fd24       0x60 CMakeFiles/rp2040_hid_mouse.dir/lvgl-release-v8.3/src/extra/widgets/tabview/lv_tabview.c.obj
 .text.lv_tabview_constructor
                0x1001fd84      0x160 CMakeFiles/rp2040_hid_mouse.dir/lvgl-release-v8.3/src/extra/widgets/tabview/lv_tabview.c.obj
 .text.lv_tabview_set_act.part.0
                0x1001fee4       0xc0 CMakeFiles/rp2040_hid_mouse.dir/lvgl-release-v8.3/src/extra/widgets/tabview/lv_tabview.c.obj
 .text.cont_scroll_end_event_cb
                0x1001ffa4       0xfc CMakeFiles/rp2040_hid_mouse.dir/lvgl-release-v8.3/src/extra/widgets/tabview/lv_tabview.c.obj
 .text.btns_value_changed_event_cb
                0x100200a0       0x28 CMakeFiles/rp2040_hid_mouse.dir/lvgl-release-v8.3/src/extra/widgets/tabview/lv_tabview.c.obj
 .text.lv_tabview_event
                0x100200c8       0x38 CMakeFiles/rp2040_hid_mouse.dir/lvgl-release-v8.3/src/extra/widgets/tabview/lv_tabview.c.obj
 .text.lv_tileview_constructor
                0x10020100       0x3c CMakeFiles/rp2040_hid_mouse.dir/lvgl-release-v8.3/src/extra/widgets/tileview/lv_tileview.c.obj
 .text.tileview_event_cb
                0x1002013c       0xdc CMakeFiles/rp2040_hid_mouse.dir/lvgl-release-v8.3/src/extra/widgets/tileview/lv_tileview.c.obj
 .text.lv_tileview_tile_constructor
                0x10020218       0x78 CMakeFiles/rp2040_hid_mouse.dir/lvgl-release-v8.3/src/extra/widgets/tileview/lv_tileview.c.obj
 .text.lv_win_constructor
                0x10020290       0x74 CMakeFiles/rp2040_hid_mouse.dir/lvgl-release-v8.3/src/extra/widgets/win/lv_win.c.obj
 .text.lv_font_get_glyph_dsc.part.0
                0x10020304       0xc8 CMakeFiles/rp2040_hid_mouse.dir/lvgl-release-v8.3/src/font/lv_font.c.obj
 .text.lv_font_get_glyph_bitmap
                0x100203cc       0x10 CMakeFiles/rp2040_hid_mouse.dir/lvgl-release-v8.3/src/font/lv_font.c.obj
                0x100203cc                lv_font_get_glyph_bitmap
 .text.lv_font_get_glyph_dsc
                0x100203dc       0x14 CMakeFiles/rp2040_hid_mouse.dir/lvgl-release-v8.3/src/font/lv_font.c.obj
                0x100203dc                lv_font_get_glyph_dsc
 .text.lv_font_get_glyph_width
                0x100203f0       0x1c CMakeFiles/rp2040_hid_mouse.dir/lvgl-release-v8.3/src/font/lv_font.c.obj
                0x100203f0                lv_font_get_glyph_width
 .text.kern_pair_8_compare
                0x1002040c       0x14 CMakeFiles/rp2040_hid_mouse.dir/lvgl-release-v8.3/src/font/lv_font_fmt_txt.c.obj
 .text.kern_pair_16_compare
                0x10020420       0x14 CMakeFiles/rp2040_hid_mouse.dir/lvgl-release-v8.3/src/font/lv_font_fmt_txt.c.obj
 .text.unicode_list_compare
                0x10020434        0x8 CMakeFiles/rp2040_hid_mouse.dir/lvgl-release-v8.3/src/font/lv_font_fmt_txt.c.obj
 .text.lv_font_get_bitmap_fmt_txt
                0x1002043c      0x11c CMakeFiles/rp2040_hid_mouse.dir/lvgl-release-v8.3/src/font/lv_font_fmt_txt.c.obj
                0x1002043c                lv_font_get_bitmap_fmt_txt
 .text.lv_font_get_glyph_dsc_fmt_txt
                0x10020558      0x380 CMakeFiles/rp2040_hid_mouse.dir/lvgl-release-v8.3/src/font/lv_font_fmt_txt.c.obj
                0x10020558                lv_font_get_glyph_dsc_fmt_txt
 .text._lv_font_clean_up_fmt_txt
                0x100208d8        0x4 CMakeFiles/rp2040_hid_mouse.dir/lvgl-release-v8.3/src/font/lv_font_fmt_txt.c.obj
                0x100208d8                _lv_font_clean_up_fmt_txt
 .text.lv_disp_drv_init
                0x100208dc       0x44 CMakeFiles/rp2040_hid_mouse.dir/lvgl-release-v8.3/src/hal/lv_hal_disp.c.obj
                0x100208dc                lv_disp_drv_init
 .text.lv_disp_draw_buf_init
                0x10020920       0x1c CMakeFiles/rp2040_hid_mouse.dir/lvgl-release-v8.3/src/hal/lv_hal_disp.c.obj
                0x10020920                lv_disp_draw_buf_init
 .text.lv_disp_drv_register
                0x1002093c      0x154 CMakeFiles/rp2040_hid_mouse.dir/lvgl-release-v8.3/src/hal/lv_hal_disp.c.obj
                0x1002093c                lv_disp_drv_register
 .text.lv_disp_get_default
                0x10020a90        0xc CMakeFiles/rp2040_hid_mouse.dir/lvgl-release-v8.3/src/hal/lv_hal_disp.c.obj
                0x10020a90                lv_disp_get_default
 .text.lv_disp_get_hor_res
                0x10020a9c       0x28 CMakeFiles/rp2040_hid_mouse.dir/lvgl-release-v8.3/src/hal/lv_hal_disp.c.obj
                0x10020a9c                lv_disp_get_hor_res
 .text.lv_disp_get_ver_res
                0x10020ac4       0x28 CMakeFiles/rp2040_hid_mouse.dir/lvgl-release-v8.3/src/hal/lv_hal_disp.c.obj
                0x10020ac4                lv_disp_get_ver_res
 .text.lv_disp_get_dpi
                0x10020aec       0x20 CMakeFiles/rp2040_hid_mouse.dir/lvgl-release-v8.3/src/hal/lv_hal_disp.c.obj
                0x10020aec                lv_disp_get_dpi
 .text.lv_disp_flush_ready
                0x10020b0c        0xc CMakeFiles/rp2040_hid_mouse.dir/lvgl-release-v8.3/src/hal/lv_hal_disp.c.obj
                0x10020b0c                lv_disp_flush_ready
 .text.lv_disp_get_next
                0x10020b18       0x1c CMakeFiles/rp2040_hid_mouse.dir/lvgl-release-v8.3/src/hal/lv_hal_disp.c.obj
                0x10020b18                lv_disp_get_next
 .text.lv_disp_get_draw_buf
                0x10020b34        0x8 CMakeFiles/rp2040_hid_mouse.dir/lvgl-release-v8.3/src/hal/lv_hal_disp.c.obj
                0x10020b34                lv_disp_get_draw_buf
 .text.lv_indev_get_next
                0x10020b3c       0x1c CMakeFiles/rp2040_hid_mouse.dir/lvgl-release-v8.3/src/hal/lv_hal_indev.c.obj
                0x10020b3c                lv_indev_get_next
 .text.lv_tick_inc
                0x10020b58       0x18 CMakeFiles/rp2040_hid_mouse.dir/lvgl-release-v8.3/src/hal/lv_hal_tick.c.obj
                0x10020b58                lv_tick_inc
 .text.lv_tick_get
                0x10020b70       0x1c CMakeFiles/rp2040_hid_mouse.dir/lvgl-release-v8.3/src/hal/lv_hal_tick.c.obj
                0x10020b70                lv_tick_get
 .text.lv_tick_elaps
                0x10020b8c       0x20 CMakeFiles/rp2040_hid_mouse.dir/lvgl-release-v8.3/src/hal/lv_hal_tick.c.obj
                0x10020b8c                lv_tick_elaps
 .text.lv_anim_path_linear
                0x10020bac       0x28 CMakeFiles/rp2040_hid_mouse.dir/lvgl-release-v8.3/src/misc/lv_anim.c.obj
                0x10020bac                lv_anim_path_linear
 .text.anim_timer
                0x10020bd4      0x208 CMakeFiles/rp2040_hid_mouse.dir/lvgl-release-v8.3/src/misc/lv_anim.c.obj
 .text._lv_anim_core_init
                0x10020ddc       0x50 CMakeFiles/rp2040_hid_mouse.dir/lvgl-release-v8.3/src/misc/lv_anim.c.obj
                0x10020ddc                _lv_anim_core_init
 .text.lv_anim_init
                0x10020e2c       0x34 CMakeFiles/rp2040_hid_mouse.dir/lvgl-release-v8.3/src/misc/lv_anim.c.obj
                0x10020e2c                lv_anim_init
 .text.lv_anim_del
                0x10020e60      0x188 CMakeFiles/rp2040_hid_mouse.dir/lvgl-release-v8.3/src/misc/lv_anim.c.obj
                0x10020e60                lv_anim_del
 .text.lv_anim_start
                0x10020fe8       0xbc CMakeFiles/rp2040_hid_mouse.dir/lvgl-release-v8.3/src/misc/lv_anim.c.obj
                0x10020fe8                lv_anim_start
 .text.lv_anim_get
                0x100210a4       0x4c CMakeFiles/rp2040_hid_mouse.dir/lvgl-release-v8.3/src/misc/lv_anim.c.obj
                0x100210a4                lv_anim_get
 .text.lv_anim_speed_to_time
                0x100210f0       0x28 CMakeFiles/rp2040_hid_mouse.dir/lvgl-release-v8.3/src/misc/lv_anim.c.obj
                0x100210f0                lv_anim_speed_to_time
 .text.lv_anim_path_ease_out
                0x10021118       0x3c CMakeFiles/rp2040_hid_mouse.dir/lvgl-release-v8.3/src/misc/lv_anim.c.obj
                0x10021118                lv_anim_path_ease_out
 .text.lv_anim_path_ease_in_out
                0x10021154       0x38 CMakeFiles/rp2040_hid_mouse.dir/lvgl-release-v8.3/src/misc/lv_anim.c.obj
                0x10021154                lv_anim_path_ease_in_out
 .text.lv_anim_path_step
                0x1002118c       0x10 CMakeFiles/rp2040_hid_mouse.dir/lvgl-release-v8.3/src/misc/lv_anim.c.obj
                0x1002118c                lv_anim_path_step
 .text.lv_area_set
                0x1002119c       0x14 CMakeFiles/rp2040_hid_mouse.dir/lvgl-release-v8.3/src/misc/lv_area.c.obj
                0x1002119c                lv_area_set
 .text.lv_area_set_width
                0x100211b0        0xc CMakeFiles/rp2040_hid_mouse.dir/lvgl-release-v8.3/src/misc/lv_area.c.obj
                0x100211b0                lv_area_set_width
 .text.lv_area_set_height
                0x100211bc        0xc CMakeFiles/rp2040_hid_mouse.dir/lvgl-release-v8.3/src/misc/lv_area.c.obj
                0x100211bc                lv_area_set_height
 .text.lv_area_get_size
                0x100211c8       0x1c CMakeFiles/rp2040_hid_mouse.dir/lvgl-release-v8.3/src/misc/lv_area.c.obj
                0x100211c8                lv_area_get_size
 .text.lv_area_increase
                0x100211e4       0x20 CMakeFiles/rp2040_hid_mouse.dir/lvgl-release-v8.3/src/misc/lv_area.c.obj
                0x100211e4                lv_area_increase
 .text.lv_area_move
                0x10021204       0x20 CMakeFiles/rp2040_hid_mouse.dir/lvgl-release-v8.3/src/misc/lv_area.c.obj
                0x10021204                lv_area_move
 .text._lv_area_intersect
                0x10021224       0x78 CMakeFiles/rp2040_hid_mouse.dir/lvgl-release-v8.3/src/misc/lv_area.c.obj
                0x10021224                _lv_area_intersect
 .text._lv_area_diff
                0x1002129c      0x1c0 CMakeFiles/rp2040_hid_mouse.dir/lvgl-release-v8.3/src/misc/lv_area.c.obj
                0x1002129c                _lv_area_diff
 .text._lv_area_join
                0x1002145c       0x54 CMakeFiles/rp2040_hid_mouse.dir/lvgl-release-v8.3/src/misc/lv_area.c.obj
                0x1002145c                _lv_area_join
 .text._lv_area_is_point_on
                0x100214b0      0x1f0 CMakeFiles/rp2040_hid_mouse.dir/lvgl-release-v8.3/src/misc/lv_area.c.obj
                0x100214b0                _lv_area_is_point_on
 .text._lv_area_is_on
                0x100216a0       0x40 CMakeFiles/rp2040_hid_mouse.dir/lvgl-release-v8.3/src/misc/lv_area.c.obj
                0x100216a0                _lv_area_is_on
 .text._lv_area_is_in
                0x100216e0       0xa0 CMakeFiles/rp2040_hid_mouse.dir/lvgl-release-v8.3/src/misc/lv_area.c.obj
                0x100216e0                _lv_area_is_in
 .text._lv_area_is_out
                0x10021780       0xa4 CMakeFiles/rp2040_hid_mouse.dir/lvgl-release-v8.3/src/misc/lv_area.c.obj
                0x10021780                _lv_area_is_out
 .text.lv_point_transform
                0x10021824      0x17c CMakeFiles/rp2040_hid_mouse.dir/lvgl-release-v8.3/src/misc/lv_area.c.obj
                0x10021824                lv_point_transform
 .text.lv_color_fill
                0x100219a0       0xa4 CMakeFiles/rp2040_hid_mouse.dir/lvgl-release-v8.3/src/misc/lv_color.c.obj
                0x100219a0                lv_color_fill
 .text.lv_color_darken
                0x10021a44        0xc CMakeFiles/rp2040_hid_mouse.dir/lvgl-release-v8.3/src/misc/lv_color.c.obj
                0x10021a44                lv_color_darken
 .text.lv_color_hsv_to_rgb
                0x10021a50       0xc4 CMakeFiles/rp2040_hid_mouse.dir/lvgl-release-v8.3/src/misc/lv_color.c.obj
                0x10021a50                lv_color_hsv_to_rgb
 .text.lv_palette_main
                0x10021b14       0x14 CMakeFiles/rp2040_hid_mouse.dir/lvgl-release-v8.3/src/misc/lv_color.c.obj
                0x10021b14                lv_palette_main
 .text.lv_palette_lighten
                0x10021b28       0x20 CMakeFiles/rp2040_hid_mouse.dir/lvgl-release-v8.3/src/misc/lv_color.c.obj
                0x10021b28                lv_palette_lighten
 .text.lv_palette_darken
                0x10021b48       0x20 CMakeFiles/rp2040_hid_mouse.dir/lvgl-release-v8.3/src/misc/lv_color.c.obj
                0x10021b48                lv_palette_darken
 .text._lv_fs_init
                0x10021b68       0x10 CMakeFiles/rp2040_hid_mouse.dir/lvgl-release-v8.3/src/misc/lv_fs.c.obj
                0x10021b68                _lv_fs_init
 .text.lv_fs_open
                0x10021b78       0xb4 CMakeFiles/rp2040_hid_mouse.dir/lvgl-release-v8.3/src/misc/lv_fs.c.obj
                0x10021b78                lv_fs_open
 .text.lv_fs_close
                0x10021c2c       0x4c CMakeFiles/rp2040_hid_mouse.dir/lvgl-release-v8.3/src/misc/lv_fs.c.obj
                0x10021c2c                lv_fs_close
 .text.lv_fs_read
                0x10021c78      0x198 CMakeFiles/rp2040_hid_mouse.dir/lvgl-release-v8.3/src/misc/lv_fs.c.obj
                0x10021c78                lv_fs_read
 .text.lv_fs_seek
                0x10021e10       0x9c CMakeFiles/rp2040_hid_mouse.dir/lvgl-release-v8.3/src/misc/lv_fs.c.obj
                0x10021e10                lv_fs_seek
 .text.lv_fs_get_ext
                0x10021eac       0x30 CMakeFiles/rp2040_hid_mouse.dir/lvgl-release-v8.3/src/misc/lv_fs.c.obj
                0x10021eac                lv_fs_get_ext
 .text._lv_ll_init
                0x10021edc       0x10 CMakeFiles/rp2040_hid_mouse.dir/lvgl-release-v8.3/src/misc/lv_ll.c.obj
                0x10021edc                _lv_ll_init
 .text._lv_ll_ins_head
                0x10021eec       0x30 CMakeFiles/rp2040_hid_mouse.dir/lvgl-release-v8.3/src/misc/lv_ll.c.obj
                0x10021eec                _lv_ll_ins_head
 .text._lv_ll_ins_prev
                0x10021f1c       0x60 CMakeFiles/rp2040_hid_mouse.dir/lvgl-release-v8.3/src/misc/lv_ll.c.obj
                0x10021f1c                _lv_ll_ins_prev
 .text._lv_ll_ins_tail
                0x10021f7c       0x30 CMakeFiles/rp2040_hid_mouse.dir/lvgl-release-v8.3/src/misc/lv_ll.c.obj
                0x10021f7c                _lv_ll_ins_tail
 .text._lv_ll_remove
                0x10021fac       0x50 CMakeFiles/rp2040_hid_mouse.dir/lvgl-release-v8.3/src/misc/lv_ll.c.obj
                0x10021fac                _lv_ll_remove
 .text._lv_ll_clear
                0x10021ffc       0x6c CMakeFiles/rp2040_hid_mouse.dir/lvgl-release-v8.3/src/misc/lv_ll.c.obj
                0x10021ffc                _lv_ll_clear
 .text._lv_ll_get_head
                0x10022068        0xc CMakeFiles/rp2040_hid_mouse.dir/lvgl-release-v8.3/src/misc/lv_ll.c.obj
                0x10022068                _lv_ll_get_head
 .text._lv_ll_get_tail
                0x10022074        0xc CMakeFiles/rp2040_hid_mouse.dir/lvgl-release-v8.3/src/misc/lv_ll.c.obj
                0x10022074                _lv_ll_get_tail
 .text._lv_ll_get_next
                0x10022080        0x8 CMakeFiles/rp2040_hid_mouse.dir/lvgl-release-v8.3/src/misc/lv_ll.c.obj
                0x10022080                _lv_ll_get_next
 .text._lv_ll_get_prev
                0x10022088        0x8 CMakeFiles/rp2040_hid_mouse.dir/lvgl-release-v8.3/src/misc/lv_ll.c.obj
                0x10022088                _lv_ll_get_prev
 .text._lv_ll_get_len
                0x10022090       0x20 CMakeFiles/rp2040_hid_mouse.dir/lvgl-release-v8.3/src/misc/lv_ll.c.obj
                0x10022090                _lv_ll_get_len
 .text._lv_ll_is_empty
                0x100220b0       0x1c CMakeFiles/rp2040_hid_mouse.dir/lvgl-release-v8.3/src/misc/lv_ll.c.obj
                0x100220b0                _lv_ll_is_empty
 .text.lv_trigo_sin
                0x100220cc       0x68 CMakeFiles/rp2040_hid_mouse.dir/lvgl-release-v8.3/src/misc/lv_math.c.obj
                0x100220cc                lv_trigo_sin
 .text.lv_bezier3
                0x10022134       0x44 CMakeFiles/rp2040_hid_mouse.dir/lvgl-release-v8.3/src/misc/lv_math.c.obj
                0x10022134                lv_bezier3
 .text.lv_atan2
                0x10022178       0xb4 CMakeFiles/rp2040_hid_mouse.dir/lvgl-release-v8.3/src/misc/lv_math.c.obj
                0x10022178                lv_atan2
 .text.lv_pow   0x1002222c       0x54 CMakeFiles/rp2040_hid_mouse.dir/lvgl-release-v8.3/src/misc/lv_math.c.obj
                0x1002222c                lv_pow
 .text.lv_map   0x10022280       0x34 CMakeFiles/rp2040_hid_mouse.dir/lvgl-release-v8.3/src/misc/lv_math.c.obj
                0x10022280                lv_map
 .text.lv_mem_init
                0x100222b4       0x1c CMakeFiles/rp2040_hid_mouse.dir/lvgl-release-v8.3/src/misc/lv_mem.c.obj
                0x100222b4                lv_mem_init
 .text.lv_mem_alloc
                0x100222d0       0x44 CMakeFiles/rp2040_hid_mouse.dir/lvgl-release-v8.3/src/misc/lv_mem.c.obj
                0x100222d0                lv_mem_alloc
 .text.lv_mem_free
                0x10022314       0x38 CMakeFiles/rp2040_hid_mouse.dir/lvgl-release-v8.3/src/misc/lv_mem.c.obj
                0x10022314                lv_mem_free
 .text.lv_mem_realloc
                0x1002234c       0x78 CMakeFiles/rp2040_hid_mouse.dir/lvgl-release-v8.3/src/misc/lv_mem.c.obj
                0x1002234c                lv_mem_realloc
 .text.lv_mem_buf_get
                0x100223c4      0x150 CMakeFiles/rp2040_hid_mouse.dir/lvgl-release-v8.3/src/misc/lv_mem.c.obj
                0x100223c4                lv_mem_buf_get
 .text.lv_mem_buf_release
                0x10022514       0xb4 CMakeFiles/rp2040_hid_mouse.dir/lvgl-release-v8.3/src/misc/lv_mem.c.obj
                0x10022514                lv_mem_buf_release
 .text.lv_mem_buf_free_all
                0x100225c8       0x70 CMakeFiles/rp2040_hid_mouse.dir/lvgl-release-v8.3/src/misc/lv_mem.c.obj
                0x100225c8                lv_mem_buf_free_all
 .text.lv_memcpy
                0x10022638      0x3a8 CMakeFiles/rp2040_hid_mouse.dir/lvgl-release-v8.3/src/misc/lv_mem.c.obj
                0x10022638                lv_memcpy
 .text.lv_memset
                0x100229e0      0x104 CMakeFiles/rp2040_hid_mouse.dir/lvgl-release-v8.3/src/misc/lv_mem.c.obj
                0x100229e0                lv_memset
 .text.lv_memset_00
                0x10022ae4       0xe0 CMakeFiles/rp2040_hid_mouse.dir/lvgl-release-v8.3/src/misc/lv_mem.c.obj
                0x10022ae4                lv_memset_00
 .text.lv_memset_ff
                0x10022bc4       0xe4 CMakeFiles/rp2040_hid_mouse.dir/lvgl-release-v8.3/src/misc/lv_mem.c.obj
                0x10022bc4                lv_memset_ff
 .text._out_buffer
                0x10022ca8        0x8 CMakeFiles/rp2040_hid_mouse.dir/lvgl-release-v8.3/src/misc/lv_printf.c.obj
 .text._out_null
                0x10022cb0        0x4 CMakeFiles/rp2040_hid_mouse.dir/lvgl-release-v8.3/src/misc/lv_printf.c.obj
 .text._ntoa_format
                0x10022cb4      0x3dc CMakeFiles/rp2040_hid_mouse.dir/lvgl-release-v8.3/src/misc/lv_printf.c.obj
 .text._vsnprintf
                0x10023090      0xaa8 CMakeFiles/rp2040_hid_mouse.dir/lvgl-release-v8.3/src/misc/lv_printf.c.obj
 .text.lv_snprintf
                0x10023b38       0x28 CMakeFiles/rp2040_hid_mouse.dir/lvgl-release-v8.3/src/misc/lv_printf.c.obj
                0x10023b38                lv_snprintf
 .text.lv_vsnprintf
                0x10023b60       0x1c CMakeFiles/rp2040_hid_mouse.dir/lvgl-release-v8.3/src/misc/lv_printf.c.obj
                0x10023b60                lv_vsnprintf
 .text.lv_style_init
                0x10023b7c        0xc CMakeFiles/rp2040_hid_mouse.dir/lvgl-release-v8.3/src/misc/lv_style.c.obj
                0x10023b7c                lv_style_init
 .text.lv_style_reset
                0x10023b88       0x28 CMakeFiles/rp2040_hid_mouse.dir/lvgl-release-v8.3/src/misc/lv_style.c.obj
                0x10023b88                lv_style_reset
 .text.lv_style_register_prop
                0x10023bb0       0x80 CMakeFiles/rp2040_hid_mouse.dir/lvgl-release-v8.3/src/misc/lv_style.c.obj
                0x10023bb0                lv_style_register_prop
 .text.lv_style_remove_prop
                0x10023c30       0xdc CMakeFiles/rp2040_hid_mouse.dir/lvgl-release-v8.3/src/misc/lv_style.c.obj
                0x10023c30                lv_style_remove_prop
 .text.lv_style_set_prop
                0x10023d0c      0x10c CMakeFiles/rp2040_hid_mouse.dir/lvgl-release-v8.3/src/misc/lv_style.c.obj
                0x10023d0c                lv_style_set_prop
 .text.lv_style_transition_dsc_init
                0x10023e18       0x2c CMakeFiles/rp2040_hid_mouse.dir/lvgl-release-v8.3/src/misc/lv_style.c.obj
                0x10023e18                lv_style_transition_dsc_init
 .text.lv_style_prop_get_default
                0x10023e44       0x98 CMakeFiles/rp2040_hid_mouse.dir/lvgl-release-v8.3/src/misc/lv_style.c.obj
                0x10023e44                lv_style_prop_get_default
 .text.lv_style_get_prop
                0x10023edc       0xa4 CMakeFiles/rp2040_hid_mouse.dir/lvgl-release-v8.3/src/misc/lv_style.c.obj
                0x10023edc                lv_style_get_prop
 .text.lv_style_is_empty
                0x10023f80        0xc CMakeFiles/rp2040_hid_mouse.dir/lvgl-release-v8.3/src/misc/lv_style.c.obj
                0x10023f80                lv_style_is_empty
 .text._lv_style_get_prop_group
                0x10023f8c       0x10 CMakeFiles/rp2040_hid_mouse.dir/lvgl-release-v8.3/src/misc/lv_style.c.obj
                0x10023f8c                _lv_style_get_prop_group
 .text._lv_style_prop_lookup_flags
                0x10023f9c       0x48 CMakeFiles/rp2040_hid_mouse.dir/lvgl-release-v8.3/src/misc/lv_style.c.obj
                0x10023f9c                _lv_style_prop_lookup_flags
 .text.lv_style_set_width
                0x10023fe4        0xc CMakeFiles/rp2040_hid_mouse.dir/lvgl-release-v8.3/src/misc/lv_style_gen.c.obj
                0x10023fe4                lv_style_set_width
 .text.lv_style_set_max_width
                0x10023ff0        0xc CMakeFiles/rp2040_hid_mouse.dir/lvgl-release-v8.3/src/misc/lv_style_gen.c.obj
                0x10023ff0                lv_style_set_max_width
 .text.lv_style_set_height
                0x10023ffc        0xc CMakeFiles/rp2040_hid_mouse.dir/lvgl-release-v8.3/src/misc/lv_style_gen.c.obj
                0x10023ffc                lv_style_set_height
 .text.lv_style_set_max_height
                0x10024008        0xc CMakeFiles/rp2040_hid_mouse.dir/lvgl-release-v8.3/src/misc/lv_style_gen.c.obj
                0x10024008                lv_style_set_max_height
 .text.lv_style_set_transform_width
                0x10024014        0xc CMakeFiles/rp2040_hid_mouse.dir/lvgl-release-v8.3/src/misc/lv_style_gen.c.obj
                0x10024014                lv_style_set_transform_width
 .text.lv_style_set_transform_height
                0x10024020        0xc CMakeFiles/rp2040_hid_mouse.dir/lvgl-release-v8.3/src/misc/lv_style_gen.c.obj
                0x10024020                lv_style_set_transform_height
 .text.lv_style_set_pad_top
                0x1002402c        0xc CMakeFiles/rp2040_hid_mouse.dir/lvgl-release-v8.3/src/misc/lv_style_gen.c.obj
                0x1002402c                lv_style_set_pad_top
 .text.lv_style_set_pad_bottom
                0x10024038        0xc CMakeFiles/rp2040_hid_mouse.dir/lvgl-release-v8.3/src/misc/lv_style_gen.c.obj
                0x10024038                lv_style_set_pad_bottom
 .text.lv_style_set_pad_left
                0x10024044        0xc CMakeFiles/rp2040_hid_mouse.dir/lvgl-release-v8.3/src/misc/lv_style_gen.c.obj
                0x10024044                lv_style_set_pad_left
 .text.lv_style_set_pad_right
                0x10024050        0xc CMakeFiles/rp2040_hid_mouse.dir/lvgl-release-v8.3/src/misc/lv_style_gen.c.obj
                0x10024050                lv_style_set_pad_right
 .text.lv_style_set_pad_row
                0x1002405c        0xc CMakeFiles/rp2040_hid_mouse.dir/lvgl-release-v8.3/src/misc/lv_style_gen.c.obj
                0x1002405c                lv_style_set_pad_row
 .text.lv_style_set_pad_column