Archive member included to satisfy reference by file (symbol)

/home/w0x7ce/Downloads/arm-gnu-toolchain-13.2.rel1-x86_64-arm-none-eabi/arm-gnu-toolchain-13.2.Rel1-x86_64-arm-none-eabi/bin/../lib/gcc/arm-none-eabi/13.2.1/thumb/v6-m/nofp/libgcc.a(_dvmd_tls.o)
                              CMakeFiles/rp2040_oled.dir/home/w0x7ce/pico-sdk/src/rp2_common/pico_divider/divider.S.obj (__aeabi_idiv0)
/home/w0x7ce/Downloads/arm-gnu-toolchain-13.2.rel1-x86_64-arm-none-eabi/arm-gnu-toolchain-13.2.Rel1-x86_64-arm-none-eabi/bin/../lib/gcc/arm-none-eabi/13.2.1/thumb/v6-m/nofp/libgcc.a(_ffssi2.o)
                              CMakeFiles/rp2040_oled.dir/lvgl-release-v8.3/src/misc/lv_tlsf.c.obj (__ffssi2)
/home/w0x7ce/Downloads/arm-gnu-toolchain-13.2.rel1-x86_64-arm-none-eabi/arm-gnu-toolchain-13.2.Rel1-x86_64-arm-none-eabi/bin/../lib/gcc/arm-none-eabi/13.2.1/../../../../arm-none-eabi/lib/thumb/v6-m/nofp/libc.a(libc_a-stpcpy.o)
                              CMakeFiles/rp2040_oled.dir/lvgl-release-v8.3/src/widgets/lv_dropdown.c.obj (stpcpy)
/home/w0x7ce/Downloads/arm-gnu-toolchain-13.2.rel1-x86_64-arm-none-eabi/arm-gnu-toolchain-13.2.Rel1-x86_64-arm-none-eabi/bin/../lib/gcc/arm-none-eabi/13.2.1/../../../../arm-none-eabi/lib/thumb/v6-m/nofp/libc.a(libc_a-malloc.o)
                              CMakeFiles/rp2040_oled.dir/home/w0x7ce/pico-sdk/src/rp2_common/pico_malloc/pico_malloc.c.obj (malloc)
/home/w0x7ce/Downloads/arm-gnu-toolchain-13.2.rel1-x86_64-arm-none-eabi/arm-gnu-toolchain-13.2.Rel1-x86_64-arm-none-eabi/bin/../lib/gcc/arm-none-eabi/13.2.1/../../../../arm-none-eabi/lib/thumb/v6-m/nofp/libc.a(libc_a-mallocr.o)
                              /home/w0x7ce/Downloads/arm-gnu-toolchain-13.2.rel1-x86_64-arm-none-eabi/arm-gnu-toolchain-13.2.Rel1-x86_64-arm-none-eabi/bin/../lib/gcc/arm-none-eabi/13.2.1/../../../../arm-none-eabi/lib/thumb/v6-m/nofp/libc.a(libc_a-malloc.o) (_malloc_r)
/home/w0x7ce/Downloads/arm-gnu-toolchain-13.2.rel1-x86_64-arm-none-eabi/arm-gnu-toolchain-13.2.Rel1-x86_64-arm-none-eabi/bin/../lib/gcc/arm-none-eabi/13.2.1/../../../../arm-none-eabi/lib/thumb/v6-m/nofp/libc.a(libc_a-memcmp.o)
                              CMakeFiles/rp2040_oled.dir/lvgl-release-v8.3/src/misc/lv_lru.c.obj (memcmp)
/home/w0x7ce/Downloads/arm-gnu-toolchain-13.2.rel1-x86_64-arm-none-eabi/arm-gnu-toolchain-13.2.Rel1-x86_64-arm-none-eabi/bin/../lib/gcc/arm-none-eabi/13.2.1/../../../../arm-none-eabi/lib/thumb/v6-m/nofp/libc.a(libc_a-memmove.o)
                              CMakeFiles/rp2040_oled.dir/lvgl-release-v8.3/src/core/lv_event.c.obj (memmove)
/home/w0x7ce/Downloads/arm-gnu-toolchain-13.2.rel1-x86_64-arm-none-eabi/arm-gnu-toolchain-13.2.Rel1-x86_64-arm-none-eabi/bin/../lib/gcc/arm-none-eabi/13.2.1/../../../../arm-none-eabi/lib/thumb/v6-m/nofp/libc.a(libc_a-init.o)
                              /home/w0x7ce/Downloads/arm-gnu-toolchain-13.2.rel1-x86_64-arm-none-eabi/arm-gnu-toolchain-13.2.Rel1-x86_64-arm-none-eabi/bin/../lib/gcc/arm-none-eabi/13.2.1/../../../../arm-none-eabi/lib/thumb/v6-m/nofp/crt0.o (__libc_init_array)
/home/w0x7ce/Downloads/arm-gnu-toolchain-13.2.rel1-x86_64-arm-none-eabi/arm-gnu-toolchain-13.2.Rel1-x86_64-arm-none-eabi/bin/../lib/gcc/arm-none-eabi/13.2.1/../../../../arm-none-eabi/lib/thumb/v6-m/nofp/libc.a(libc_a-sysconf.o)
                              /home/w0x7ce/Downloads/arm-gnu-toolchain-13.2.rel1-x86_64-arm-none-eabi/arm-gnu-toolchain-13.2.Rel1-x86_64-arm-none-eabi/bin/../lib/gcc/arm-none-eabi/13.2.1/../../../../arm-none-eabi/lib/thumb/v6-m/nofp/libc.a(libc_a-mallocr.o) (sysconf)
/home/w0x7ce/Downloads/arm-gnu-toolchain-13.2.rel1-x86_64-arm-none-eabi/arm-gnu-toolchain-13.2.Rel1-x86_64-arm-none-eabi/bin/../lib/gcc/arm-none-eabi/13.2.1/../../../../arm-none-eabi/lib/thumb/v6-m/nofp/libc.a(libc_a-strcmp.o)
                              CMakeFiles/rp2040_oled.dir/lvgl-release-v8.3/src/draw/lv_img_decoder.c.obj (strcmp)
/home/w0x7ce/Downloads/arm-gnu-toolchain-13.2.rel1-x86_64-arm-none-eabi/arm-gnu-toolchain-13.2.Rel1-x86_64-arm-none-eabi/bin/../lib/gcc/arm-none-eabi/13.2.1/../../../../arm-none-eabi/lib/thumb/v6-m/nofp/libc.a(libc_a-strcpy.o)
                              CMakeFiles/rp2040_oled.dir/lvgl-release-v8.3/src/draw/lv_img_decoder.c.obj (strcpy)
/home/w0x7ce/Downloads/arm-gnu-toolchain-13.2.rel1-x86_64-arm-none-eabi/arm-gnu-toolchain-13.2.Rel1-x86_64-arm-none-eabi/bin/../lib/gcc/arm-none-eabi/13.2.1/../../../../arm-none-eabi/lib/thumb/v6-m/nofp/libc.a(libc_a-mlock.o)
                              /home/w0x7ce/Downloads/arm-gnu-toolchain-13.2.rel1-x86_64-arm-none-eabi/arm-gnu-toolchain-13.2.Rel1-x86_64-arm-none-eabi/bin/../lib/gcc/arm-none-eabi/13.2.1/../../../../arm-none-eabi/lib/thumb/v6-m/nofp/libc.a(libc_a-mallocr.o) (__malloc_lock)
/home/w0x7ce/Downloads/arm-gnu-toolchain-13.2.rel1-x86_64-arm-none-eabi/arm-gnu-toolchain-13.2.Rel1-x86_64-arm-none-eabi/bin/../lib/gcc/arm-none-eabi/13.2.1/../../../../arm-none-eabi/lib/thumb/v6-m/nofp/libc.a(libc_a-strchr.o)
[...]
Memory Configuration

Name             Origin             Length             Attributes
FLASH            0x10000000         0x00200000         xr
RAM              0x20000000         0x00040000         xrw
SCRATCH_X        0x20040000         0x00001000         xrw
SCRATCH_Y        0x20041000         0x00001000         xrw
*default*        0x00000000         0xffffffff

Linker script and memory map

LOAD /home/w0x7ce/Downloads/arm-gnu-toolchain-13.2.rel1-x86_64-arm-none-eabi/arm-gnu-toolchain-13.2.Rel1-x86_64-arm-none-eabi/bin/../lib/gcc/arm-none-eabi/13.2.1/thumb/v6-m/nofp/crti.o
LOAD /home/w0x7ce/Downloads/arm-gnu-toolchain-13.2.rel1-x86_64-arm-none-eabi/arm-gnu-toolchain-13.2.Rel1-x86_64-arm-none-eabi/bin/../lib/gcc/arm-none-eabi/13.2.1/thumb/v6-m/nofp/crtbegin.o
LOAD /home/w0x7ce/Downloads/arm-gnu-toolchain-13.2.rel1-x86_64-arm-none-eabi/arm-gnu-toolchain-13.2.Rel1-x86_64-arm-none-eabi/bin/../lib/gcc/arm-none-eabi/13.2.1/../../../../arm-none-eabi/lib/thumb/v6-m/nofp/crt0.o

.flash_begin    0x10000000        0x0
                0x10000000                        __flash_binary_start = .

.boot2          0x10000000      0x100
                0x10000000                        __boot2_start__ = .
 *(.boot2)
 .boot2         0x10000000      0x100 /tmp/cctBeqx5.o
                0x10000100                        __boot2_end__ = .
                0x00000001                        ASSERT (((__boot2_end__ - __boot2_start__) == 0x100), ERROR: Pico second stage bootloader must be 256 bytes in size)

.text           0x10000100    0x37358
                0x10000100                        __logical_binary_start = .
 *(.vectors)
 .vectors       0x10000100       0xd4 CMakeFiles/rp2040_oled.dir/home/w0x7ce/pico-sdk/src/rp2_common/pico_standard_link/crt0.S.obj
                0x10000100                __vectors
                0x10000100                __VECTOR_TABLE
                0x100001c0                isr_invalid
                0x100001c0                __default_isrs_start
                0x100001c2                isr_nmi
                0x100001c4                isr_hardfault
                0x100001c6                isr_svcall
                0x100001c8                isr_pendsv
                0x100001ca                isr_systick
                0x100001cc                isr_irq30
                0x100001cc                __unhandled_user_irq
                0x100001cc                isr_irq13
                0x100001cc                isr_irq27
                0x100001cc                isr_irq31
                0x100001cc                isr_irq5
                0x100001cc                isr_irq11
                0x100001cc                isr_irq23
                0x100001cc                isr_irq18
                0x100001cc                isr_irq28
                0x100001cc                isr_irq19
                0x100001cc                isr_irq0
                0x100001cc                isr_irq6
                0x100001cc                isr_irq22
                0x100001cc                isr_irq17
                0x100001cc                isr_irq14
                0x100001cc                isr_irq2
                0x100001cc                isr_irq10
                0x100001cc                isr_irq8
                0x100001cc                isr_irq24
                0x100001cc                isr_irq1
                0x100001cc                isr_irq7
                0x100001cc                isr_irq21
                0x100001cc                isr_irq20
                0x100001cc                isr_irq15
                0x100001cc                isr_irq25
                0x100001cc                isr_irq4
                0x100001cc                isr_irq16
                0x100001cc                isr_irq29
                0x100001cc                isr_irq26
                0x100001cc                __default_isrs_end
                0x100001cc                isr_irq3
                0x100001cc                isr_irq12
                0x100001cc                isr_irq9
                0x100001d2                unhandled_user_irq_num_in_r0
 *(.binary_info_header)
 .binary_info_header
                0x100001d4       0x14 CMakeFiles/rp2040_oled.dir/home/w0x7ce/pico-sdk/src/rp2_common/pico_standard_link/crt0.S.obj
                0x100001e8                        __binary_info_header_end = .
 *(.reset)
 .reset         0x100001e8       0xa0 CMakeFiles/rp2040_oled.dir/home/w0x7ce/pico-sdk/src/rp2_common/pico_standard_link/crt0.S.obj
                0x100001e8                _entry_point
 .reset         0x10000288       0x30 CMakeFiles/rp2040_oled.dir/home/w0x7ce/pico-sdk/src/rp2_common/pico_standard_link/binary_info.c.obj
 *(.init)
 .init          0x100002b8        0x4 /home/w0x7ce/Downloads/arm-gnu-toolchain-13.2.rel1-x86_64-arm-none-eabi/arm-gnu-toolchain-13.2.Rel1-x86_64-arm-none-eabi/bin/../lib/gcc/arm-none-eabi/13.2.1/thumb/v6-m/nofp/crti.o
                0x100002b8                _init
 *(EXCLUDE_FILE(*libm.a: *libc.a:*lib_a-mem*.o *libgcc.a:) .text*)
 .text.register_tm_clones
                0x100002bc       0x28 /home/w0x7ce/Downloads/arm-gnu-toolchain-13.2.rel1-x86_64-arm-none-eabi/arm-gnu-toolchain-13.2.Rel1-x86_64-arm-none-eabi/bin/../lib/gcc/arm-none-eabi/13.2.1/thumb/v6-m/nofp/crtbegin.o
 .text.frame_dummy
                0x100002e4       0x24 /home/w0x7ce/Downloads/arm-gnu-toolchain-13.2.rel1-x86_64-arm-none-eabi/arm-gnu-toolchain-13.2.Rel1-x86_64-arm-none-eabi/bin/../lib/gcc/arm-none-eabi/13.2.1/thumb/v6-m/nofp/crtbegin.o
 .text.timer_switch_screen
                0x10000308       0x20 CMakeFiles/rp2040_oled.dir/main.c.obj
 .text.lvgl_display_flush_cb
                0x10000328       0x6c CMakeFiles/rp2040_oled.dir/main.c.obj
 .text.update_chart
                0x10000394       0x24 CMakeFiles/rp2040_oled.dir/main.c.obj
 .text.startup.main
                0x100003b8      0x1b0 CMakeFiles/rp2040_oled.dir/main.c.obj
                0x100003b8                main
 .text.opa_scale_anim
                0x10000568        0xc CMakeFiles/rp2040_oled.dir/lvgl-release-v8.3/src/core/lv_disp.c.obj
 .text.set_y_anim
                0x10000574        0xc CMakeFiles/rp2040_oled.dir/lvgl-release-v8.3/src/core/lv_disp.c.obj
 .text.set_x_anim
                0x10000580        0xc CMakeFiles/rp2040_oled.dir/lvgl-release-v8.3/src/core/lv_disp.c.obj
 .text.scr_anim_ready
                0x1000058c       0x54 CMakeFiles/rp2040_oled.dir/lvgl-release-v8.3/src/core/lv_disp.c.obj
 .text.scr_load_internal
                0x100005e0       0x58 CMakeFiles/rp2040_oled.dir/lvgl-release-v8.3/src/core/lv_disp.c.obj
 .text.scr_load_anim_start
                0x10000638       0x30 CMakeFiles/rp2040_oled.dir/lvgl-release-v8.3/src/core/lv_disp.c.obj
 .text.lv_disp_get_scr_act
                0x10000668       0x18 CMakeFiles/rp2040_oled.dir/lvgl-release-v8.3/src/core/lv_disp.c.obj
                0x10000668                lv_disp_get_scr_act
 .text.lv_disp_get_scr_prev
                0x10000680       0x18 CMakeFiles/rp2040_oled.dir/lvgl-release-v8.3/src/core/lv_disp.c.obj
                0x10000680                lv_disp_get_scr_prev
 .text.lv_disp_get_layer_top
                0x10000698       0x18 CMakeFiles/rp2040_oled.dir/lvgl-release-v8.3/src/core/lv_disp.c.obj
                0x10000698                lv_disp_get_layer_top
 .text.lv_disp_get_layer_sys
                0x100006b0       0x18 CMakeFiles/rp2040_oled.dir/lvgl-release-v8.3/src/core/lv_disp.c.obj
                0x100006b0                lv_disp_get_layer_sys
 .text.lv_disp_set_theme
                0x100006c8       0x4c CMakeFiles/rp2040_oled.dir/lvgl-release-v8.3/src/core/lv_disp.c.obj
                0x100006c8                lv_disp_set_theme
 .text.lv_disp_get_theme
                0x10000714       0x10 CMakeFiles/rp2040_oled.dir/lvgl-release-v8.3/src/core/lv_disp.c.obj
                0x10000714                lv_disp_get_theme
 .text.lv_scr_load_anim
                0x10000724      0x2f8 CMakeFiles/rp2040_oled.dir/lvgl-release-v8.3/src/core/lv_disp.c.obj
                0x10000724                lv_scr_load_anim
 .text.lv_disp_load_scr
                0x10000a1c       0x14 CMakeFiles/rp2040_oled.dir/lvgl-release-v8.3/src/core/lv_disp.c.obj
                0x10000a1c                lv_disp_load_scr
 .text.lv_disp_is_invalidation_enabled
                0x10000a30       0x20 CMakeFiles/rp2040_oled.dir/lvgl-release-v8.3/src/core/lv_disp.c.obj
                0x10000a30                lv_disp_is_invalidation_enabled
 .text.event_send_core
                0x10000a50      0x1b8 CMakeFiles/rp2040_oled.dir/lvgl-release-v8.3/src/core/lv_event.c.obj
 .text.lv_event_send
                0x10000c08       0x40 CMakeFiles/rp2040_oled.dir/lvgl-release-v8.3/src/core/lv_event.c.obj
                0x10000c08                lv_event_send
 .text.lv_obj_event_base
                0x10000c48       0x38 CMakeFiles/rp2040_oled.dir/lvgl-release-v8.3/src/core/lv_event.c.obj
                0x10000c48                lv_obj_event_base
 .text.lv_event_get_target
                0x10000c80        0x4 CMakeFiles/rp2040_oled.dir/lvgl-release-v8.3/src/core/lv_event.c.obj
                0x10000c80                lv_event_get_target
 .text.lv_event_get_current_target
                0x10000c84        0x4 CMakeFiles/rp2040_oled.dir/lvgl-release-v8.3/src/core/lv_event.c.obj
                0x10000c84                lv_event_get_current_target
 .text.lv_event_get_code
                0x10000c88        0x8 CMakeFiles/rp2040_oled.dir/lvgl-release-v8.3/src/core/lv_event.c.obj
                0x10000c88                lv_event_get_code
 .text.lv_event_get_param
                0x10000c90        0x4 CMakeFiles/rp2040_oled.dir/lvgl-release-v8.3/src/core/lv_event.c.obj
                0x10000c90                lv_event_get_param
 .text.lv_event_get_user_data
                0x10000c94        0x4 CMakeFiles/rp2040_oled.dir/lvgl-release-v8.3/src/core/lv_event.c.obj
                0x10000c94                lv_event_get_user_data
 .text._lv_event_mark_deleted
                0x10000c98       0x30 CMakeFiles/rp2040_oled.dir/lvgl-release-v8.3/src/core/lv_event.c.obj
                0x10000c98                _lv_event_mark_deleted
 .text.lv_obj_add_event_cb
                0x10000cc8       0x60 CMakeFiles/rp2040_oled.dir/lvgl-release-v8.3/src/core/lv_event.c.obj
                0x10000cc8                lv_obj_add_event_cb
 .text.lv_event_get_indev
                0x10000d28       0x10 CMakeFiles/rp2040_oled.dir/lvgl-release-v8.3/src/core/lv_event.c.obj
                0x10000d28                lv_event_get_indev
 .text.lv_event_get_draw_ctx
                0x10000d38       0x10 CMakeFiles/rp2040_oled.dir/lvgl-release-v8.3/src/core/lv_event.c.obj
                0x10000d38                lv_event_get_draw_ctx
 .text.lv_event_set_ext_draw_size
                0x10000d48       0x20 CMakeFiles/rp2040_oled.dir/lvgl-release-v8.3/src/core/lv_event.c.obj
                0x10000d48                lv_event_set_ext_draw_size
 .text.focus_next_core
                0x10000d68      0x1a8 CMakeFiles/rp2040_oled.dir/lvgl-release-v8.3/src/core/lv_group.c.obj
 .text.lv_group_refocus
                0x10000f10       0x64 CMakeFiles/rp2040_oled.dir/lvgl-release-v8.3/src/core/lv_group.c.obj
 .text._lv_group_init
                0x10000f74       0x10 CMakeFiles/rp2040_oled.dir/lvgl-release-v8.3/src/core/lv_group.c.obj
                0x10000f74                _lv_group_init
 .text.lv_group_get_default
                0x10000f84        0xc CMakeFiles/rp2040_oled.dir/lvgl-release-v8.3/src/core/lv_group.c.obj
                0x10000f84                lv_group_get_default
 .text.lv_group_remove_obj
                0x10000f90       0xf8 CMakeFiles/rp2040_oled.dir/lvgl-release-v8.3/src/core/lv_group.c.obj
                0x10000f90                lv_group_remove_obj
 .text.lv_group_add_obj
                0x10001088       0x80 CMakeFiles/rp2040_oled.dir/lvgl-release-v8.3/src/core/lv_group.c.obj
                0x10001088                lv_group_add_obj
 .text.lv_group_focus_next
                0x10001108       0x28 CMakeFiles/rp2040_oled.dir/lvgl-release-v8.3/src/core/lv_group.c.obj
                0x10001108                lv_group_focus_next
 .text.lv_group_set_editing
                0x10001130       0xa8 CMakeFiles/rp2040_oled.dir/lvgl-release-v8.3/src/core/lv_group.c.obj
                0x10001130                lv_group_set_editing
 .text.lv_group_get_focused
                0x100011d8       0x14 CMakeFiles/rp2040_oled.dir/lvgl-release-v8.3/src/core/lv_group.c.obj
                0x100011d8                lv_group_get_focused
 .text.lv_group_get_editing
                0x100011ec       0x10 CMakeFiles/rp2040_oled.dir/lvgl-release-v8.3/src/core/lv_group.c.obj
                0x100011ec                lv_group_get_editing
 .text.lv_indev_get_act
                0x100011fc        0xc CMakeFiles/rp2040_oled.dir/lvgl-release-v8.3/src/core/lv_indev.c.obj
                0x100011fc                lv_indev_get_act
 .text.lv_indev_get_type
                0x10001208       0x10 CMakeFiles/rp2040_oled.dir/lvgl-release-v8.3/src/core/lv_indev.c.obj
                0x10001208                lv_indev_get_type
 .text.lv_indev_reset
                0x10001218       0xe8 CMakeFiles/rp2040_oled.dir/lvgl-release-v8.3/src/core/lv_indev.c.obj
                0x10001218                lv_indev_reset
 .text.lv_indev_reset_long_press
                0x10001300       0x1c CMakeFiles/rp2040_oled.dir/lvgl-release-v8.3/src/core/lv_indev.c.obj
                0x10001300                lv_indev_reset_long_press
 .text.lv_indev_get_point
                0x1000131c       0x2c CMakeFiles/rp2040_oled.dir/lvgl-release-v8.3/src/core/lv_indev.c.obj
                0x1000131c                lv_indev_get_point
 .text.lv_indev_get_scroll_dir
                0x10001348       0x20 CMakeFiles/rp2040_oled.dir/lvgl-release-v8.3/src/core/lv_indev.c.obj
                0x10001348                lv_indev_get_scroll_dir
 .text.lv_indev_get_scroll_obj
                0x10001368       0x1c CMakeFiles/rp2040_oled.dir/lvgl-release-v8.3/src/core/lv_indev.c.obj
                0x10001368                lv_indev_get_scroll_obj
 .text.lv_indev_get_vect
                0x10001384       0x24 CMakeFiles/rp2040_oled.dir/lvgl-release-v8.3/src/core/lv_indev.c.obj
                0x10001384                lv_indev_get_vect
 .text.lv_indev_wait_release
                0x100013a8       0x10 CMakeFiles/rp2040_oled.dir/lvgl-release-v8.3/src/core/lv_indev.c.obj
                0x100013a8                lv_indev_wait_release
 .text.lv_indev_get_obj_act
                0x100013b8        0xc CMakeFiles/rp2040_oled.dir/lvgl-release-v8.3/src/core/lv_indev.c.obj
                0x100013b8                lv_indev_get_obj_act
 .text.lv_indev_scroll_throw_predict
                0x100013c4       0x44 CMakeFiles/rp2040_oled.dir/lvgl-release-v8.3/src/core/lv_indev_scroll.c.obj
                0x100013c4                lv_indev_scroll_throw_predict
 .text.lv_obj_draw
                0x10001408      0x488 CMakeFiles/rp2040_oled.dir/lvgl-release-v8.3/src/core/lv_obj.c.obj
 .text.lv_obj_destructor
                0x10001890       0x70 CMakeFiles/rp2040_oled.dir/lvgl-release-v8.3/src/core/lv_obj.c.obj
 .text.lv_obj_constructor
                0x10001900       0x68 CMakeFiles/rp2040_oled.dir/lvgl-release-v8.3/src/core/lv_obj.c.obj
 .text.lv_obj_set_state
                0x10001968      0x2e4 CMakeFiles/rp2040_oled.dir/lvgl-release-v8.3/src/core/lv_obj.c.obj
 .text.lv_obj_event
                0x10001c4c      0x384 CMakeFiles/rp2040_oled.dir/lvgl-release-v8.3/src/core/lv_obj.c.obj
 .text.lv_init  0x10001fd0       0x58 CMakeFiles/rp2040_oled.dir/lvgl-release-v8.3/src/core/lv_obj.c.obj
                0x10001fd0                lv_init
 .text.lv_obj_create
                0x10002028       0x1c CMakeFiles/rp2040_oled.dir/lvgl-release-v8.3/src/core/lv_obj.c.obj
                0x10002028                lv_obj_create
 .text.lv_obj_add_flag
                0x10002044       0x98 CMakeFiles/rp2040_oled.dir/lvgl-release-v8.3/src/core/lv_obj.c.obj
                0x10002044                lv_obj_add_flag
 .text.lv_obj_clear_flag
                0x100020dc       0x84 CMakeFiles/rp2040_oled.dir/lvgl-release-v8.3/src/core/lv_obj.c.obj
                0x100020dc                lv_obj_clear_flag
 .text.lv_obj_add_state
                0x10002160       0x10 CMakeFiles/rp2040_oled.dir/lvgl-release-v8.3/src/core/lv_obj.c.obj
                0x10002160                lv_obj_add_state
 .text.lv_obj_clear_state
                0x10002170       0x14 CMakeFiles/rp2040_oled.dir/lvgl-release-v8.3/src/core/lv_obj.c.obj
                0x10002170                lv_obj_clear_state
 .text.lv_obj_has_flag
                0x10002184       0x10 CMakeFiles/rp2040_oled.dir/lvgl-release-v8.3/src/core/lv_obj.c.obj
                0x10002184                lv_obj_has_flag
 .text.lv_obj_has_flag_any
                0x10002194        0xc CMakeFiles/rp2040_oled.dir/lvgl-release-v8.3/src/core/lv_obj.c.obj
                0x10002194                lv_obj_has_flag_any
 .text.lv_obj_get_state
                0x100021a0        0x4 CMakeFiles/rp2040_oled.dir/lvgl-release-v8.3/src/core/lv_obj.c.obj
                0x100021a0                lv_obj_get_state
 .text.lv_obj_get_group
                0x100021a4        0xc CMakeFiles/rp2040_oled.dir/lvgl-release-v8.3/src/core/lv_obj.c.obj
                0x100021a4                lv_obj_get_group
 .text.lv_obj_allocate_spec_attr
                0x100021b0       0x44 CMakeFiles/rp2040_oled.dir/lvgl-release-v8.3/src/core/lv_obj.c.obj
                0x100021b0                lv_obj_allocate_spec_attr
 .text.lv_obj_check_type
                0x100021f4       0x14 CMakeFiles/rp2040_oled.dir/lvgl-release-v8.3/src/core/lv_obj.c.obj
                0x100021f4                lv_obj_check_type
 .text.lv_obj_construct
                0x10002208       0x6c CMakeFiles/rp2040_oled.dir/lvgl-release-v8.3/src/core/lv_obj_class.c.obj
 .text.lv_obj_class_create_obj
                0x10002274       0xf0 CMakeFiles/rp2040_oled.dir/lvgl-release-v8.3/src/core/lv_obj_class.c.obj
                0x10002274                lv_obj_class_create_obj
 .text.lv_obj_class_init_obj
                0x10002364       0xec CMakeFiles/rp2040_oled.dir/lvgl-release-v8.3/src/core/lv_obj_class.c.obj
                0x10002364                lv_obj_class_init_obj
 .text._lv_obj_destruct
                0x10002450       0x28 CMakeFiles/rp2040_oled.dir/lvgl-release-v8.3/src/core/lv_obj_class.c.obj
                0x10002450                _lv_obj_destruct
 .text.lv_obj_is_editable
                0x10002478       0x28 CMakeFiles/rp2040_oled.dir/lvgl-release-v8.3/src/core/lv_obj_class.c.obj
                0x10002478                lv_obj_is_editable
 .text.lv_obj_init_draw_rect_dsc
                0x100024a0      0x314 CMakeFiles/rp2040_oled.dir/lvgl-release-v8.3/src/core/lv_obj_draw.c.obj
                0x100024a0                lv_obj_init_draw_rect_dsc
 .text.lv_obj_init_draw_label_dsc
                0x100027b4       0xbc CMakeFiles/rp2040_oled.dir/lvgl-release-v8.3/src/core/lv_obj_draw.c.obj
                0x100027b4                lv_obj_init_draw_label_dsc
 .text.lv_obj_init_draw_img_dsc
                0x10002870       0xb0 CMakeFiles/rp2040_oled.dir/lvgl-release-v8.3/src/core/lv_obj_draw.c.obj
                0x10002870                lv_obj_init_draw_img_dsc
 .text.lv_obj_init_draw_line_dsc
                0x10002920       0xc4 CMakeFiles/rp2040_oled.dir/lvgl-release-v8.3/src/core/lv_obj_draw.c.obj
                0x10002920                lv_obj_init_draw_line_dsc
 .text.lv_obj_init_draw_arc_dsc
                0x100029e4       0xa8 CMakeFiles/rp2040_oled.dir/lvgl-release-v8.3/src/core/lv_obj_draw.c.obj
                0x100029e4                lv_obj_init_draw_arc_dsc
 .text.lv_obj_calculate_ext_draw_size
                0x10002a8c       0xec CMakeFiles/rp2040_oled.dir/lvgl-release-v8.3/src/core/lv_obj_draw.c.obj
                0x10002a8c                lv_obj_calculate_ext_draw_size
 .text.lv_obj_draw_dsc_init
                0x10002b78       0x10 CMakeFiles/rp2040_oled.dir/lvgl-release-v8.3/src/core/lv_obj_draw.c.obj
                0x10002b78                lv_obj_draw_dsc_init
 .text.lv_obj_refresh_ext_draw_size
                0x10002b88       0x6c CMakeFiles/rp2040_oled.dir/lvgl-release-v8.3/src/core/lv_obj_draw.c.obj
                0x10002b88                lv_obj_refresh_ext_draw_size
 .text._lv_obj_get_ext_draw_size
                0x10002bf4       0x10 CMakeFiles/rp2040_oled.dir/lvgl-release-v8.3/src/core/lv_obj_draw.c.obj
                0x10002bf4                _lv_obj_get_ext_draw_size
 .text._lv_obj_get_layer_type
                0x10002c04       0x10 CMakeFiles/rp2040_oled.dir/lvgl-release-v8.3/src/core/lv_obj_draw.c.obj
                0x10002c04                _lv_obj_get_layer_type
 .text.transform_point
                0x10002c14      0x12c CMakeFiles/rp2040_oled.dir/lvgl-release-v8.3/src/core/lv_obj_pos.c.obj
 .text.lv_obj_set_pos
                0x10002d40       0x68 CMakeFiles/rp2040_oled.dir/lvgl-release-v8.3/src/core/lv_obj_pos.c.obj
                0x10002d40                lv_obj_set_pos
 .text.lv_obj_set_x
                0x10002da8       0x30 CMakeFiles/rp2040_oled.dir/lvgl-release-v8.3/src/core/lv_obj_pos.c.obj
                0x10002da8                lv_obj_set_x
 .text.lv_obj_set_y
                0x10002dd8       0x30 CMakeFiles/rp2040_oled.dir/lvgl-release-v8.3/src/core/lv_obj_pos.c.obj
                0x10002dd8                lv_obj_set_y
 .text.lv_obj_set_size
                0x10002e08       0x68 CMakeFiles/rp2040_oled.dir/lvgl-release-v8.3/src/core/lv_obj_pos.c.obj
                0x10002e08                lv_obj_set_size
 .text.lv_obj_set_width
                0x10002e70       0x30 CMakeFiles/rp2040_oled.dir/lvgl-release-v8.3/src/core/lv_obj_pos.c.obj
                0x10002e70                lv_obj_set_width
 .text.lv_obj_set_height
                0x10002ea0       0x30 CMakeFiles/rp2040_oled.dir/lvgl-release-v8.3/src/core/lv_obj_pos.c.obj
                0x10002ea0                lv_obj_set_height
 .text.lv_obj_set_layout
                0x10002ed0       0x34 CMakeFiles/rp2040_oled.dir/lvgl-release-v8.3/src/core/lv_obj_pos.c.obj
                0x10002ed0                lv_obj_set_layout
 .text.lv_obj_is_layout_positioned
                0x10002f04       0x34 CMakeFiles/rp2040_oled.dir/lvgl-release-v8.3/src/core/lv_obj_pos.c.obj
                0x10002f04                lv_obj_is_layout_positioned
 .text.lv_obj_mark_layout_as_dirty
                0x10002f38       0x28 CMakeFiles/rp2040_oled.dir/lvgl-release-v8.3/src/core/lv_obj_pos.c.obj
                0x10002f38                lv_obj_mark_layout_as_dirty
 .text.lv_layout_register
                0x10002f60       0x3c CMakeFiles/rp2040_oled.dir/lvgl-release-v8.3/src/core/lv_obj_pos.c.obj
                0x10002f60                lv_layout_register
 .text.lv_obj_set_align
                0x10002f9c        0xc CMakeFiles/rp2040_oled.dir/lvgl-release-v8.3/src/core/lv_obj_pos.c.obj
                0x10002f9c                lv_obj_set_align
 .text.lv_obj_align
                0x10002fa8       0x70 CMakeFiles/rp2040_oled.dir/lvgl-release-v8.3/src/core/lv_obj_pos.c.obj
                0x10002fa8                lv_obj_align
 .text.lv_obj_get_coords
                0x10003018       0x1c CMakeFiles/rp2040_oled.dir/lvgl-release-v8.3/src/core/lv_obj_pos.c.obj
                0x10003018                lv_obj_get_coords
 .text.lv_obj_get_x
                0x10003034       0x4c CMakeFiles/rp2040_oled.dir/lvgl-release-v8.3/src/core/lv_obj_pos.c.obj
                0x10003034                lv_obj_get_x
 .text.lv_obj_get_y
                0x10003080       0x4c CMakeFiles/rp2040_oled.dir/lvgl-release-v8.3/src/core/lv_obj_pos.c.obj
                0x10003080                lv_obj_get_y
 .text.lv_obj_get_y2
                0x100030cc       0x5c CMakeFiles/rp2040_oled.dir/lvgl-release-v8.3/src/core/lv_obj_pos.c.obj
                0x100030cc                lv_obj_get_y2
 .text.lv_obj_get_width
                0x10003128        0xc CMakeFiles/rp2040_oled.dir/lvgl-release-v8.3/src/core/lv_obj_pos.c.obj
                0x10003128                lv_obj_get_width
 .text.lv_obj_get_height
                0x10003134        0xc CMakeFiles/rp2040_oled.dir/lvgl-release-v8.3/src/core/lv_obj_pos.c.obj
                0x10003134                lv_obj_get_height
 .text.lv_obj_get_content_width
                0x10003140       0x3c CMakeFiles/rp2040_oled.dir/lvgl-release-v8.3/src/core/lv_obj_pos.c.obj
                0x10003140                lv_obj_get_content_width
 .text.lv_obj_get_content_height
                0x1000317c       0x3c CMakeFiles/rp2040_oled.dir/lvgl-release-v8.3/src/core/lv_obj_pos.c.obj
                0x1000317c                lv_obj_get_content_height
 .text.lv_obj_get_content_coords
                0x100031b8       0x74 CMakeFiles/rp2040_oled.dir/lvgl-release-v8.3/src/core/lv_obj_pos.c.obj
                0x100031b8                lv_obj_get_content_coords
 .text.lv_obj_get_self_width
                0x1000322c       0x20 CMakeFiles/rp2040_oled.dir/lvgl-release-v8.3/src/core/lv_obj_pos.c.obj
                0x1000322c                lv_obj_get_self_width
 .text.lv_obj_get_self_height
                0x1000324c       0x20 CMakeFiles/rp2040_oled.dir/lvgl-release-v8.3/src/core/lv_obj_pos.c.obj
                0x1000324c                lv_obj_get_self_height
 .text.lv_obj_refresh_self_size
                0x1000326c       0x58 CMakeFiles/rp2040_oled.dir/lvgl-release-v8.3/src/core/lv_obj_pos.c.obj
                0x1000326c                lv_obj_refresh_self_size
 .text.lv_obj_move_children_by
                0x100032c4      0x2ec CMakeFiles/rp2040_oled.dir/lvgl-release-v8.3/src/core/lv_obj_pos.c.obj
                0x100032c4                lv_obj_move_children_by
 .text.lv_obj_transform_point
                0x100035b0       0x94 CMakeFiles/rp2040_oled.dir/lvgl-release-v8.3/src/core/lv_obj_pos.c.obj
                0x100035b0                lv_obj_transform_point
 .text.lv_obj_get_transformed_area
                0x10003644      0x370 CMakeFiles/rp2040_oled.dir/lvgl-release-v8.3/src/core/lv_obj_pos.c.obj
                0x10003644                lv_obj_get_transformed_area
 .text.lv_obj_area_is_visible
                0x100039b4      0x100 CMakeFiles/rp2040_oled.dir/lvgl-release-v8.3/src/core/lv_obj_pos.c.obj
                0x100039b4                lv_obj_area_is_visible
 .text.lv_obj_invalidate_area
                0x10003ab4       0x48 CMakeFiles/rp2040_oled.dir/lvgl-release-v8.3/src/core/lv_obj_pos.c.obj
                0x10003ab4                lv_obj_invalidate_area
 .text.lv_obj_invalidate
                0x10003afc       0x78 CMakeFiles/rp2040_oled.dir/lvgl-release-v8.3/src/core/lv_obj_pos.c.obj
                0x10003afc                lv_obj_invalidate
 .text.lv_obj_move_to
                0x10003b74      0x1b0 CMakeFiles/rp2040_oled.dir/lvgl-release-v8.3/src/core/lv_obj_pos.c.obj
                0x10003b74                lv_obj_move_to
 .text.lv_obj_refr_pos
                0x10003d24      0x338 CMakeFiles/rp2040_oled.dir/lvgl-release-v8.3/src/core/lv_obj_pos.c.obj
                0x10003d24                lv_obj_refr_pos
 .text.lv_obj_refr_size
                0x1000405c      0x848 CMakeFiles/rp2040_oled.dir/lvgl-release-v8.3/src/core/lv_obj_pos.c.obj
                0x1000405c                lv_obj_refr_size
 .text.layout_update_core
                0x100048a4       0xb8 CMakeFiles/rp2040_oled.dir/lvgl-release-v8.3/src/core/lv_obj_pos.c.obj
 .text.lv_obj_align_to
                0x1000495c      0x5b4 CMakeFiles/rp2040_oled.dir/lvgl-release-v8.3/src/core/lv_obj_pos.c.obj
                0x1000495c                lv_obj_align_to
 .text.lv_obj_update_layout
                0x10004f10      0x104 CMakeFiles/rp2040_oled.dir/lvgl-release-v8.3/src/core/lv_obj_pos.c.obj
                0x10004f10                lv_obj_update_layout
 .text.lv_obj_is_visible
                0x10005014       0x3c CMakeFiles/rp2040_oled.dir/lvgl-release-v8.3/src/core/lv_obj_pos.c.obj
                0x10005014                lv_obj_is_visible
 .text.lv_obj_set_ext_click_area
                0x10005050       0x10 CMakeFiles/rp2040_oled.dir/lvgl-release-v8.3/src/core/lv_obj_pos.c.obj
                0x10005050                lv_obj_set_ext_click_area
 .text.lv_obj_get_click_area
                0x10005060       0x34 CMakeFiles/rp2040_oled.dir/lvgl-release-v8.3/src/core/lv_obj_pos.c.obj
                0x10005060                lv_obj_get_click_area
 .text.scroll_anim_ready_cb
                0x10005094       0x10 CMakeFiles/rp2040_oled.dir/lvgl-release-v8.3/src/core/lv_obj_scroll.c.obj
 .text.lv_obj_get_scroll_left.part.0
                0x100050a4       0xe4 CMakeFiles/rp2040_oled.dir/lvgl-release-v8.3/src/core/lv_obj_scroll.c.obj
 .text.lv_obj_get_scroll_right.part.0
                0x10005188       0xe8 CMakeFiles/rp2040_oled.dir/lvgl-release-v8.3/src/core/lv_obj_scroll.c.obj
 .text.scroll_x_anim
                0x10005270       0x50 CMakeFiles/rp2040_oled.dir/lvgl-release-v8.3/src/core/lv_obj_scroll.c.obj
 .text.scroll_y_anim
                0x100052c0       0x50 CMakeFiles/rp2040_oled.dir/lvgl-release-v8.3/src/core/lv_obj_scroll.c.obj
 .text.lv_obj_set_scrollbar_mode
                0x10005310       0x28 CMakeFiles/rp2040_oled.dir/lvgl-release-v8.3/src/core/lv_obj_scroll.c.obj
                0x10005310                lv_obj_set_scrollbar_mode
 .text.lv_obj_set_scroll_dir
                0x10005338       0x24 CMakeFiles/rp2040_oled.dir/lvgl-release-v8.3/src/core/lv_obj_scroll.c.obj
                0x10005338                lv_obj_set_scroll_dir
 .text.lv_obj_set_scroll_snap_x
                0x1000535c       0x20 CMakeFiles/rp2040_oled.dir/lvgl-release-v8.3/src/core/lv_obj_scroll.c.obj
                0x1000535c                lv_obj_set_scroll_snap_x
 .text.lv_obj_set_scroll_snap_y
                0x1000537c       0x20 CMakeFiles/rp2040_oled.dir/lvgl-release-v8.3/src/core/lv_obj_scroll.c.obj
                0x1000537c                lv_obj_set_scroll_snap_y
 .text.lv_obj_get_scrollbar_mode
                0x1000539c       0x14 CMakeFiles/rp2040_oled.dir/lvgl-release-v8.3/src/core/lv_obj_scroll.c.obj
                0x1000539c                lv_obj_get_scrollbar_mode
 .text.lv_obj_get_scroll_dir
                0x100053b0       0x14 CMakeFiles/rp2040_oled.dir/lvgl-release-v8.3/src/core/lv_obj_scroll.c.obj
                0x100053b0                lv_obj_get_scroll_dir
 .text.lv_obj_get_scroll_x
                0x100053c4       0x14 CMakeFiles/rp2040_oled.dir/lvgl-release-v8.3/src/core/lv_obj_scroll.c.obj
                0x100053c4                lv_obj_get_scroll_x
 .text.lv_obj_get_scroll_y
                0x100053d8       0x14 CMakeFiles/rp2040_oled.dir/lvgl-release-v8.3/src/core/lv_obj_scroll.c.obj
                0x100053d8                lv_obj_get_scroll_y
 .text.lv_obj_get_scroll_top
                0x100053ec       0x14 CMakeFiles/rp2040_oled.dir/lvgl-release-v8.3/src/core/lv_obj_scroll.c.obj
                0x100053ec                lv_obj_get_scroll_top
 .text.lv_obj_get_scroll_bottom
                0x10005400       0xe8 CMakeFiles/rp2040_oled.dir/lvgl-release-v8.3/src/core/lv_obj_scroll.c.obj
                0x10005400                lv_obj_get_scroll_bottom
 .text.lv_obj_get_scrollbar_area.part.0
                0x100054e8      0x8a8 CMakeFiles/rp2040_oled.dir/lvgl-release-v8.3/src/core/lv_obj_scroll.c.obj
 .text.lv_obj_get_scroll_left
                0x10005d90       0x2c CMakeFiles/rp2040_oled.dir/lvgl-release-v8.3/src/core/lv_obj_scroll.c.obj
                0x10005d90                lv_obj_get_scroll_left
 .text.lv_obj_get_scroll_right
                0x10005dbc       0x2c CMakeFiles/rp2040_oled.dir/lvgl-release-v8.3/src/core/lv_obj_scroll.c.obj
                0x10005dbc                lv_obj_get_scroll_right
 .text.lv_obj_get_scroll_end
                0x10005de8       0x68 CMakeFiles/rp2040_oled.dir/lvgl-release-v8.3/src/core/lv_obj_scroll.c.obj
                0x10005de8                lv_obj_get_scroll_end
 .text.lv_obj_scroll_by
                0x10005e50      0x170 CMakeFiles/rp2040_oled.dir/lvgl-release-v8.3/src/core/lv_obj_scroll.c.obj
                0x10005e50                lv_obj_scroll_by
 .text.lv_obj_scroll_by_bounded.part.0
                0x10005fc0      0x248 CMakeFiles/rp2040_oled.dir/lvgl-release-v8.3/src/core/lv_obj_scroll.c.obj
 .text.scroll_area_into_view
                0x10006208      0x3b4 CMakeFiles/rp2040_oled.dir/lvgl-release-v8.3/src/core/lv_obj_scroll.c.obj
 .text.lv_obj_scroll_by_bounded
                0x100065bc      0x240 CMakeFiles/rp2040_oled.dir/lvgl-release-v8.3/src/core/lv_obj_scroll.c.obj
                0x100065bc                lv_obj_scroll_by_bounded
 .text.lv_obj_scroll_to
                0x100067fc       0x68 CMakeFiles/rp2040_oled.dir/lvgl-release-v8.3/src/core/lv_obj_scroll.c.obj
                0x100067fc                lv_obj_scroll_to
 .text.lv_obj_scroll_to_x
                0x10006864       0x38 CMakeFiles/rp2040_oled.dir/lvgl-release-v8.3/src/core/lv_obj_scroll.c.obj
                0x10006864                lv_obj_scroll_to_x
 .text.lv_obj_scroll_to_y
                0x1000689c       0x38 CMakeFiles/rp2040_oled.dir/lvgl-release-v8.3/src/core/lv_obj_scroll.c.obj
                0x1000689c                lv_obj_scroll_to_y
 .text.lv_obj_scroll_to_view_recursive
                0x100068d4       0x3c CMakeFiles/rp2040_oled.dir/lvgl-release-v8.3/src/core/lv_obj_scroll.c.obj
                0x100068d4                lv_obj_scroll_to_view_recursive
 .text.lv_obj_get_scrollbar_area
                0x10006910       0x44 CMakeFiles/rp2040_oled.dir/lvgl-release-v8.3/src/core/lv_obj_scroll.c.obj
                0x10006910                lv_obj_get_scrollbar_area
 .text.lv_obj_scrollbar_invalidate
                0x10006954       0x84 CMakeFiles/rp2040_oled.dir/lvgl-release-v8.3/src/core/lv_obj_scroll.c.obj
                0x10006954                lv_obj_scrollbar_invalidate
 .text.lv_obj_readjust_scroll
                0x100069d8      0x114 CMakeFiles/rp2040_oled.dir/lvgl-release-v8.3/src/core/lv_obj_scroll.c.obj
                0x100069d8                lv_obj_readjust_scroll
 .text.get_local_style
                0x10006aec       0xf0 CMakeFiles/rp2040_oled.dir/lvgl-release-v8.3/src/core/lv_obj_style.c.obj
 .text.get_trans_style
                0x10006bdc       0xb8 CMakeFiles/rp2040_oled.dir/lvgl-release-v8.3/src/core/lv_obj_style.c.obj
 .text.trans_del.isra.0
                0x10006c94      0x15c CMakeFiles/rp2040_oled.dir/lvgl-release-v8.3/src/core/lv_obj_style.c.obj
 .text.refresh_children_style
                0x10006df0      0x290 CMakeFiles/rp2040_oled.dir/lvgl-release-v8.3/src/core/lv_obj_style.c.obj
 .text._lv_obj_style_init
                0x10007080       0x10 CMakeFiles/rp2040_oled.dir/lvgl-release-v8.3/src/core/lv_obj_style.c.obj
                0x10007080                _lv_obj_style_init
 .text.lv_obj_enable_style_refresh
                0x10007090        0xc CMakeFiles/rp2040_oled.dir/lvgl-release-v8.3/src/core/lv_obj_style.c.obj
                0x10007090                lv_obj_enable_style_refresh
 .text.lv_obj_get_style_prop
                0x1000709c      0x1a4 CMakeFiles/rp2040_oled.dir/lvgl-release-v8.3/src/core/lv_obj_style.c.obj
                0x1000709c                lv_obj_get_style_prop
 .text.lv_obj_refresh_style.part.0
                0x10007240      0x22c CMakeFiles/rp2040_oled.dir/lvgl-release-v8.3/src/core/lv_obj_style.c.obj
 .text.lv_obj_refresh_style
                0x1000746c       0x14 CMakeFiles/rp2040_oled.dir/lvgl-release-v8.3/src/core/lv_obj_style.c.obj
                0x1000746c                lv_obj_refresh_style
 .text.lv_obj_add_style
                0x10007480       0xec CMakeFiles/rp2040_oled.dir/lvgl-release-v8.3/src/core/lv_obj_style.c.obj
                0x10007480                lv_obj_add_style
 .text.trans_anim_cb
                0x1000756c      0x184 CMakeFiles/rp2040_oled.dir/lvgl-release-v8.3/src/core/lv_obj_style.c.obj
 .text.lv_obj_remove_style
                0x100076f0      0x158 CMakeFiles/rp2040_oled.dir/lvgl-release-v8.3/src/core/lv_obj_style.c.obj
                0x100076f0                lv_obj_remove_style
 .text.trans_anim_ready_cb
                0x10007848       0xc4 CMakeFiles/rp2040_oled.dir/lvgl-release-v8.3/src/core/lv_obj_style.c.obj
 .text.report_style_change_core
                0x1000790c      0x450 CMakeFiles/rp2040_oled.dir/lvgl-release-v8.3/src/core/lv_obj_style.c.obj
 .text.lv_obj_report_style_change
                0x10007d5c       0xb4 CMakeFiles/rp2040_oled.dir/lvgl-release-v8.3/src/core/lv_obj_style.c.obj
                0x10007d5c                lv_obj_report_style_change
 .text.trans_anim_start_cb
                0x10007e10       0x40 CMakeFiles/rp2040_oled.dir/lvgl-release-v8.3/src/core/lv_obj_style.c.obj
 .text.lv_obj_set_local_style_prop
                0x10007e50       0x30 CMakeFiles/rp2040_oled.dir/lvgl-release-v8.3/src/core/lv_obj_style.c.obj
                0x10007e50                lv_obj_set_local_style_prop
 .text.lv_obj_get_local_style_prop
                0x10007e80       0x34 CMakeFiles/rp2040_oled.dir/lvgl-release-v8.3/src/core/lv_obj_style.c.obj
                0x10007e80                lv_obj_get_local_style_prop
 .text.lv_obj_remove_local_style_prop
                0x10007eb4       0x6c CMakeFiles/rp2040_oled.dir/lvgl-release-v8.3/src/core/lv_obj_style.c.obj
                0x10007eb4                lv_obj_remove_local_style_prop
 .text._lv_obj_style_create_transition
                0x10007f20      0x180 CMakeFiles/rp2040_oled.dir/lvgl-release-v8.3/src/core/lv_obj_style.c.obj
                0x10007f20                _lv_obj_style_create_transition
 .text._lv_obj_style_apply_color_filter
                0x100080a0       0x40 CMakeFiles/rp2040_oled.dir/lvgl-release-v8.3/src/core/lv_obj_style.c.obj
                0x100080a0                _lv_obj_style_apply_color_filter
 .text._lv_obj_style_state_compare
                0x100080e0      0x274 CMakeFiles/rp2040_oled.dir/lvgl-release-v8.3/src/core/lv_obj_style.c.obj
                0x100080e0                _lv_obj_style_state_compare
 .text.lv_obj_style_get_selector_state
                0x10008354        0x4 CMakeFiles/rp2040_oled.dir/lvgl-release-v8.3/src/core/lv_obj_style.c.obj
                0x10008354                lv_obj_style_get_selector_state
 .text.lv_obj_style_get_selector_part
                0x10008358        0x8 CMakeFiles/rp2040_oled.dir/lvgl-release-v8.3/src/core/lv_obj_style.c.obj
                0x10008358                lv_obj_style_get_selector_part
 .text.lv_obj_calculate_style_text_align
                0x10008360       0x24 CMakeFiles/rp2040_oled.dir/lvgl-release-v8.3/src/core/lv_obj_style.c.obj
                0x10008360                lv_obj_calculate_style_text_align
 .text.lv_obj_get_style_opa_recursive
                0x10008384       0x8c CMakeFiles/rp2040_oled.dir/lvgl-release-v8.3/src/core/lv_obj_style.c.obj
                0x10008384                lv_obj_get_style_opa_recursive
 .text.lv_obj_set_style_width
                0x10008410       0x10 CMakeFiles/rp2040_oled.dir/lvgl-release-v8.3/src/core/lv_obj_style_gen.c.obj
                0x10008410                lv_obj_set_style_width
 .text.lv_obj_set_style_min_width
                0x10008420       0x10 CMakeFiles/rp2040_oled.dir/lvgl-release-v8.3/src/core/lv_obj_style_gen.c.obj
                0x10008420                lv_obj_set_style_min_width
 .text.lv_obj_set_style_height
                0x10008430       0x10 CMakeFiles/rp2040_oled.dir/lvgl-release-v8.3/src/core/lv_obj_style_gen.c.obj
                0x10008430                lv_obj_set_style_height
 .text.lv_obj_set_style_x
                0x10008440       0x10 CMakeFiles/rp2040_oled.dir/lvgl-release-v8.3/src/core/lv_obj_style_gen.c.obj
                0x10008440                lv_obj_set_style_x
 .text.lv_obj_set_style_y
                0x10008450       0x10 CMakeFiles/rp2040_oled.dir/lvgl-release-v8.3/src/core/lv_obj_style_gen.c.obj
                0x10008450                lv_obj_set_style_y
 .text.lv_obj_set_style_align
                0x10008460       0x10 CMakeFiles/rp2040_oled.dir/lvgl-release-v8.3/src/core/lv_obj_style_gen.c.obj
                0x10008460                lv_obj_set_style_align
 .text.lv_obj_set_style_bg_img_src
                0x10008470       0x10 CMakeFiles/rp2040_oled.dir/lvgl-release-v8.3/src/core/lv_obj_style_gen.c.obj
                0x10008470                lv_obj_set_style_bg_img_src
 .text.lv_obj_set_style_bg_img_recolor
                0x10008480       0x18 CMakeFiles/rp2040_oled.dir/lvgl-release-v8.3/src/core/lv_obj_style_gen.c.obj
                0x10008480                lv_obj_set_style_bg_img_recolor
 .text.lv_obj_set_style_bg_img_recolor_opa
                0x10008498       0x10 CMakeFiles/rp2040_oled.dir/lvgl-release-v8.3/src/core/lv_obj_style_gen.c.obj
                0x10008498                lv_obj_set_style_bg_img_recolor_opa
 .text.lv_obj_set_style_arc_color
                0x100084a8       0x18 CMakeFiles/rp2040_oled.dir/lvgl-release-v8.3/src/core/lv_obj_style_gen.c.obj
                0x100084a8                lv_obj_set_style_arc_color
 .text.lv_obj_set_style_arc_opa
                0x100084c0       0x10 CMakeFiles/rp2040_oled.dir/lvgl-release-v8.3/src/core/lv_obj_style_gen.c.obj
                0x100084c0                lv_obj_set_style_arc_opa
 .text.lv_obj_set_style_text_align
                0x100084d0       0x10 CMakeFiles/rp2040_oled.dir/lvgl-release-v8.3/src/core/lv_obj_style_gen.c.obj
                0x100084d0                lv_obj_set_style_text_align
 .text.lv_obj_set_style_opa
                0x100084e0       0x10 CMakeFiles/rp2040_oled.dir/lvgl-release-v8.3/src/core/lv_obj_style_gen.c.obj
                0x100084e0                lv_obj_set_style_opa
 .text.lv_obj_set_style_layout
                0x100084f0       0x10 CMakeFiles/rp2040_oled.dir/lvgl-release-v8.3/src/core/lv_obj_style_gen.c.obj
                0x100084f0                lv_obj_set_style_layout
 .text.lv_obj_set_style_base_dir
                0x10008500       0x10 CMakeFiles/rp2040_oled.dir/lvgl-release-v8.3/src/core/lv_obj_style_gen.c.obj
                0x10008500                lv_obj_set_style_base_dir
 .text.obj_del_core.part.0
                0x10008510      0x1b8 CMakeFiles/rp2040_oled.dir/lvgl-release-v8.3/src/core/lv_obj_tree.c.obj
 .text.lv_obj_del
                0x100086c8       0xb0 CMakeFiles/rp2040_oled.dir/lvgl-release-v8.3/src/core/lv_obj_tree.c.obj
                0x100086c8                lv_obj_del
 .text.lv_obj_set_parent
                0x10008778      0x118 CMakeFiles/rp2040_oled.dir/lvgl-release-v8.3/src/core/lv_obj_tree.c.obj
                0x10008778                lv_obj_set_parent
 .text.lv_obj_move_to_index
                0x10008890       0xf8 CMakeFiles/rp2040_oled.dir/lvgl-release-v8.3/src/core/lv_obj_tree.c.obj
                0x10008890                lv_obj_move_to_index
 .text.lv_obj_get_screen
                0x10008988       0x14 CMakeFiles/rp2040_oled.dir/lvgl-release-v8.3/src/core/lv_obj_tree.c.obj
                0x10008988                lv_obj_get_screen
 .text.lv_obj_get_disp
                0x1000899c       0x50 CMakeFiles/rp2040_oled.dir/lvgl-release-v8.3/src/core/lv_obj_tree.c.obj
                0x1000899c                lv_obj_get_disp
 .text.lv_obj_get_parent
                0x100089ec        0xc CMakeFiles/rp2040_oled.dir/lvgl-release-v8.3/src/core/lv_obj_tree.c.obj
                0x100089ec                lv_obj_get_parent
 .text.lv_obj_get_child
                0x100089f8       0x20 CMakeFiles/rp2040_oled.dir/lvgl-release-v8.3/src/core/lv_obj_tree.c.obj
                0x100089f8                lv_obj_get_child
 .text.lv_obj_get_child_cnt
                0x10008a18       0x10 CMakeFiles/rp2040_oled.dir/lvgl-release-v8.3/src/core/lv_obj_tree.c.obj
                0x10008a18                lv_obj_get_child_cnt
 .text.lv_obj_get_index
                0x10008a28       0x54 CMakeFiles/rp2040_oled.dir/lvgl-release-v8.3/src/core/lv_obj_tree.c.obj
                0x10008a28                lv_obj_get_index
 .text.lv_refr_get_top_obj
                0x10008a7c       0x74 CMakeFiles/rp2040_oled.dir/lvgl-release-v8.3/src/core/lv_refr.c.obj
 .text._lv_refr_init
                0x10008af0        0x4 CMakeFiles/rp2040_oled.dir/lvgl-release-v8.3/src/core/lv_refr.c.obj
                0x10008af0                _lv_refr_init
 .text.lv_obj_redraw
                0x10008af4      0x11c CMakeFiles/rp2040_oled.dir/lvgl-release-v8.3/src/core/lv_refr.c.obj
                0x10008af4                lv_obj_redraw
 .text.refr_obj.part.0
                0x10008c10      0x3cc CMakeFiles/rp2040_oled.dir/lvgl-release-v8.3/src/core/lv_refr.c.obj
 .text.refr_obj_and_children
                0x10008fdc       0xc8 CMakeFiles/rp2040_oled.dir/lvgl-release-v8.3/src/core/lv_refr.c.obj
 .text.refr_area_part
                0x100090a4      0x7f8 CMakeFiles/rp2040_oled.dir/lvgl-release-v8.3/src/core/lv_refr.c.obj
 .text._lv_inv_area
                0x1000989c       0xf0 CMakeFiles/rp2040_oled.dir/lvgl-release-v8.3/src/core/lv_refr.c.obj
                0x1000989c                _lv_inv_area
 .text._lv_refr_get_disp_refreshing
                0x1000998c        0xc CMakeFiles/rp2040_oled.dir/lvgl-release-v8.3/src/core/lv_refr.c.obj
                0x1000998c                _lv_refr_get_disp_refreshing
 .text._lv_disp_refr_timer
                0x10009998      0x6ac CMakeFiles/rp2040_oled.dir/lvgl-release-v8.3/src/core/lv_refr.c.obj
                0x10009998                _lv_disp_refr_timer
 .text.apply_theme
                0x1000a044       0x60 CMakeFiles/rp2040_oled.dir/lvgl-release-v8.3/src/core/lv_theme.c.obj
 .text.lv_theme_apply
                0x1000a0a4       0x84 CMakeFiles/rp2040_oled.dir/lvgl-release-v8.3/src/core/lv_theme.c.obj
                0x1000a0a4                lv_theme_apply
 .text.lv_theme_get_color_primary
                0x1000a128       0x2c CMakeFiles/rp2040_oled.dir/lvgl-release-v8.3/src/core/lv_theme.c.obj
                0x1000a128                lv_theme_get_color_primary
 .text.lv_draw_init
                0x1000a154        0x4 CMakeFiles/rp2040_oled.dir/lvgl-release-v8.3/src/draw/lv_draw.c.obj
                0x1000a154                lv_draw_init
 .text.lv_draw_wait_for_finish
                0x1000a158        0xc CMakeFiles/rp2040_oled.dir/lvgl-release-v8.3/src/draw/lv_draw.c.obj
                0x1000a158                lv_draw_wait_for_finish
 .text.lv_draw_arc_dsc_init
                0x1000a164       0x18 CMakeFiles/rp2040_oled.dir/lvgl-release-v8.3/src/draw/lv_draw_arc.c.obj
                0x1000a164                lv_draw_arc_dsc_init
 .text.lv_draw_arc
                0x1000a17c       0x2c CMakeFiles/rp2040_oled.dir/lvgl-release-v8.3/src/draw/lv_draw_arc.c.obj
                0x1000a17c                lv_draw_arc
 .text.lv_draw_arc_get_area
                0x1000a1a8      0x470 CMakeFiles/rp2040_oled.dir/lvgl-release-v8.3/src/draw/lv_draw_arc.c.obj
                0x1000a1a8                lv_draw_arc_get_area
 .text.lv_draw_img_dsc_init
                0x1000a618       0x20 CMakeFiles/rp2040_oled.dir/lvgl-release-v8.3/src/draw/lv_draw_img.c.obj
                0x1000a618                lv_draw_img_dsc_init
 .text.lv_draw_img
                0x1000a638      0x318 CMakeFiles/rp2040_oled.dir/lvgl-release-v8.3/src/draw/lv_draw_img.c.obj
                0x1000a638                lv_draw_img
 .text.lv_img_cf_get_px_size
                0x1000a950       0x14 CMakeFiles/rp2040_oled.dir/lvgl-release-v8.3/src/draw/lv_draw_img.c.obj
                0x1000a950                lv_img_cf_get_px_size
 .text.lv_img_src_get_type
                0x1000a964       0x1c CMakeFiles/rp2040_oled.dir/lvgl-release-v8.3/src/draw/lv_draw_img.c.obj
                0x1000a964                lv_img_src_get_type
 .text.lv_draw_label_dsc_init
                0x1000a980       0x30 CMakeFiles/rp2040_oled.dir/lvgl-release-v8.3/src/draw/lv_draw_label.c.obj
                0x1000a980                lv_draw_label_dsc_init
 .text.lv_draw_label
                0x1000a9b0      0xa7c CMakeFiles/rp2040_oled.dir/lvgl-release-v8.3/src/draw/lv_draw_label.c.obj
                0x1000a9b0                lv_draw_label
 .text.lv_draw_layer_create
                0x1000b42c       0x64 CMakeFiles/rp2040_oled.dir/lvgl-release-v8.3/src/draw/lv_draw_layer.c.obj
                0x1000b42c                lv_draw_layer_create
 .text.lv_draw_layer_adjust
                0x1000b490        0xc CMakeFiles/rp2040_oled.dir/lvgl-release-v8.3/src/draw/lv_draw_layer.c.obj
                0x1000b490                lv_draw_layer_adjust
 .text.lv_draw_layer_blend
                0x1000b49c        0xc CMakeFiles/rp2040_oled.dir/lvgl-release-v8.3/src/draw/lv_draw_layer.c.obj
                0x1000b49c                lv_draw_layer_blend
 .text.lv_draw_layer_destroy
                0x1000b4a8       0x44 CMakeFiles/rp2040_oled.dir/lvgl-release-v8.3/src/draw/lv_draw_layer.c.obj
                0x1000b4a8                lv_draw_layer_destroy
 .text.lv_draw_line_dsc_init
                0x1000b4ec       0x18 CMakeFiles/rp2040_oled.dir/lvgl-release-v8.3/src/draw/lv_draw_line.c.obj
                0x1000b4ec                lv_draw_line_dsc_init
 .text.lv_draw_line
                0x1000b504       0x18 CMakeFiles/rp2040_oled.dir/lvgl-release-v8.3/src/draw/lv_draw_line.c.obj
                0x1000b504                lv_draw_line
 .text.lv_draw_mask_radius
                0x1000b51c      0x348 CMakeFiles/rp2040_oled.dir/lvgl-release-v8.3/src/draw/lv_draw_mask.c.obj
 .text.lv_draw_mask_line
                0x1000b864      0x564 CMakeFiles/rp2040_oled.dir/lvgl-release-v8.3/src/draw/lv_draw_mask.c.obj
 .text.lv_draw_mask_angle
                0x1000bdc8      0x410 CMakeFiles/rp2040_oled.dir/lvgl-release-v8.3/src/draw/lv_draw_mask.c.obj
 .text.lv_draw_mask_add
                0x1000c1d8       0xd8 CMakeFiles/rp2040_oled.dir/lvgl-release-v8.3/src/draw/lv_draw_mask.c.obj
                0x1000c1d8                lv_draw_mask_add
 .text.lv_draw_mask_apply
                0x1000c2b0       0x60 CMakeFiles/rp2040_oled.dir/lvgl-release-v8.3/src/draw/lv_draw_mask.c.obj
                0x1000c2b0                lv_draw_mask_apply
 .text.lv_draw_mask_remove_id
                0x1000c310       0x1c CMakeFiles/rp2040_oled.dir/lvgl-release-v8.3/src/draw/lv_draw_mask.c.obj
                0x1000c310                lv_draw_mask_remove_id
 .text.lv_draw_mask_remove_custom
                0x1000c32c      0x148 CMakeFiles/rp2040_oled.dir/lvgl-release-v8.3/src/draw/lv_draw_mask.c.obj
                0x1000c32c                lv_draw_mask_remove_custom
 .text.lv_draw_mask_free_param
                0x1000c474       0x3c CMakeFiles/rp2040_oled.dir/lvgl-release-v8.3/src/draw/lv_draw_mask.c.obj
                0x1000c474                lv_draw_mask_free_param
 .text._lv_draw_mask_cleanup
                0x1000c4b0       0x28 CMakeFiles/rp2040_oled.dir/lvgl-release-v8.3/src/draw/lv_draw_mask.c.obj
                0x1000c4b0                _lv_draw_mask_cleanup
 .text.lv_draw_mask_is_any
                0x1000c4d8       0x58 CMakeFiles/rp2040_oled.dir/lvgl-release-v8.3/src/draw/lv_draw_mask.c.obj
                0x1000c4d8                lv_draw_mask_is_any
 .text.lv_draw_mask_line_points_init
                0x1000c530      0x17c CMakeFiles/rp2040_oled.dir/lvgl-release-v8.3/src/draw/lv_draw_mask.c.obj
                0x1000c530                lv_draw_mask_line_points_init
 .text.lv_draw_mask_angle_init
                0x1000c6ac      0x2b4 CMakeFiles/rp2040_oled.dir/lvgl-release-v8.3/src/draw/lv_draw_mask.c.obj
                0x1000c6ac                lv_draw_mask_angle_init
 .text.lv_draw_mask_radius_init
                0x1000c960      0x624 CMakeFiles/rp2040_oled.dir/lvgl-release-v8.3/src/draw/lv_draw_mask.c.obj
                0x1000c960                lv_draw_mask_radius_init
 .text.lv_draw_rect_dsc_init
                0x1000cf84       0x4c CMakeFiles/rp2040_oled.dir/lvgl-release-v8.3/src/draw/lv_draw_rect.c.obj
                0x1000cf84                lv_draw_rect_dsc_init
 .text.lv_draw_rect
                0x1000cfd0       0x24 CMakeFiles/rp2040_oled.dir/lvgl-release-v8.3/src/draw/lv_draw_rect.c.obj
                0x1000cfd0                lv_draw_rect
 .text.lv_draw_transform
                0x1000cff4       0x3c CMakeFiles/rp2040_oled.dir/lvgl-release-v8.3/src/draw/lv_draw_transform.c.obj
                0x1000cff4                lv_draw_transform
 .text._lv_img_buf_get_transformed_area
                0x1000d030      0x170 CMakeFiles/rp2040_oled.dir/lvgl-release-v8.3/src/draw/lv_img_buf.c.obj
                0x1000d030                _lv_img_buf_get_transformed_area
 .text._lv_img_cache_open
                0x1000d1a0       0x60 CMakeFiles/rp2040_oled.dir/lvgl-release-v8.3/src/draw/lv_img_cache.c.obj
                0x1000d1a0                _lv_img_cache_open
 .text.lv_img_cache_invalidate_src
                0x1000d200        0x4 CMakeFiles/rp2040_oled.dir/lvgl-release-v8.3/src/draw/lv_img_cache.c.obj
                0x1000d200                lv_img_cache_invalidate_src
 .text.lv_img_decoder_built_in_info
                0x1000d204       0xc8 CMakeFiles/rp2040_oled.dir/lvgl-release-v8.3/src/draw/lv_img_decoder.c.obj
                0x1000d204                lv_img_decoder_built_in_info
 .text.lv_img_decoder_built_in_close
                0x1000d2cc       0x38 CMakeFiles/rp2040_oled.dir/lvgl-release-v8.3/src/draw/lv_img_decoder.c.obj
                0x1000d2cc                lv_img_decoder_built_in_close
 .text.lv_img_decoder_built_in_read_line
                0x1000d304      0x398 CMakeFiles/rp2040_oled.dir/lvgl-release-v8.3/src/draw/lv_img_decoder.c.obj
                0x1000d304                lv_img_decoder_built_in_read_line
 .text.lv_img_decoder_built_in_open
                0x1000d69c      0x2ac CMakeFiles/rp2040_oled.dir/lvgl-release-v8.3/src/draw/lv_img_decoder.c.obj
                0x1000d69c                lv_img_decoder_built_in_open
 .text._lv_img_decoder_init
                0x1000d948       0x44 CMakeFiles/rp2040_oled.dir/lvgl-release-v8.3/src/draw/lv_img_decoder.c.obj
                0x1000d948                _lv_img_decoder_init
 .text.lv_img_decoder_get_info
                0x1000d98c       0x68 CMakeFiles/rp2040_oled.dir/lvgl-release-v8.3/src/draw/lv_img_decoder.c.obj
                0x1000d98c                lv_img_decoder_get_info
 .text.lv_img_decoder_open
                0x1000d9f4       0xe0 CMakeFiles/rp2040_oled.dir/lvgl-release-v8.3/src/draw/lv_img_decoder.c.obj
                0x1000d9f4                lv_img_decoder_open
 .text.lv_img_decoder_read_line
                0x1000dad4       0x24 CMakeFiles/rp2040_oled.dir/lvgl-release-v8.3/src/draw/lv_img_decoder.c.obj
                0x1000dad4                lv_img_decoder_read_line
 .text.lv_img_decoder_close
                0x1000daf8       0x28 CMakeFiles/rp2040_oled.dir/lvgl-release-v8.3/src/draw/lv_img_decoder.c.obj
                0x1000daf8                lv_img_decoder_close
 .text.lv_draw_sw_wait_for_finish
                0x1000db20        0x4 CMakeFiles/rp2040_oled.dir/lvgl-release-v8.3/src/draw/sw/lv_draw_sw.c.obj
                0x1000db20                lv_draw_sw_wait_for_finish
 .text.lv_draw_sw_buffer_copy
                0x1000db24       0x84 CMakeFiles/rp2040_oled.dir/lvgl-release-v8.3/src/draw/sw/lv_draw_sw.c.obj
                0x1000db24                lv_draw_sw_buffer_copy
 .text.lv_draw_sw_init_ctx
                0x1000dba8       0x8c CMakeFiles/rp2040_oled.dir/lvgl-release-v8.3/src/draw/sw/lv_draw_sw.c.obj
                0x1000dba8                lv_draw_sw_init_ctx
 .text.get_rounded_area
                0x1000dc34       0x94 CMakeFiles/rp2040_oled.dir/lvgl-release-v8.3/src/draw/sw/lv_draw_sw_arc.c.obj
 .text.lv_draw_sw_arc
                0x1000dcc8      0xe58 CMakeFiles/rp2040_oled.dir/lvgl-release-v8.3/src/draw/sw/lv_draw_sw_arc.c.obj
                0x1000dcc8                lv_draw_sw_arc
 .text.color_blend_true_color_additive
                0x1000eb20       0xc0 CMakeFiles/rp2040_oled.dir/lvgl-release-v8.3/src/draw/sw/lv_draw_sw_blend.c.obj
 .text.color_blend_true_color_subtractive
                0x1000ebe0       0x9c CMakeFiles/rp2040_oled.dir/lvgl-release-v8.3/src/draw/sw/lv_draw_sw_blend.c.obj
 .text.color_blend_true_color_multiply
                0x1000ec7c       0x8c CMakeFiles/rp2040_oled.dir/lvgl-release-v8.3/src/draw/sw/lv_draw_sw_blend.c.obj
 .text.lv_draw_sw_blend
                0x1000ed08       0x34 CMakeFiles/rp2040_oled.dir/lvgl-release-v8.3/src/draw/sw/lv_draw_sw_blend.c.obj
                0x1000ed08                lv_draw_sw_blend
 .text.lv_draw_sw_blend_basic
                0x1000ed3c     0x1148 CMakeFiles/rp2040_oled.dir/lvgl-release-v8.3/src/draw/sw/lv_draw_sw_blend.c.obj
                0x1000ed3c                lv_draw_sw_blend_basic
 .text.lv_gradient_calculate
                0x1000fe84      0x15c CMakeFiles/rp2040_oled.dir/lvgl-release-v8.3/src/draw/sw/lv_draw_sw_gradient.c.obj
                0x1000fe84                lv_gradient_calculate
 .text.lv_gradient_get
                0x1000ffe0      0x2b0 CMakeFiles/rp2040_oled.dir/lvgl-release-v8.3/src/draw/sw/lv_draw_sw_gradient.c.obj
                0x1000ffe0                lv_gradient_get
 .text.lv_gradient_cleanup
                0x10010290       0x10 CMakeFiles/rp2040_oled.dir/lvgl-release-v8.3/src/draw/sw/lv_draw_sw_gradient.c.obj
                0x10010290                lv_gradient_cleanup
 .text.lv_draw_sw_img_decoded
                0x100102a0      0x5f4 CMakeFiles/rp2040_oled.dir/lvgl-release-v8.3/src/draw/sw/lv_draw_sw_img.c.obj
                0x100102a0                lv_draw_sw_img_decoded
 .text.lv_draw_sw_layer_create
                0x10010894       0xf0 CMakeFiles/rp2040_oled.dir/lvgl-release-v8.3/src/draw/sw/lv_draw_sw_layer.c.obj
                0x10010894                lv_draw_sw_layer_create
 .text.lv_draw_sw_layer_adjust
                0x10010984       0x5c CMakeFiles/rp2040_oled.dir/lvgl-release-v8.3/src/draw/sw/lv_draw_sw_layer.c.obj
                0x10010984                lv_draw_sw_layer_adjust
 .text.lv_draw_sw_layer_blend
                0x100109e0       0x8c CMakeFiles/rp2040_oled.dir/lvgl-release-v8.3/src/draw/sw/lv_draw_sw_layer.c.obj
                0x100109e0                lv_draw_sw_layer_blend
 .text.lv_draw_sw_layer_destroy
                0x10010a6c        0xc CMakeFiles/rp2040_oled.dir/lvgl-release-v8.3/src/draw/sw/lv_draw_sw_layer.c.obj
                0x10010a6c                lv_draw_sw_layer_destroy
 .text.lv_draw_sw_letter
                0x10010a78      0x4fc CMakeFiles/rp2040_oled.dir/lvgl-release-v8.3/src/draw/sw/lv_draw_sw_letter.c.obj
                0x10010a78                lv_draw_sw_letter
 .text.lv_draw_sw_line
                0x10010f74      0x894 CMakeFiles/rp2040_oled.dir/lvgl-release-v8.3/src/draw/sw/lv_draw_sw_line.c.obj
                0x10010f74                lv_draw_sw_line
 .text.lv_draw_sw_polygon
                0x10011808      0x3b4 CMakeFiles/rp2040_oled.dir/lvgl-release-v8.3/src/draw/sw/lv_draw_sw_polygon.c.obj
                0x10011808                lv_draw_sw_polygon
 .text.shadow_blur_corner
                0x10011bbc      0x228 CMakeFiles/rp2040_oled.dir/lvgl-release-v8.3/src/draw/sw/lv_draw_sw_rect.c.obj
 .text.draw_bg  0x10011de4      0x664 CMakeFiles/rp2040_oled.dir/lvgl-release-v8.3/src/draw/sw/lv_draw_sw_rect.c.obj
 .text.lv_draw_sw_bg
                0x10012448      0x278 CMakeFiles/rp2040_oled.dir/lvgl-release-v8.3/src/draw/sw/lv_draw_sw_rect.c.obj
                0x10012448                lv_draw_sw_bg
 .text.draw_border_generic
                0x100126c0      0x944 CMakeFiles/rp2040_oled.dir/lvgl-release-v8.3/src/draw/sw/lv_draw_sw_rect.c.obj
                0x100126c0                draw_border_generic
 .text.lv_draw_sw_rect
                0x10013004     0x1510 CMakeFiles/rp2040_oled.dir/lvgl-release-v8.3/src/draw/sw/lv_draw_sw_rect.c.obj
                0x10013004                lv_draw_sw_rect
 .text.lv_draw_sw_transform
                0x10014514      0xd08 CMakeFiles/rp2040_oled.dir/lvgl-release-v8.3/src/draw/sw/lv_draw_sw_transform.c.obj
                0x10014514                lv_draw_sw_transform
 .text.lv_area_get_width
                0x1001521c        0xc CMakeFiles/rp2040_oled.dir/lvgl-release-v8.3/src/extra/layouts/flex/lv_flex.c.obj
 .text.lv_area_get_height
                0x10015228        0xc CMakeFiles/rp2040_oled.dir/lvgl-release-v8.3/src/extra/layouts/flex/lv_flex.c.obj
 .text.place_content
                0x10015234       0x9c CMakeFiles/rp2040_oled.dir/lvgl-release-v8.3/src/extra/layouts/flex/lv_flex.c.obj
 .text.find_track_end
                0x100152d0      0x26c CMakeFiles/rp2040_oled.dir/lvgl-release-v8.3/src/extra/layouts/flex/lv_flex.c.obj
 .text.flex_update
                0x1001553c      0x94c CMakeFiles/rp2040_oled.dir/lvgl-release-v8.3/src/extra/layouts/flex/lv_flex.c.obj
 .text.lv_flex_init
                0x10015e88       0x60 CMakeFiles/rp2040_oled.dir/lvgl-release-v8.3/src/extra/layouts/flex/lv_flex.c.obj
                0x10015e88                lv_flex_init
 .text.lv_obj_set_flex_flow
                0x10015ee8       0x28 CMakeFiles/rp2040_oled.dir/lvgl-release-v8.3/src/extra/layouts/flex/lv_flex.c.obj
                0x10015ee8                lv_obj_set_flex_flow
 .text.lv_obj_set_flex_align
                0x10015f10       0x54 CMakeFiles/rp2040_oled.dir/lvgl-release-v8.3/src/extra/layouts/flex/lv_flex.c.obj
                0x10015f10                lv_obj_set_flex_align
 .text.lv_obj_set_flex_grow
                0x10015f64       0x20 CMakeFiles/rp2040_oled.dir/lvgl-release-v8.3/src/extra/layouts/flex/lv_flex.c.obj
                0x10015f64                lv_obj_set_flex_grow
 .text.grid_update
                0x10015f84      0xcec CMakeFiles/rp2040_oled.dir/lvgl-release-v8.3/src/extra/layouts/grid/lv_grid.c.obj
 .text.lv_grid_init
                0x10016c70       0xa4 CMakeFiles/rp2040_oled.dir/lvgl-release-v8.3/src/extra/layouts/grid/lv_grid.c.obj
                0x10016c70                lv_grid_init
 .text.lv_extra_init
                0x10016d14        0xc CMakeFiles/rp2040_oled.dir/lvgl-release-v8.3/src/extra/lv_extra.c.obj
                0x10016d14                lv_extra_init
 .text.theme_apply
                0x10016d20      0xf80 CMakeFiles/rp2040_oled.dir/lvgl-release-v8.3/src/extra/themes/default/lv_theme_default.c.obj
 .text.grey_filter_cb
                0x10017ca0       0x60 CMakeFiles/rp2040_oled.dir/lvgl-release-v8.3/src/extra/themes/default/lv_theme_default.c.obj
 .text.dark_color_filter_cb
                0x10017d00        0xc CMakeFiles/rp2040_oled.dir/lvgl-release-v8.3/src/extra/themes/default/lv_theme_default.c.obj
 .text.style_init
                0x10017d0c     0x3568 CMakeFiles/rp2040_oled.dir/lvgl-release-v8.3/src/extra/themes/default/lv_theme_default.c.obj
 .text.lv_theme_default_init
                0x1001b274       0xb4 CMakeFiles/rp2040_oled.dir/lvgl-release-v8.3/src/extra/themes/default/lv_theme_default.c.obj
                0x1001b274                lv_theme_default_init
 .text.lv_theme_default_get
                0x1001b328       0x14 CMakeFiles/rp2040_oled.dir/lvgl-release-v8.3/src/extra/themes/default/lv_theme_default.c.obj
                0x1001b328                lv_theme_default_get
 .text.lv_theme_default_is_inited
                0x1001b33c       0x10 CMakeFiles/rp2040_oled.dir/lvgl-release-v8.3/src/extra/themes/default/lv_theme_default.c.obj
                0x1001b33c                lv_theme_default_is_inited
 .text.draw_part_begin_event_cb
                0x1001b34c       0xb8 CMakeFiles/rp2040_oled.dir/lvgl-release-v8.3/src/extra/widgets/calendar/lv_calendar.c.obj
 .text.highlight_update
                0x1001b404       0xec CMakeFiles/rp2040_oled.dir/lvgl-release-v8.3/src/extra/widgets/calendar/lv_calendar.c.obj
 .text.lv_calendar_set_showed_date
                0x1001b4f0      0x284 CMakeFiles/rp2040_oled.dir/lvgl-release-v8.3/src/extra/widgets/calendar/lv_calendar.c.obj
                0x1001b4f0                lv_calendar_set_showed_date
 .text.lv_calendar_constructor
                0x1001b774      0x100 CMakeFiles/rp2040_oled.dir/lvgl-release-v8.3/src/extra/widgets/calendar/lv_calendar.c.obj
 .text.lv_calendar_get_showed_date
                0x1001b874        0x4 CMakeFiles/rp2040_oled.dir/lvgl-release-v8.3/src/extra/widgets/calendar/lv_calendar.c.obj
                0x1001b874                lv_calendar_get_showed_date
 .text.my_constructor
                0x1001b878       0xe0 CMakeFiles/rp2040_oled.dir/lvgl-release-v8.3/src/extra/widgets/calendar/lv_calendar_header_arrow.c.obj
 .text.value_changed_event_cb
                0x1001b958       0x38 CMakeFiles/rp2040_oled.dir/lvgl-release-v8.3/src/extra/widgets/calendar/lv_calendar_header_arrow.c.obj
 .text.month_event_cb
                0x1001b990       0x90 CMakeFiles/rp2040_oled.dir/lvgl-release-v8.3/src/extra/widgets/calendar/lv_calendar_header_arrow.c.obj
 .text.my_constructor
                0x1001ba20       0x8c CMakeFiles/rp2040_oled.dir/lvgl-release-v8.3/src/extra/widgets/calendar/lv_calendar_header_dropdown.c.obj
 .text.value_changed_event_cb
                0x1001baac       0x6c CMakeFiles/rp2040_oled.dir/lvgl-release-v8.3/src/extra/widgets/calendar/lv_calendar_header_dropdown.c.obj
 .text.month_event_cb
                0x1001bb18       0x30 CMakeFiles/rp2040_oled.dir/lvgl-release-v8.3/src/extra/widgets/calendar/lv_calendar_header_dropdown.c.obj
 .text.year_event_cb
                0x1001bb48       0x64 CMakeFiles/rp2040_oled.dir/lvgl-release-v8.3/src/extra/widgets/calendar/lv_calendar_header_dropdown.c.obj
 .text.draw_y_ticks
                0x1001bbac      0x4c0 CMakeFiles/rp2040_oled.dir/lvgl-release-v8.3/src/extra/widgets/chart/lv_chart.c.obj
 .text.draw_x_ticks
                0x1001c06c      0x554 CMakeFiles/rp2040_oled.dir/lvgl-release-v8.3/src/extra/widgets/chart/lv_chart.c.obj
 .text.lv_chart_destructor
                0x1001c5c0       0x78 CMakeFiles/rp2040_oled.dir/lvgl-release-v8.3/src/extra/widgets/chart/lv_chart.c.obj
 .text.lv_chart_constructor
                0x1001c638       0x54 CMakeFiles/rp2040_oled.dir/lvgl-release-v8.3/src/extra/widgets/chart/lv_chart.c.obj
 .text.invalidate_point.part.0
                0x1001c68c      0x190 CMakeFiles/rp2040_oled.dir/lvgl-release-v8.3/src/extra/widgets/chart/lv_chart.c.obj
 .text.lv_chart_create
                0x1001c81c       0x1c CMakeFiles/rp2040_oled.dir/lvgl-release-v8.3/src/extra/widgets/chart/lv_chart.c.obj
                0x1001c81c                lv_chart_create
 .text.lv_chart_set_type
                0x1001c838       0x98 CMakeFiles/rp2040_oled.dir/lvgl-release-v8.3/src/extra/widgets/chart/lv_chart.c.obj
                0x1001c838                lv_chart_set_type
 .text.lv_chart_set_axis_tick
                0x1001c8d0       0x6c CMakeFiles/rp2040_oled.dir/lvgl-release-v8.3/src/extra/widgets/chart/lv_chart.c.obj
                0x1001c8d0                lv_chart_set_axis_tick
 .text.lv_chart_get_point_pos_by_id
                0x1001c93c      0x218 CMakeFiles/rp2040_oled.dir/lvgl-release-v8.3/src/extra/widgets/chart/lv_chart.c.obj
                0x1001c93c                lv_chart_get_point_pos_by_id
 .text.lv_chart_event
                0x1001cb54     0x18d8 CMakeFiles/rp2040_oled.dir/lvgl-release-v8.3/src/extra/widgets/chart/lv_chart.c.obj
 .text.lv_chart_add_series
                0x1001e42c       0xac CMakeFiles/rp2040_oled.dir/lvgl-release-v8.3/src/extra/widgets/chart/lv_chart.c.obj
                0x1001e42c                lv_chart_add_series
 .text.lv_chart_get_series_next
                0x1001e4d8       0x14 CMakeFiles/rp2040_oled.dir/lvgl-release-v8.3/src/extra/widgets/chart/lv_chart.c.obj
                0x1001e4d8                lv_chart_get_series_next
 .text.lv_chart_set_next_value
                0x1001e4ec       0x50 CMakeFiles/rp2040_oled.dir/lvgl-release-v8.3/src/extra/widgets/chart/lv_chart.c.obj
                0x1001e4ec                lv_chart_set_next_value
 .text.lv_chart_set_ext_y_array
                0x1001e53c       0x30 CMakeFiles/rp2040_oled.dir/lvgl-release-v8.3/src/extra/widgets/chart/lv_chart.c.obj
                0x1001e53c                lv_chart_set_ext_y_array
 .text.get_knob_area
                0x1001e56c       0x90 CMakeFiles/rp2040_oled.dir/lvgl-release-v8.3/src/extra/widgets/colorwheel/lv_colorwheel.c.obj
 .text.refr_knob_pos
                0x1001e5fc       0xa0 CMakeFiles/rp2040_oled.dir/lvgl-release-v8.3/src/extra/widgets/colorwheel/lv_colorwheel.c.obj
 .text.lv_colorwheel_constructor
                0x1001e69c       0x50 CMakeFiles/rp2040_oled.dir/lvgl-release-v8.3/src/extra/widgets/colorwheel/lv_colorwheel.c.obj
 .text.lv_colorwheel_event
                0x1001e6ec      0xba0 CMakeFiles/rp2040_oled.dir/lvgl-release-v8.3/src/extra/widgets/colorwheel/lv_colorwheel.c.obj
 .text.lv_keyboard_update_ctrl_map
                0x1001f28c       0x70 CMakeFiles/rp2040_oled.dir/lvgl-release-v8.3/src/extra/widgets/keyboard/lv_keyboard.c.obj
 .text.lv_keyboard_constructor
                0x1001f2fc       0x5c CMakeFiles/rp2040_oled.dir/lvgl-release-v8.3/src/extra/widgets/keyboard/lv_keyboard.c.obj
 .text.lv_keyboard_def_event_cb
                0x1001f358      0x228 CMakeFiles/rp2040_oled.dir/lvgl-release-v8.3/src/extra/widgets/keyboard/lv_keyboard.c.obj
                0x1001f358                lv_keyboard_def_event_cb
 .text.lv_led_constructor
                0x1001f580       0x14 CMakeFiles/rp2040_oled.dir/lvgl-release-v8.3/src/extra/widgets/led/lv_led.c.obj
 .text.lv_led_event
                0x1001f594      0x448 CMakeFiles/rp2040_oled.dir/lvgl-release-v8.3/src/extra/widgets/led/lv_led.c.obj
 .text.lv_menu_destructor
                0x1001f9dc        0xc CMakeFiles/rp2040_oled.dir/lvgl-release-v8.3/src/extra/widgets/menu/lv_menu.c.obj
 .text.lv_menu_section_constructor
                0x1001f9e8       0x18 CMakeFiles/rp2040_oled.dir/lvgl-release-v8.3/src/extra/widgets/menu/lv_menu.c.obj
 .text.lv_menu_cont_constructor
                0x1001fa00       0x24 CMakeFiles/rp2040_oled.dir/lvgl-release-v8.3/src/extra/widgets/menu/lv_menu.c.obj
 .text.lv_menu_constructor
                0x1001fa24      0x140 CMakeFiles/rp2040_oled.dir/lvgl-release-v8.3/src/extra/widgets/menu/lv_menu.c.obj
 .text.lv_menu_value_changed_event_cb
                0x1001fb64       0x58 CMakeFiles/rp2040_oled.dir/lvgl-release-v8.3/src/extra/widgets/menu/lv_menu.c.obj
 .text.lv_menu_page_destructor
                0x1001fbbc       0x14 CMakeFiles/rp2040_oled.dir/lvgl-release-v8.3/src/extra/widgets/menu/lv_menu.c.obj
 .text.lv_menu_page_constructor
                0x1001fbd0       0x34 CMakeFiles/rp2040_oled.dir/lvgl-release-v8.3/src/extra/widgets/menu/lv_menu.c.obj
 .text.lv_menu_set_page
                0x1001fc04      0x14c CMakeFiles/rp2040_oled.dir/lvgl-release-v8.3/src/extra/widgets/menu/lv_menu.c.obj
                0x1001fc04                lv_menu_set_page
 .text.lv_menu_back_event_cb
                0x1001fd50       0xa4 CMakeFiles/rp2040_oled.dir/lvgl-release-v8.3/src/extra/widgets/menu/lv_menu.c.obj
 .text.lv_meter_destructor
                0x1001fdf4       0x18 CMakeFiles/rp2040_oled.dir/lvgl-release-v8.3/src/extra/widgets/meter/lv_meter.c.obj
 .text.lv_meter_constructor
                0x1001fe0c       0x1c CMakeFiles/rp2040_oled.dir/lvgl-release-v8.3/src/extra/widgets/meter/lv_meter.c.obj
 .text.lv_meter_event
                0x1001fe28      0x900 CMakeFiles/rp2040_oled.dir/lvgl-release-v8.3/src/extra/widgets/meter/lv_meter.c.obj
 .text.lv_spinbox_updatevalue
                0x10020728      0x408 CMakeFiles/rp2040_oled.dir/lvgl-release-v8.3/src/extra/widgets/spinbox/lv_spinbox.c.obj
 .text.lv_spinbox_constructor
                0x10020b30       0x48 CMakeFiles/rp2040_oled.dir/lvgl-release-v8.3/src/extra/widgets/spinbox/lv_spinbox.c.obj
 .text.lv_spinbox_event
                0x10020b78      0x2a4 CMakeFiles/rp2040_oled.dir/lvgl-release-v8.3/src/extra/widgets/spinbox/lv_spinbox.c.obj
 .text.lv_spinner_constructor
                0x10020e1c       0x88 CMakeFiles/rp2040_oled.dir/lvgl-release-v8.3/src/extra/widgets/spinner/lv_spinner.c.obj
 .text.arc_anim_start_angle
                0x10020ea4        0xc CMakeFiles/rp2040_oled.dir/lvgl-release-v8.3/src/extra/widgets/spinner/lv_spinner.c.obj
 .text.arc_anim_end_angle
                0x10020eb0        0xc CMakeFiles/rp2040_oled.dir/lvgl-release-v8.3/src/extra/widgets/spinner/lv_spinner.c.obj
 .text.lv_spinner_create
                0x10020ebc       0x2c CMakeFiles/rp2040_oled.dir/lvgl-release-v8.3/src/extra/widgets/spinner/lv_spinner.c.obj
                0x10020ebc                lv_spinner_create
 .text.lv_tabview_destructor
                0x10020ee8       0x60 CMakeFiles/rp2040_oled.dir/lvgl-release-v8.3/src/extra/widgets/tabview/lv_tabview.c.obj
 .text.lv_tabview_constructor
                0x10020f48      0x160 CMakeFiles/rp2040_oled.dir/lvgl-release-v8.3/src/extra/widgets/tabview/lv_tabview.c.obj
 .text.lv_tabview_set_act.part.0
                0x100210a8       0xc0 CMakeFiles/rp2040_oled.dir/lvgl-release-v8.3/src/extra/widgets/tabview/lv_tabview.c.obj
 .text.cont_scroll_end_event_cb
                0x10021168       0xfc CMakeFiles/rp2040_oled.dir/lvgl-release-v8.3/src/extra/widgets/tabview/lv_tabview.c.obj
 .text.btns_value_changed_event_cb
                0x10021264       0x28 CMakeFiles/rp2040_oled.dir/lvgl-release-v8.3/src/extra/widgets/tabview/lv_tabview.c.obj
 .text.lv_tabview_event
                0x1002128c       0x38 CMakeFiles/rp2040_oled.dir/lvgl-release-v8.3/src/extra/widgets/tabview/lv_tabview.c.obj
 .text.lv_tileview_constructor
                0x100212c4       0x3c CMakeFiles/rp2040_oled.dir/lvgl-release-v8.3/src/extra/widgets/tileview/lv_tileview.c.obj
 .text.tileview_event_cb
                0x10021300       0xdc CMakeFiles/rp2040_oled.dir/lvgl-release-v8.3/src/extra/widgets/tileview/lv_tileview.c.obj
 .text.lv_tileview_tile_constructor
                0x100213dc       0x78 CMakeFiles/rp2040_oled.dir/lvgl-release-v8.3/src/extra/widgets/tileview/lv_tileview.c.obj
 .text.lv_win_constructor
                0x10021454       0x74 CMakeFiles/rp2040_oled.dir/lvgl-release-v8.3/src/extra/widgets/win/lv_win.c.obj
 .text.lv_font_get_glyph_dsc.part.0
                0x100214c8       0xc8 CMakeFiles/rp2040_oled.dir/lvgl-release-v8.3/src/font/lv_font.c.obj
 .text.lv_font_get_glyph_bitmap
                0x10021590       0x10 CMakeFiles/rp2040_oled.dir/lvgl-release-v8.3/src/font/lv_font.c.obj
                0x10021590                lv_font_get_glyph_bitmap
 .text.lv_font_get_glyph_dsc
                0x100215a0       0x14 CMakeFiles/rp2040_oled.dir/lvgl-release-v8.3/src/font/lv_font.c.obj
                0x100215a0                lv_font_get_glyph_dsc
 .text.lv_font_get_glyph_width
                0x100215b4       0x1c CMakeFiles/rp2040_oled.dir/lvgl-release-v8.3/src/font/lv_font.c.obj
                0x100215b4                lv_font_get_glyph_width
 .text.kern_pair_8_compare
                0x100215d0       0x14 CMakeFiles/rp2040_oled.dir/lvgl-release-v8.3/src/font/lv_font_fmt_txt.c.obj
 .text.kern_pair_16_compare
                0x100215e4       0x14 CMakeFiles/rp2040_oled.dir/lvgl-release-v8.3/src/font/lv_font_fmt_txt.c.obj
 .text.unicode_list_compare
                0x100215f8        0x8 CMakeFiles/rp2040_oled.dir/lvgl-release-v8.3/src/font/lv_font_fmt_txt.c.obj
 .text.lv_font_get_bitmap_fmt_txt
                0x10021600      0x11c CMakeFiles/rp2040_oled.dir/lvgl-release-v8.3/src/font/lv_font_fmt_txt.c.obj
                0x10021600                lv_font_get_bitmap_fmt_txt
 .text.lv_font_get_glyph_dsc_fmt_txt
                0x1002171c      0x380 CMakeFiles/rp2040_oled.dir/lvgl-release-v8.3/src/font/lv_font_fmt_txt.c.obj
                0x1002171c                lv_font_get_glyph_dsc_fmt_txt
 .text._lv_font_clean_up_fmt_txt
                0x10021a9c        0x4 CMakeFiles/rp2040_oled.dir/lvgl-release-v8.3/src/font/lv_font_fmt_txt.c.obj
                0x10021a9c                _lv_font_clean_up_fmt_txt
 .text.lv_disp_drv_init
                0x10021aa0       0x48 CMakeFiles/rp2040_oled.dir/lvgl-release-v8.3/src/hal/lv_hal_disp.c.obj
                0x10021aa0                lv_disp_drv_init
 .text.lv_disp_draw_buf_init
                0x10021ae8       0x1c CMakeFiles/rp2040_oled.dir/lvgl-release-v8.3/src/hal/lv_hal_disp.c.obj
                0x10021ae8                lv_disp_draw_buf_init
 .text.lv_disp_drv_register
                0x10021b04      0x150 CMakeFiles/rp2040_oled.dir/lvgl-release-v8.3/src/hal/lv_hal_disp.c.obj
                0x10021b04                lv_disp_drv_register
 .text.lv_disp_get_default
                0x10021c54        0xc CMakeFiles/rp2040_oled.dir/lvgl-release-v8.3/src/hal/lv_hal_disp.c.obj
                0x10021c54                lv_disp_get_default
 .text.lv_disp_get_hor_res
                0x10021c60       0x28 CMakeFiles/rp2040_oled.dir/lvgl-release-v8.3/src/hal/lv_hal_disp.c.obj
                0x10021c60                lv_disp_get_hor_res
 .text.lv_disp_get_ver_res
                0x10021c88       0x28 CMakeFiles/rp2040_oled.dir/lvgl-release-v8.3/src/hal/lv_hal_disp.c.obj
                0x10021c88                lv_disp_get_ver_res
 .text.lv_disp_get_dpi
                0x10021cb0       0x20 CMakeFiles/rp2040_oled.dir/lvgl-release-v8.3/src/hal/lv_hal_disp.c.obj
                0x10021cb0                lv_disp_get_dpi
 .text.lv_disp_flush_ready
                0x10021cd0        0xc CMakeFiles/rp2040_oled.dir/lvgl-release-v8.3/src/hal/lv_hal_disp.c.obj
                0x10021cd0                lv_disp_flush_ready
 .text.lv_disp_get_next
                0x10021cdc       0x1c CMakeFiles/rp2040_oled.dir/lvgl-release-v8.3/src/hal/lv_hal_disp.c.obj
                0x10021cdc                lv_disp_get_next
 .text.lv_disp_get_draw_buf
                0x10021cf8        0x8 CMakeFiles/rp2040_oled.dir/lvgl-release-v8.3/src/hal/lv_hal_disp.c.obj
                0x10021cf8                lv_disp_get_draw_buf
 .text.lv_indev_get_next
                0x10021d00       0x1c CMakeFiles/rp2040_oled.dir/lvgl-release-v8.3/src/hal/lv_hal_indev.c.obj
                0x10021d00                lv_indev_get_next
 .text.lv_tick_inc
                0x10021d1c       0x18 CMakeFiles/rp2040_oled.dir/lvgl-release-v8.3/src/hal/lv_hal_tick.c.obj
                0x10021d1c                lv_tick_inc
 .text.lv_tick_get
                0x10021d34       0x1c CMakeFiles/rp2040_oled.dir/lvgl-release-v8.3/src/hal/lv_hal_tick.c.obj
                0x10021d34                lv_tick_get
 .text.lv_tick_elaps
                0x10021d50       0x20 CMakeFiles/rp2040_oled.dir/lvgl-release-v8.3/src/hal/lv_hal_tick.c.obj
                0x10021d50                lv_tick_elaps
 .text.lv_anim_path_linear
                0x10021d70       0x28 CMakeFiles/rp2040_oled.dir/lvgl-release-v8.3/src/misc/lv_anim.c.obj
                0x10021d70                lv_anim_path_linear
 .text.anim_timer
                0x10021d98      0x208 CMakeFiles/rp2040_oled.dir/lvgl-release-v8.3/src/misc/lv_anim.c.obj
 .text._lv_anim_core_init
                0x10021fa0       0x50 CMakeFiles/rp2040_oled.dir/lvgl-release-v8.3/src/misc/lv_anim.c.obj
                0x10021fa0                _lv_anim_core_init
 .text.lv_anim_init
                0x10021ff0       0x34 CMakeFiles/rp2040_oled.dir/lvgl-release-v8.3/src/misc/lv_anim.c.obj
                0x10021ff0                lv_anim_init
 .text.lv_anim_del
                0x10022024      0x188 CMakeFiles/rp2040_oled.dir/lvgl-release-v8.3/src/misc/lv_anim.c.obj
                0x10022024                lv_anim_del
 .text.lv_anim_start
                0x100221ac       0xbc CMakeFiles/rp2040_oled.dir/lvgl-release-v8.3/src/misc/lv_anim.c.obj
                0x100221ac                lv_anim_start
 .text.lv_anim_get
                0x10022268       0x4c CMakeFiles/rp2040_oled.dir/lvgl-release-v8.3/src/misc/lv_anim.c.obj
                0x10022268                lv_anim_get
 .text.lv_anim_speed_to_time
                0x100222b4       0x28 CMakeFiles/rp2040_oled.dir/lvgl-release-v8.3/src/misc/lv_anim.c.obj
                0x100222b4                lv_anim_speed_to_time
 .text.lv_anim_path_ease_out
                0x100222dc       0x3c CMakeFiles/rp2040_oled.dir/lvgl-release-v8.3/src/misc/lv_anim.c.obj
                0x100222dc                lv_anim_path_ease_out
 .text.lv_anim_path_ease_in_out
                0x10022318       0x38 CMakeFiles/rp2040_oled.dir/lvgl-release-v8.3/src/misc/lv_anim.c.obj
                0x10022318                lv_anim_path_ease_in_out
 .text.lv_anim_path_step
                0x10022350       0x10 CMakeFiles/rp2040_oled.dir/lvgl-release-v8.3/src/misc/lv_anim.c.obj
                0x10022350                lv_anim_path_step
 .text.lv_area_set
                0x10022360       0x14 CMakeFiles/rp2040_oled.dir/lvgl-release-v8.3/src/misc/lv_area.c.obj
                0x10022360                lv_area_set
 .text.lv_area_set_width
                0x10022374        0xc CMakeFiles/rp2040_oled.dir/lvgl-release-v8.3/src/misc/lv_area.c.obj
                0x10022374                lv_area_set_width
 .text.lv_area_set_height
                0x10022380        0xc CMakeFiles/rp2040_oled.dir/lvgl-release-v8.3/src/misc/lv_area.c.obj
                0x10022380                lv_area_set_height
 .text.lv_area_get_size
                0x1002238c       0x1c CMakeFiles/rp2040_oled.dir/lvgl-release-v8.3/src/misc/lv_area.c.obj
                0x1002238c                lv_area_get_size
 .text.lv_area_increase
                0x100223a8       0x20 CMakeFiles/rp2040_oled.dir/lvgl-release-v8.3/src/misc/lv_area.c.obj
                0x100223a8                lv_area_increase
 .text.lv_area_move
                0x100223c8       0x20 CMakeFiles/rp2040_oled.dir/lvgl-release-v8.3/src/misc/lv_area.c.obj
                0x100223c8                lv_area_move
 .text._lv_area_intersect
                0x100223e8       0x78 CMakeFiles/rp2040_oled.dir/lvgl-release-v8.3/src/misc/lv_area.c.obj
                0x100223e8                _lv_area_intersect
 .text._lv_area_diff
                0x10022460      0x1c0 CMakeFiles/rp2040_oled.dir/lvgl-release-v8.3/src/misc/lv_area.c.obj
                0x10022460                _lv_area_diff
 .text._lv_area_join
                0x10022620       0x54 CMakeFiles/rp2040_oled.dir/lvgl-release-v8.3/src/misc/lv_area.c.obj
                0x10022620                _lv_area_join
 .text._lv_area_is_point_on
                0x10022674      0x1f0 CMakeFiles/rp2040_oled.dir/lvgl-release-v8.3/src/misc/lv_area.c.obj
                0x10022674                _lv_area_is_point_on
 .text._lv_area_is_on
                0x10022864       0x40 CMakeFiles/rp2040_oled.dir/lvgl-release-v8.3/src/misc/lv_area.c.obj
                0x10022864                _lv_area_is_on
 .text._lv_area_is_in
                0x100228a4       0xa0 CMakeFiles/rp2040_oled.dir/lvgl-release-v8.3/src/misc/lv_area.c.obj
                0x100228a4                _lv_area_is_in
 .text._lv_area_is_out
                0x10022944       0xa4 CMakeFiles/rp2040_oled.dir/lvgl-release-v8.3/src/misc/lv_area.c.obj
                0x10022944                _lv_area_is_out
 .text.lv_point_transform
                0x100229e8      0x17c CMakeFiles/rp2040_oled.dir/lvgl-release-v8.3/src/misc/lv_area.c.obj
                0x100229e8                lv_point_transform
 .text.lv_color_fill
                0x10022b64       0xd0 CMakeFiles/rp2040_oled.dir/lvgl-release-v8.3/src/misc/lv_color.c.obj
                0x10022b64                lv_color_fill
 .text.lv_color_darken
                0x10022c34       0x24 CMakeFiles/rp2040_oled.dir/lvgl-release-v8.3/src/misc/lv_color.c.obj
                0x10022c34                lv_color_darken
 .text.lv_color_hsv_to_rgb
                0x10022c58       0xd8 CMakeFiles/rp2040_oled.dir/lvgl-release-v8.3/src/misc/lv_color.c.obj
                0x10022c58                lv_color_hsv_to_rgb
 .text.lv_palette_main
                0x10022d30       0x14 CMakeFiles/rp2040_oled.dir/lvgl-release-v8.3/src/misc/lv_color.c.obj
                0x10022d30                lv_palette_main
 .text.lv_palette_lighten
                0x10022d44       0x24 CMakeFiles/rp2040_oled.dir/lvgl-release-v8.3/src/misc/lv_color.c.obj
                0x10022d44                lv_palette_lighten
 .text.lv_palette_darken
                0x10022d68       0x20 CMakeFiles/rp2040_oled.dir/lvgl-release-v8.3/src/misc/lv_color.c.obj
                0x10022d68                lv_palette_darken
 .text._lv_fs_init
                0x10022d88       0x10 CMakeFiles/rp2040_oled.dir/lvgl-release-v8.3/src/misc/lv_fs.c.obj
                0x10022d88                _lv_fs_init
 .text.lv_fs_open
                0x10022d98       0xb4 CMakeFiles/rp2040_oled.dir/lvgl-release-v8.3/src/misc/lv_fs.c.obj
                0x10022d98                lv_fs_open
 .text.lv_fs_close
                0x10022e4c       0x4c CMakeFiles/rp2040_oled.dir/lvgl-release-v8.3/src/misc/lv_fs.c.obj
                0x10022e4c                lv_fs_close
 .text.lv_fs_read
                0x10022e98      0x198 CMakeFiles/rp2040_oled.dir/lvgl-release-v8.3/src/misc/lv_fs.c.obj
                0x10022e98                lv_fs_read
 .text.lv_fs_seek
                0x10023030       0x9c CMakeFiles/rp2040_oled.dir/lvgl-release-v8.3/src/misc/lv_fs.c.obj
                0x10023030                lv_fs_seek
 .text.lv_fs_get_ext
                0x100230cc       0x30 CMakeFiles/rp2040_oled.dir/lvgl-release-v8.3/src/misc/lv_fs.c.obj
                0x100230cc                lv_fs_get_ext
 .text._lv_ll_init
                0x100230fc       0x10 CMakeFiles/rp2040_oled.dir/lvgl-release-v8.3/src/misc/lv_ll.c.obj
                0x100230fc                _lv_ll_init
 .text._lv_ll_ins_head
                0x1002310c       0x30 CMakeFiles/rp2040_oled.dir/lvgl-release-v8.3/src/misc/lv_ll.c.obj
                0x1002310c                _lv_ll_ins_head
 .text._lv_ll_ins_prev
                0x1002313c       0x60 CMakeFiles/rp2040_oled.dir/lvgl-release-v8.3/src/misc/lv_ll.c.obj
                0x1002313c                _lv_ll_ins_prev
 .text._lv_ll_ins_tail
                0x1002319c       0x30 CMakeFiles/rp2040_oled.dir/lvgl-release-v8.3/src/misc/lv_ll.c.obj
                0x1002319c                _lv_ll_ins_tail
 .text._lv_ll_remove
                0x100231cc       0x50 CMakeFiles/rp2040_oled.dir/lvgl-release-v8.3/src/misc/lv_ll.c.obj
                0x100231cc                _lv_ll_remove
 .text._lv_ll_clear
                0x1002321c       0x6c CMakeFiles/rp2040_oled.dir/lvgl-release-v8.3/src/misc/lv_ll.c.obj
                0x1002321c                _lv_ll_clear
 .text._lv_ll_get_head
                0x10023288        0xc CMakeFiles/rp2040_oled.dir/lvgl-release-v8.3/src/misc/lv_ll.c.obj
                0x10023288                _lv_ll_get_head
 .text._lv_ll_get_tail
                0x10023294        0xc CMakeFiles/rp2040_oled.dir/lvgl-release-v8.3/src/misc/lv_ll.c.obj
                0x10023294                _lv_ll_get_tail
 .text._lv_ll_get_next
                0x100232a0        0x8 CMakeFiles/rp2040_oled.dir/lvgl-release-v8.3/src/misc/lv_ll.c.obj
                0x100232a0                _lv_ll_get_next
 .text._lv_ll_get_prev
                0x100232a8        0x8 CMakeFiles/rp2040_oled.dir/lvgl-release-v8.3/src/misc/lv_ll.c.obj
                0x100232a8                _lv_ll_get_prev
 .text._lv_ll_get_len
                0x100232b0       0x20 CMakeFiles/rp2040_oled.dir/lvgl-release-v8.3/src/misc/lv_ll.c.obj
                0x100232b0                _lv_ll_get_len
 .text._lv_ll_is_empty
                0x100232d0       0x1c CMakeFiles/rp2040_oled.dir/lvgl-release-v8.3/src/misc/lv_ll.c.obj
                0x100232d0                _lv_ll_is_empty
 .text.lv_trigo_sin
                0x100232ec       0x68 CMakeFiles/rp2040_oled.dir/lvgl-release-v8.3/src/misc/lv_math.c.obj
                0x100232ec                lv_trigo_sin
 .text.lv_bezier3
                0x10023354       0x44 CMakeFiles/rp2040_oled.dir/lvgl-release-v8.3/src/misc/lv_math.c.obj
                0x10023354                lv_bezier3
 .text.lv_atan2
                0x10023398       0xb4 CMakeFiles/rp2040_oled.dir/lvgl-release-v8.3/src/misc/lv_math.c.obj
                0x10023398                lv_atan2
 .text.lv_pow   0x1002344c       0x54 CMakeFiles/rp2040_oled.dir/lvgl-release-v8.3/src/misc/lv_math.c.obj
                0x1002344c                lv_pow
 .text.lv_map   0x100234a0       0x34 CMakeFiles/rp2040_oled.dir/lvgl-release-v8.3/src/misc/lv_math.c.obj
                0x100234a0                lv_map
 .text.lv_mem_init
                0x100234d4       0x1c CMakeFiles/rp2040_oled.dir/lvgl-release-v8.3/src/misc/lv_mem.c.obj
                0x100234d4                lv_mem_init
 .text.lv_mem_alloc
                0x100234f0       0x44 CMakeFiles/rp2040_oled.dir/lvgl-release-v8.3/src/misc/lv_mem.c.obj
                0x100234f0                lv_mem_alloc
 .text.lv_mem_free
                0x10023534       0x38 CMakeFiles/rp2040_oled.dir/lvgl-release-v8.3/src/misc/lv_mem.c.obj
                0x10023534                lv_mem_free
 .text.lv_mem_realloc
                0x1002356c       0x78 CMakeFiles/rp2040_oled.dir/lvgl-release-v8.3/src/misc/lv_mem.c.obj
                0x1002356c                lv_mem_realloc
 .text.lv_mem_buf_get
                0x100235e4      0x150 CMakeFiles/rp2040_oled.dir/lvgl-release-v8.3/src/misc/lv_mem.c.obj
                0x100235e4                lv_mem_buf_get
 .text.lv_mem_buf_release
                0x10023734       0xb4 CMakeFiles/rp2040_oled.dir/lvgl-release-v8.3/src/misc/lv_mem.c.obj
                0x10023734                lv_mem_buf_release
 .text.lv_mem_buf_free_all
                0x100237e8       0x70 CMakeFiles/rp2040_oled.dir/lvgl-release-v8.3/src/misc/lv_mem.c.obj
                0x100237e8                lv_mem_buf_free_all
 .text.lv_memcpy
                0x10023858      0x3a8 CMakeFiles/rp2040_oled.dir/lvgl-release-v8.3/src/misc/lv_mem.c.obj
                0x10023858                lv_memcpy
 .text.lv_memset
                0x10023c00      0x104 CMakeFiles/rp2040_oled.dir/lvgl-release-v8.3/src/misc/lv_mem.c.obj
                0x10023c00                lv_memset
 .text.lv_memset_00
                0x10023d04       0xe0 CMakeFiles/rp2040_oled.dir/lvgl-release-v8.3/src/misc/lv_mem.c.obj
                0x10023d04                lv_memset_00
 .text.lv_memset_ff
                0x10023de4       0xe4 CMakeFiles/rp2040_oled.dir/lvgl-release-v8.3/src/misc/lv_mem.c.obj
                0x10023de4                lv_memset_ff
 .text._out_buffer
                0x10023ec8        0x8 CMakeFiles/rp2040_oled.dir/lvgl-release-v8.3/src/misc/lv_printf.c.obj
 .text._out_null
                0x10023ed0        0x4 CMakeFiles/rp2040_oled.dir/lvgl-release-v8.3/src/misc/lv_printf.c.obj
 .text._ntoa_format
                0x10023ed4      0x3dc CMakeFiles/rp2040_oled.dir/lvgl-release-v8.3/src/misc/lv_printf.c.obj
 .text._vsnprintf
                0x100242b0      0xaa8 CMakeFiles/rp2040_oled.dir/lvgl-release-v8.3/src/misc/lv_printf.c.obj
 .text.lv_snprintf
                0x10024d58       0x28 CMakeFiles/rp2040_oled.dir/lvgl-release-v8.3/src/misc/lv_printf.c.obj
                0x10024d58                lv_snprintf
 .text.lv_vsnprintf
                0x10024d80       0x1c CMakeFiles/rp2040_oled.dir/lvgl-release-v8.3/src/misc/lv_printf.c.obj
                0x10024d80                lv_vsnprintf
 .text.lv_style_init
                0x10024d9c        0xc CMakeFiles/rp2040_oled.dir/lvgl-release-v8.3/src/misc/lv_style.c.obj
                0x10024d9c                lv_style_init
 .text.lv_style_reset
                0x10024da8       0x28 CMakeFiles/rp2040_oled.dir/lvgl-release-v8.3/src/misc/lv_style.c.obj
                0x10024da8                lv_style_reset
 .text.lv_style_register_prop
                0x10024dd0       0x80 CMakeFiles/rp2040_oled.dir/lvgl-release-v8.3/src/misc/lv_style.c.obj
                0x10024dd0                lv_style_register_prop
 .text.lv_style_remove_prop
                0x10024e50       0xd0 CMakeFiles/rp2040_oled.dir/lvgl-release-v8.3/src/misc/lv_style.c.obj
                0x10024e50                lv_style_remove_prop
 .text.lv_style_set_prop
                0x10024f20      0x10c CMakeFiles/rp2040_oled.dir/lvgl-release-v8.3/src/misc/lv_style.c.obj
                0x10024f20                lv_style_set_prop
 .text.lv_style_transition_dsc_init
                0x1002502c       0x2c CMakeFiles/rp2040_oled.dir/lvgl-release-v8.3/src/misc/lv_style.c.obj
                0x1002502c                lv_style_transition_dsc_init
 .text.lv_style_prop_get_default
                0x10025058       0x94 CMakeFiles/rp2040_oled.dir/lvgl-release-v8.3/src/misc/lv_style.c.obj
                0x10025058                lv_style_prop_get_default
 .text.lv_style_get_prop
                0x100250ec       0xa4 CMakeFiles/rp2040_oled.dir/lvgl-release-v8.3/src/misc/lv_style.c.obj
                0x100250ec                lv_style_get_prop
 .text.lv_style_is_empty
                0x10025190        0xc CMakeFiles/rp2040_oled.dir/lvgl-release-v8.3/src/misc/lv_style.c.obj
                0x10025190                lv_style_is_empty
 .text._lv_style_get_prop_group
                0x1002519c       0x10 CMakeFiles/rp2040_oled.dir/lvgl-release-v8.3/src/misc/lv_style.c.obj
                0x1002519c                _lv_style_get_prop_group
 .text._lv_style_prop_lookup_flags
                0x100251ac       0x48 CMakeFiles/rp2040_oled.dir/lvgl-release-v8.3/src/misc/lv_style.c.obj
                0x100251ac                _lv_style_prop_lookup_flags
 .text.lv_style_set_width
                0x100251f4        0xc CMakeFiles/rp2040_oled.dir/lvgl-release-v8.3/src/misc/lv_style_gen.c.obj
                0x100251f4                lv_style_set_width
 .text.lv_style_set_max_width
                0x10025200        0xc CMakeFiles/rp2040_oled.dir/lvgl-release-v8.3/src/misc/lv_style_gen.c.obj
                0x10025200                lv_style_set_max_width
 .text.lv_style_set_height
                0x1002520c        0xc CMakeFiles/rp2040_oled.dir/lvgl-release-v8.3/src/misc/lv_style_gen.c.obj
                0x1002520c                lv_style_set_height
 .text.lv_style_set_max_height
                0x10025218        0xc CMakeFiles/rp2040_oled.dir/lvgl-release-v8.3/src/misc/lv_style_gen.c.obj