Archive member included to satisfy reference by file (symbol)

/home/w0x7ce/Downloads/arm-gnu-toolchain-13.2.rel1-x86_64-arm-none-eabi/arm-gnu-toolchain-13.2.Rel1-x86_64-arm-none-eabi/bin/../lib/gcc/arm-none-eabi/13.2.1/thumb/v6-m/nofp/libgcc.a(_dvmd_tls.o)
                              CMakeFiles/rp2040_oled.dir/home/w0x7ce/pico-sdk/src/rp2_common/pico_divider/divider.S.obj (__aeabi_idiv0)
/home/w0x7ce/Downloads/arm-gnu-toolchain-13.2.rel1-x86_64-arm-none-eabi/arm-gnu-toolchain-13.2.Rel1-x86_64-arm-none-eabi/bin/../lib/gcc/arm-none-eabi/13.2.1/thumb/v6-m/nofp/libgcc.a(_ffssi2.o)
                              CMakeFiles/rp2040_oled.dir/lvgl-release-v8.3/src/misc/lv_tlsf.c.obj (__ffssi2)
/home/w0x7ce/Downloads/arm-gnu-toolchain-13.2.rel1-x86_64-arm-none-eabi/arm-gnu-toolchain-13.2.Rel1-x86_64-arm-none-eabi/bin/../lib/gcc/arm-none-eabi/13.2.1/../../../../arm-none-eabi/lib/thumb/v6-m/nofp/libc.a(libc_a-stpcpy.o)
                              CMakeFiles/rp2040_oled.dir/lvgl-release-v8.3/src/widgets/lv_dropdown.c.obj (stpcpy)
/home/w0x7ce/Downloads/arm-gnu-toolchain-13.2.rel1-x86_64-arm-none-eabi/arm-gnu-toolchain-13.2.Rel1-x86_64-arm-none-eabi/bin/../lib/gcc/arm-none-eabi/13.2.1/../../../../arm-none-eabi/lib/thumb/v6-m/nofp/libc.a(libc_a-malloc.o)
                              CMakeFiles/rp2040_oled.dir/home/w0x7ce/pico-sdk/src/rp2_common/pico_malloc/pico_malloc.c.obj (malloc)
/home/w0x7ce/Downloads/arm-gnu-toolchain-13.2.rel1-x86_64-arm-none-eabi/arm-gnu-toolchain-13.2.Rel1-x86_64-arm-none-eabi/bin/../lib/gcc/arm-none-eabi/13.2.1/../../../../arm-none-eabi/lib/thumb/v6-m/nofp/libc.a(libc_a-mallocr.o)
                              /home/w0x7ce/Downloads/arm-gnu-toolchain-13.2.rel1-x86_64-arm-none-eabi/arm-gnu-toolchain-13.2.Rel1-x86_64-arm-none-eabi/bin/../lib/gcc/arm-none-eabi/13.2.1/../../../../arm-none-eabi/lib/thumb/v6-m/nofp/libc.a(libc_a-malloc.o) (_malloc_r)
/home/w0x7ce/Downloads/arm-gnu-toolchain-13.2.rel1-x86_64-arm-none-eabi/arm-gnu-toolchain-13.2.Rel1-x86_64-arm-none-eabi/bin/../lib/gcc/arm-none-eabi/13.2.1/../../../../arm-none-eabi/lib/thumb/v6-m/nofp/libc.a(libc_a-memcmp.o)
                              CMakeFiles/rp2040_oled.dir/lvgl-release-v8.3/src/misc/lv_lru.c.obj (memcmp)
/home/w0x7ce/Downloads/arm-gnu-toolchain-13.2.rel1-x86_64-arm-none-eabi/arm-gnu-toolchain-13.2.Rel1-x86_64-arm-none-eabi/bin/../lib/gcc/arm-none-eabi/13.2.1/../../../../arm-none-eabi/lib/thumb/v6-m/nofp/libc.a(libc_a-memmove.o)
                              CMakeFiles/rp2040_oled.dir/lvgl-release-v8.3/src/core/lv_event.c.obj (memmove)
/home/w0x7ce/Downloads/arm-gnu-toolchain-13.2.rel1-x86_64-arm-none-eabi/arm-gnu-toolchain-13.2.Rel1-x86_64-arm-none-eabi/bin/../lib/gcc/arm-none-eabi/13.2.1/../../../../arm-none-eabi/lib/thumb/v6-m/nofp/libc.a(libc_a-init.o)
                              /home/w0x7ce/Downloads/arm-gnu-toolchain-13.2.rel1-x86_64-arm-none-eabi/arm-gnu-toolchain-13.2.Rel1-x86_64-arm-none-eabi/bin/../lib/gcc/arm-none-eabi/13.2.1/../../../../arm-none-eabi/lib/thumb/v6-m/nofp/crt0.o (__libc_init_array)
/home/w0x7ce/Downloads/arm-gnu-toolchain-13.2.rel1-x86_64-arm-none-eabi/arm-gnu-toolchain-13.2.Rel1-x86_64-arm-none-eabi/bin/../lib/gcc/arm-none-eabi/13.2.1/../../../../arm-none-eabi/lib/thumb/v6-m/nofp/libc.a(libc_a-sysconf.o)
                              /home/w0x7ce/Downloads/arm-gnu-toolchain-13.2.rel1-x86_64-arm-none-eabi/arm-gnu-toolchain-13.2.Rel1-x86_64-arm-none-eabi/bin/../lib/gcc/arm-none-eabi/13.2.1/../../../../arm-none-eabi/lib/thumb/v6-m/nofp/libc.a(libc_a-mallocr.o) (sysconf)
/home/w0x7ce/Downloads/arm-gnu-toolchain-13.2.rel1-x86_64-arm-none-eabi/arm-gnu-toolchain-13.2.Rel1-x86_64-arm-none-eabi/bin/../lib/gcc/arm-none-eabi/13.2.1/../../../../arm-none-eabi/lib/thumb/v6-m/nofp/libc.a(libc_a-strcmp.o)
                              CMakeFiles/rp2040_oled.dir/lvgl-release-v8.3/src/draw/lv_img_decoder.c.obj (strcmp)
/home/w0x7ce/Downloads/arm-gnu-toolchain-13.2.rel1-x86_64-arm-none-eabi/arm-gnu-toolchain-13.2.Rel1-x86_64-arm-none-eabi/bin/../lib/gcc/arm-none-eabi/13.2.1/../../../../arm-none-eabi/lib/thumb/v6-m/nofp/libc.a(libc_a-strcpy.o)
                              CMakeFiles/rp2040_oled.dir/lvgl-release-v8.3/src/draw/lv_img_decoder.c.obj (strcpy)
/home/w0x7ce/Downloads/arm-gnu-toolchain-13.2.rel1-x86_64-arm-none-eabi/arm-gnu-toolchain-13.2.Rel1-x86_64-arm-none-eabi/bin/../lib/gcc/arm-none-eabi/13.2.1/../../../../arm-none-eabi/lib/thumb/v6-m/nofp/libc.a(libc_a-mlock.o)
                              /home/w0x7ce/Downloads/arm-gnu-toolchain-13.2.rel1-x86_64-arm-none-eabi/arm-gnu-toolchain-13.2.Rel1-x86_64-arm-none-eabi/bin/../lib/gcc/arm-none-eabi/13.2.1/../../../../arm-none-eabi/lib/thumb/v6-m/nofp/libc.a(libc_a-mallocr.o) (__malloc_lock)
/home/w0x7ce/Downloads/arm-gnu-toolchain-13.2.rel1-x86_64-arm-none-eabi/arm-gnu-toolchain-13.2.Rel1-x86_64-arm-none-eabi/bin/../lib/gcc/arm-none-eabi/13.2.1/../../../../arm-none-eabi/lib/thumb/v6-m/nofp/libc.a(libc_a-strchr.o)
[...]
Memory Configuration

Name             Origin             Length             Attributes
FLASH            0x10000000         0x00200000         xr
RAM              0x20000000         0x00040000         xrw
SCRATCH_X        0x20040000         0x00001000         xrw
SCRATCH_Y        0x20041000         0x00001000         xrw
*default*        0x00000000         0xffffffff

Linker script and memory map

LOAD /home/w0x7ce/Downloads/arm-gnu-toolchain-13.2.rel1-x86_64-arm-none-eabi/arm-gnu-toolchain-13.2.Rel1-x86_64-arm-none-eabi/bin/../lib/gcc/arm-none-eabi/13.2.1/thumb/v6-m/nofp/crti.o
LOAD /home/w0x7ce/Downloads/arm-gnu-toolchain-13.2.rel1-x86_64-arm-none-eabi/arm-gnu-toolchain-13.2.Rel1-x86_64-arm-none-eabi/bin/../lib/gcc/arm-none-eabi/13.2.1/thumb/v6-m/nofp/crtbegin.o
LOAD /home/w0x7ce/Downloads/arm-gnu-toolchain-13.2.rel1-x86_64-arm-none-eabi/arm-gnu-toolchain-13.2.Rel1-x86_64-arm-none-eabi/bin/../lib/gcc/arm-none-eabi/13.2.1/../../../../arm-none-eabi/lib/thumb/v6-m/nofp/crt0.o

.flash_begin    0x10000000        0x0
                0x10000000                        __flash_binary_start = .

.boot2          0x10000000      0x100
                0x10000000                        __boot2_start__ = .
 *(.boot2)
 .boot2         0x10000000      0x100 /tmp/ccpOTErq.o
                0x10000100                        __boot2_end__ = .
                0x00000001                        ASSERT (((__boot2_end__ - __boot2_start__) == 0x100), ERROR: Pico second stage bootloader must be 256 bytes in size)

.text           0x10000100    0x34768
                0x10000100                        __logical_binary_start = .
 *(.vectors)
 .vectors       0x10000100       0xd4 CMakeFiles/rp2040_oled.dir/home/w0x7ce/pico-sdk/src/rp2_common/pico_standard_link/crt0.S.obj
                0x10000100                __vectors
                0x10000100                __VECTOR_TABLE
                0x100001c0                isr_invalid
                0x100001c0                __default_isrs_start
                0x100001c2                isr_nmi
                0x100001c4                isr_hardfault
                0x100001c6                isr_svcall
                0x100001c8                isr_pendsv
                0x100001ca                isr_systick
                0x100001cc                isr_irq30
                0x100001cc                __unhandled_user_irq
                0x100001cc                isr_irq13
                0x100001cc                isr_irq27
                0x100001cc                isr_irq31
                0x100001cc                isr_irq5
                0x100001cc                isr_irq11
                0x100001cc                isr_irq23
                0x100001cc                isr_irq18
                0x100001cc                isr_irq28
                0x100001cc                isr_irq19
                0x100001cc                isr_irq0
                0x100001cc                isr_irq6
                0x100001cc                isr_irq22
                0x100001cc                isr_irq17
                0x100001cc                isr_irq14
                0x100001cc                isr_irq2
                0x100001cc                isr_irq10
                0x100001cc                isr_irq8
                0x100001cc                isr_irq24
                0x100001cc                isr_irq1
                0x100001cc                isr_irq7
                0x100001cc                isr_irq21
                0x100001cc                isr_irq20
                0x100001cc                isr_irq15
                0x100001cc                isr_irq25
                0x100001cc                isr_irq4
                0x100001cc                isr_irq16
                0x100001cc                isr_irq29
                0x100001cc                isr_irq26
                0x100001cc                __default_isrs_end
                0x100001cc                isr_irq3
                0x100001cc                isr_irq12
                0x100001cc                isr_irq9
                0x100001d2                unhandled_user_irq_num_in_r0
 *(.binary_info_header)
 .binary_info_header
                0x100001d4       0x14 CMakeFiles/rp2040_oled.dir/home/w0x7ce/pico-sdk/src/rp2_common/pico_standard_link/crt0.S.obj
                0x100001e8                        __binary_info_header_end = .
 *(.reset)
 .reset         0x100001e8       0xa0 CMakeFiles/rp2040_oled.dir/home/w0x7ce/pico-sdk/src/rp2_common/pico_standard_link/crt0.S.obj
                0x100001e8                _entry_point
 .reset         0x10000288       0x30 CMakeFiles/rp2040_oled.dir/home/w0x7ce/pico-sdk/src/rp2_common/pico_standard_link/binary_info.c.obj
 *(.init)
 .init          0x100002b8        0x4 /home/w0x7ce/Downloads/arm-gnu-toolchain-13.2.rel1-x86_64-arm-none-eabi/arm-gnu-toolchain-13.2.Rel1-x86_64-arm-none-eabi/bin/../lib/gcc/arm-none-eabi/13.2.1/thumb/v6-m/nofp/crti.o
                0x100002b8                _init
 *(EXCLUDE_FILE(*libm.a: *libc.a:*lib_a-mem*.o *libgcc.a:) .text*)
 .text.register_tm_clones
                0x100002bc       0x28 /home/w0x7ce/Downloads/arm-gnu-toolchain-13.2.rel1-x86_64-arm-none-eabi/arm-gnu-toolchain-13.2.Rel1-x86_64-arm-none-eabi/bin/../lib/gcc/arm-none-eabi/13.2.1/thumb/v6-m/nofp/crtbegin.o
 .text.frame_dummy
                0x100002e4       0x24 /home/w0x7ce/Downloads/arm-gnu-toolchain-13.2.rel1-x86_64-arm-none-eabi/arm-gnu-toolchain-13.2.Rel1-x86_64-arm-none-eabi/bin/../lib/gcc/arm-none-eabi/13.2.1/thumb/v6-m/nofp/crtbegin.o
 .text.lvgl_display_flush_cb
                0x10000308       0x64 CMakeFiles/rp2040_oled.dir/main.c.obj
 .text.startup.main
                0x1000036c      0x15c CMakeFiles/rp2040_oled.dir/main.c.obj
                0x1000036c                main
 .text.lv_disp_get_scr_act
                0x100004c8       0x18 CMakeFiles/rp2040_oled.dir/lvgl-release-v8.3/src/core/lv_disp.c.obj
                0x100004c8                lv_disp_get_scr_act
 .text.lv_disp_get_scr_prev
                0x100004e0       0x18 CMakeFiles/rp2040_oled.dir/lvgl-release-v8.3/src/core/lv_disp.c.obj
                0x100004e0                lv_disp_get_scr_prev
 .text.lv_disp_get_layer_top
                0x100004f8       0x18 CMakeFiles/rp2040_oled.dir/lvgl-release-v8.3/src/core/lv_disp.c.obj
                0x100004f8                lv_disp_get_layer_top
 .text.lv_disp_get_layer_sys
                0x10000510       0x18 CMakeFiles/rp2040_oled.dir/lvgl-release-v8.3/src/core/lv_disp.c.obj
                0x10000510                lv_disp_get_layer_sys
 .text.lv_disp_get_theme
                0x10000528       0x10 CMakeFiles/rp2040_oled.dir/lvgl-release-v8.3/src/core/lv_disp.c.obj
                0x10000528                lv_disp_get_theme
 .text.lv_disp_is_invalidation_enabled
                0x10000538       0x20 CMakeFiles/rp2040_oled.dir/lvgl-release-v8.3/src/core/lv_disp.c.obj
                0x10000538                lv_disp_is_invalidation_enabled
 .text.event_send_core
                0x10000558      0x1b8 CMakeFiles/rp2040_oled.dir/lvgl-release-v8.3/src/core/lv_event.c.obj
 .text.lv_event_send
                0x10000710       0x40 CMakeFiles/rp2040_oled.dir/lvgl-release-v8.3/src/core/lv_event.c.obj
                0x10000710                lv_event_send
 .text.lv_obj_event_base
                0x10000750       0x38 CMakeFiles/rp2040_oled.dir/lvgl-release-v8.3/src/core/lv_event.c.obj
                0x10000750                lv_obj_event_base
 .text.lv_event_get_target
                0x10000788        0x4 CMakeFiles/rp2040_oled.dir/lvgl-release-v8.3/src/core/lv_event.c.obj
                0x10000788                lv_event_get_target
 .text.lv_event_get_current_target
                0x1000078c        0x4 CMakeFiles/rp2040_oled.dir/lvgl-release-v8.3/src/core/lv_event.c.obj
                0x1000078c                lv_event_get_current_target
 .text.lv_event_get_code
                0x10000790        0x8 CMakeFiles/rp2040_oled.dir/lvgl-release-v8.3/src/core/lv_event.c.obj
                0x10000790                lv_event_get_code
 .text.lv_event_get_param
                0x10000798        0x4 CMakeFiles/rp2040_oled.dir/lvgl-release-v8.3/src/core/lv_event.c.obj
                0x10000798                lv_event_get_param
 .text.lv_event_get_user_data
                0x1000079c        0x4 CMakeFiles/rp2040_oled.dir/lvgl-release-v8.3/src/core/lv_event.c.obj
                0x1000079c                lv_event_get_user_data
 .text._lv_event_mark_deleted
                0x100007a0       0x30 CMakeFiles/rp2040_oled.dir/lvgl-release-v8.3/src/core/lv_event.c.obj
                0x100007a0                _lv_event_mark_deleted
 .text.lv_obj_add_event_cb
                0x100007d0       0x60 CMakeFiles/rp2040_oled.dir/lvgl-release-v8.3/src/core/lv_event.c.obj
                0x100007d0                lv_obj_add_event_cb
 .text.lv_event_get_indev
                0x10000830       0x10 CMakeFiles/rp2040_oled.dir/lvgl-release-v8.3/src/core/lv_event.c.obj
                0x10000830                lv_event_get_indev
 .text.lv_event_get_draw_ctx
                0x10000840       0x10 CMakeFiles/rp2040_oled.dir/lvgl-release-v8.3/src/core/lv_event.c.obj
                0x10000840                lv_event_get_draw_ctx
 .text.lv_event_set_ext_draw_size
                0x10000850       0x20 CMakeFiles/rp2040_oled.dir/lvgl-release-v8.3/src/core/lv_event.c.obj
                0x10000850                lv_event_set_ext_draw_size
 .text.focus_next_core
                0x10000870      0x1a8 CMakeFiles/rp2040_oled.dir/lvgl-release-v8.3/src/core/lv_group.c.obj
 .text.lv_group_refocus
                0x10000a18       0x64 CMakeFiles/rp2040_oled.dir/lvgl-release-v8.3/src/core/lv_group.c.obj
 .text._lv_group_init
                0x10000a7c       0x10 CMakeFiles/rp2040_oled.dir/lvgl-release-v8.3/src/core/lv_group.c.obj
                0x10000a7c                _lv_group_init
 .text.lv_group_get_default
                0x10000a8c        0xc CMakeFiles/rp2040_oled.dir/lvgl-release-v8.3/src/core/lv_group.c.obj
                0x10000a8c                lv_group_get_default
 .text.lv_group_remove_obj
                0x10000a98       0xf8 CMakeFiles/rp2040_oled.dir/lvgl-release-v8.3/src/core/lv_group.c.obj
                0x10000a98                lv_group_remove_obj
 .text.lv_group_add_obj
                0x10000b90       0x80 CMakeFiles/rp2040_oled.dir/lvgl-release-v8.3/src/core/lv_group.c.obj
                0x10000b90                lv_group_add_obj
 .text.lv_group_focus_next
                0x10000c10       0x28 CMakeFiles/rp2040_oled.dir/lvgl-release-v8.3/src/core/lv_group.c.obj
                0x10000c10                lv_group_focus_next
 .text.lv_group_set_editing
                0x10000c38       0xa8 CMakeFiles/rp2040_oled.dir/lvgl-release-v8.3/src/core/lv_group.c.obj
                0x10000c38                lv_group_set_editing
 .text.lv_group_get_focused
                0x10000ce0       0x14 CMakeFiles/rp2040_oled.dir/lvgl-release-v8.3/src/core/lv_group.c.obj
                0x10000ce0                lv_group_get_focused
 .text.lv_group_get_editing
                0x10000cf4       0x10 CMakeFiles/rp2040_oled.dir/lvgl-release-v8.3/src/core/lv_group.c.obj
                0x10000cf4                lv_group_get_editing
 .text.lv_indev_get_act
                0x10000d04        0xc CMakeFiles/rp2040_oled.dir/lvgl-release-v8.3/src/core/lv_indev.c.obj
                0x10000d04                lv_indev_get_act
 .text.lv_indev_get_type
                0x10000d10       0x10 CMakeFiles/rp2040_oled.dir/lvgl-release-v8.3/src/core/lv_indev.c.obj
                0x10000d10                lv_indev_get_type
 .text.lv_indev_reset
                0x10000d20       0xe8 CMakeFiles/rp2040_oled.dir/lvgl-release-v8.3/src/core/lv_indev.c.obj
                0x10000d20                lv_indev_reset
 .text.lv_indev_reset_long_press
                0x10000e08       0x1c CMakeFiles/rp2040_oled.dir/lvgl-release-v8.3/src/core/lv_indev.c.obj
                0x10000e08                lv_indev_reset_long_press
 .text.lv_indev_get_point
                0x10000e24       0x2c CMakeFiles/rp2040_oled.dir/lvgl-release-v8.3/src/core/lv_indev.c.obj
                0x10000e24                lv_indev_get_point
 .text.lv_indev_get_scroll_dir
                0x10000e50       0x20 CMakeFiles/rp2040_oled.dir/lvgl-release-v8.3/src/core/lv_indev.c.obj
                0x10000e50                lv_indev_get_scroll_dir
 .text.lv_indev_get_scroll_obj
                0x10000e70       0x1c CMakeFiles/rp2040_oled.dir/lvgl-release-v8.3/src/core/lv_indev.c.obj
                0x10000e70                lv_indev_get_scroll_obj
 .text.lv_indev_get_vect
                0x10000e8c       0x24 CMakeFiles/rp2040_oled.dir/lvgl-release-v8.3/src/core/lv_indev.c.obj
                0x10000e8c                lv_indev_get_vect
 .text.lv_indev_wait_release
                0x10000eb0       0x10 CMakeFiles/rp2040_oled.dir/lvgl-release-v8.3/src/core/lv_indev.c.obj
                0x10000eb0                lv_indev_wait_release
 .text.lv_indev_get_obj_act
                0x10000ec0        0xc CMakeFiles/rp2040_oled.dir/lvgl-release-v8.3/src/core/lv_indev.c.obj
                0x10000ec0                lv_indev_get_obj_act
 .text.lv_indev_scroll_throw_predict
                0x10000ecc       0x44 CMakeFiles/rp2040_oled.dir/lvgl-release-v8.3/src/core/lv_indev_scroll.c.obj
                0x10000ecc                lv_indev_scroll_throw_predict
 .text.lv_obj_draw
                0x10000f10      0x480 CMakeFiles/rp2040_oled.dir/lvgl-release-v8.3/src/core/lv_obj.c.obj
 .text.lv_obj_destructor
                0x10001390       0x70 CMakeFiles/rp2040_oled.dir/lvgl-release-v8.3/src/core/lv_obj.c.obj
 .text.lv_obj_constructor
                0x10001400       0x68 CMakeFiles/rp2040_oled.dir/lvgl-release-v8.3/src/core/lv_obj.c.obj
 .text.lv_obj_set_state
                0x10001468      0x2e4 CMakeFiles/rp2040_oled.dir/lvgl-release-v8.3/src/core/lv_obj.c.obj
 .text.lv_obj_event
                0x1000174c      0x384 CMakeFiles/rp2040_oled.dir/lvgl-release-v8.3/src/core/lv_obj.c.obj
 .text.lv_init  0x10001ad0       0x58 CMakeFiles/rp2040_oled.dir/lvgl-release-v8.3/src/core/lv_obj.c.obj
                0x10001ad0                lv_init
 .text.lv_obj_create
                0x10001b28       0x1c CMakeFiles/rp2040_oled.dir/lvgl-release-v8.3/src/core/lv_obj.c.obj
                0x10001b28                lv_obj_create
 .text.lv_obj_add_flag
                0x10001b44       0x98 CMakeFiles/rp2040_oled.dir/lvgl-release-v8.3/src/core/lv_obj.c.obj
                0x10001b44                lv_obj_add_flag
 .text.lv_obj_clear_flag
                0x10001bdc       0x84 CMakeFiles/rp2040_oled.dir/lvgl-release-v8.3/src/core/lv_obj.c.obj
                0x10001bdc                lv_obj_clear_flag
 .text.lv_obj_add_state
                0x10001c60       0x10 CMakeFiles/rp2040_oled.dir/lvgl-release-v8.3/src/core/lv_obj.c.obj
                0x10001c60                lv_obj_add_state
 .text.lv_obj_clear_state
                0x10001c70       0x14 CMakeFiles/rp2040_oled.dir/lvgl-release-v8.3/src/core/lv_obj.c.obj
                0x10001c70                lv_obj_clear_state
 .text.lv_obj_has_flag
                0x10001c84       0x10 CMakeFiles/rp2040_oled.dir/lvgl-release-v8.3/src/core/lv_obj.c.obj
                0x10001c84                lv_obj_has_flag
 .text.lv_obj_has_flag_any
                0x10001c94        0xc CMakeFiles/rp2040_oled.dir/lvgl-release-v8.3/src/core/lv_obj.c.obj
                0x10001c94                lv_obj_has_flag_any
 .text.lv_obj_get_state
                0x10001ca0        0x4 CMakeFiles/rp2040_oled.dir/lvgl-release-v8.3/src/core/lv_obj.c.obj
                0x10001ca0                lv_obj_get_state
 .text.lv_obj_get_group
                0x10001ca4        0xc CMakeFiles/rp2040_oled.dir/lvgl-release-v8.3/src/core/lv_obj.c.obj
                0x10001ca4                lv_obj_get_group
 .text.lv_obj_allocate_spec_attr
                0x10001cb0       0x44 CMakeFiles/rp2040_oled.dir/lvgl-release-v8.3/src/core/lv_obj.c.obj
                0x10001cb0                lv_obj_allocate_spec_attr
 .text.lv_obj_check_type
                0x10001cf4       0x14 CMakeFiles/rp2040_oled.dir/lvgl-release-v8.3/src/core/lv_obj.c.obj
                0x10001cf4                lv_obj_check_type
 .text.lv_obj_construct
                0x10001d08       0x6c CMakeFiles/rp2040_oled.dir/lvgl-release-v8.3/src/core/lv_obj_class.c.obj
 .text.lv_obj_class_create_obj
                0x10001d74       0xf0 CMakeFiles/rp2040_oled.dir/lvgl-release-v8.3/src/core/lv_obj_class.c.obj
                0x10001d74                lv_obj_class_create_obj
 .text.lv_obj_class_init_obj
                0x10001e64       0xec CMakeFiles/rp2040_oled.dir/lvgl-release-v8.3/src/core/lv_obj_class.c.obj
                0x10001e64                lv_obj_class_init_obj
 .text._lv_obj_destruct
                0x10001f50       0x28 CMakeFiles/rp2040_oled.dir/lvgl-release-v8.3/src/core/lv_obj_class.c.obj
                0x10001f50                _lv_obj_destruct
 .text.lv_obj_is_editable
                0x10001f78       0x28 CMakeFiles/rp2040_oled.dir/lvgl-release-v8.3/src/core/lv_obj_class.c.obj
                0x10001f78                lv_obj_is_editable
 .text.lv_obj_init_draw_rect_dsc
                0x10001fa0      0x308 CMakeFiles/rp2040_oled.dir/lvgl-release-v8.3/src/core/lv_obj_draw.c.obj
                0x10001fa0                lv_obj_init_draw_rect_dsc
 .text.lv_obj_init_draw_label_dsc
                0x100022a8       0xbc CMakeFiles/rp2040_oled.dir/lvgl-release-v8.3/src/core/lv_obj_draw.c.obj
                0x100022a8                lv_obj_init_draw_label_dsc
 .text.lv_obj_init_draw_img_dsc
                0x10002364       0xb0 CMakeFiles/rp2040_oled.dir/lvgl-release-v8.3/src/core/lv_obj_draw.c.obj
                0x10002364                lv_obj_init_draw_img_dsc
 .text.lv_obj_init_draw_line_dsc
                0x10002414       0xc4 CMakeFiles/rp2040_oled.dir/lvgl-release-v8.3/src/core/lv_obj_draw.c.obj
                0x10002414                lv_obj_init_draw_line_dsc
 .text.lv_obj_init_draw_arc_dsc
                0x100024d8       0xa8 CMakeFiles/rp2040_oled.dir/lvgl-release-v8.3/src/core/lv_obj_draw.c.obj
                0x100024d8                lv_obj_init_draw_arc_dsc
 .text.lv_obj_calculate_ext_draw_size
                0x10002580       0xec CMakeFiles/rp2040_oled.dir/lvgl-release-v8.3/src/core/lv_obj_draw.c.obj
                0x10002580                lv_obj_calculate_ext_draw_size
 .text.lv_obj_draw_dsc_init
                0x1000266c       0x10 CMakeFiles/rp2040_oled.dir/lvgl-release-v8.3/src/core/lv_obj_draw.c.obj
                0x1000266c                lv_obj_draw_dsc_init
 .text.lv_obj_refresh_ext_draw_size
                0x1000267c       0x6c CMakeFiles/rp2040_oled.dir/lvgl-release-v8.3/src/core/lv_obj_draw.c.obj
                0x1000267c                lv_obj_refresh_ext_draw_size
 .text._lv_obj_get_ext_draw_size
                0x100026e8       0x10 CMakeFiles/rp2040_oled.dir/lvgl-release-v8.3/src/core/lv_obj_draw.c.obj
                0x100026e8                _lv_obj_get_ext_draw_size
 .text._lv_obj_get_layer_type
                0x100026f8       0x10 CMakeFiles/rp2040_oled.dir/lvgl-release-v8.3/src/core/lv_obj_draw.c.obj
                0x100026f8                _lv_obj_get_layer_type
 .text.transform_point
                0x10002708      0x12c CMakeFiles/rp2040_oled.dir/lvgl-release-v8.3/src/core/lv_obj_pos.c.obj
 .text.lv_obj_set_pos
                0x10002834       0x68 CMakeFiles/rp2040_oled.dir/lvgl-release-v8.3/src/core/lv_obj_pos.c.obj
                0x10002834                lv_obj_set_pos
 .text.lv_obj_set_x
                0x1000289c       0x30 CMakeFiles/rp2040_oled.dir/lvgl-release-v8.3/src/core/lv_obj_pos.c.obj
                0x1000289c                lv_obj_set_x
 .text.lv_obj_set_y
                0x100028cc       0x30 CMakeFiles/rp2040_oled.dir/lvgl-release-v8.3/src/core/lv_obj_pos.c.obj
                0x100028cc                lv_obj_set_y
 .text.lv_obj_set_size
                0x100028fc       0x68 CMakeFiles/rp2040_oled.dir/lvgl-release-v8.3/src/core/lv_obj_pos.c.obj
                0x100028fc                lv_obj_set_size
 .text.lv_obj_set_width
                0x10002964       0x30 CMakeFiles/rp2040_oled.dir/lvgl-release-v8.3/src/core/lv_obj_pos.c.obj
                0x10002964                lv_obj_set_width
 .text.lv_obj_set_height
                0x10002994       0x30 CMakeFiles/rp2040_oled.dir/lvgl-release-v8.3/src/core/lv_obj_pos.c.obj
                0x10002994                lv_obj_set_height
 .text.lv_obj_set_layout
                0x100029c4       0x34 CMakeFiles/rp2040_oled.dir/lvgl-release-v8.3/src/core/lv_obj_pos.c.obj
                0x100029c4                lv_obj_set_layout
 .text.lv_obj_is_layout_positioned
                0x100029f8       0x34 CMakeFiles/rp2040_oled.dir/lvgl-release-v8.3/src/core/lv_obj_pos.c.obj
                0x100029f8                lv_obj_is_layout_positioned
 .text.lv_obj_mark_layout_as_dirty
                0x10002a2c       0x28 CMakeFiles/rp2040_oled.dir/lvgl-release-v8.3/src/core/lv_obj_pos.c.obj
                0x10002a2c                lv_obj_mark_layout_as_dirty
 .text.lv_layout_register
                0x10002a54       0x3c CMakeFiles/rp2040_oled.dir/lvgl-release-v8.3/src/core/lv_obj_pos.c.obj
                0x10002a54                lv_layout_register
 .text.lv_obj_align
                0x10002a90       0x70 CMakeFiles/rp2040_oled.dir/lvgl-release-v8.3/src/core/lv_obj_pos.c.obj
                0x10002a90                lv_obj_align
 .text.lv_obj_get_coords
                0x10002b00       0x1c CMakeFiles/rp2040_oled.dir/lvgl-release-v8.3/src/core/lv_obj_pos.c.obj
                0x10002b00                lv_obj_get_coords
 .text.lv_obj_get_x
                0x10002b1c       0x4c CMakeFiles/rp2040_oled.dir/lvgl-release-v8.3/src/core/lv_obj_pos.c.obj
                0x10002b1c                lv_obj_get_x
 .text.lv_obj_get_y
                0x10002b68       0x4c CMakeFiles/rp2040_oled.dir/lvgl-release-v8.3/src/core/lv_obj_pos.c.obj
                0x10002b68                lv_obj_get_y
 .text.lv_obj_get_y2
                0x10002bb4       0x5c CMakeFiles/rp2040_oled.dir/lvgl-release-v8.3/src/core/lv_obj_pos.c.obj
                0x10002bb4                lv_obj_get_y2
 .text.lv_obj_get_width
                0x10002c10        0xc CMakeFiles/rp2040_oled.dir/lvgl-release-v8.3/src/core/lv_obj_pos.c.obj
                0x10002c10                lv_obj_get_width
 .text.lv_obj_get_height
                0x10002c1c        0xc CMakeFiles/rp2040_oled.dir/lvgl-release-v8.3/src/core/lv_obj_pos.c.obj
                0x10002c1c                lv_obj_get_height
 .text.lv_obj_get_content_width
                0x10002c28       0x3c CMakeFiles/rp2040_oled.dir/lvgl-release-v8.3/src/core/lv_obj_pos.c.obj
                0x10002c28                lv_obj_get_content_width
 .text.lv_obj_get_content_height
                0x10002c64       0x3c CMakeFiles/rp2040_oled.dir/lvgl-release-v8.3/src/core/lv_obj_pos.c.obj
                0x10002c64                lv_obj_get_content_height
 .text.lv_obj_get_content_coords
                0x10002ca0       0x74 CMakeFiles/rp2040_oled.dir/lvgl-release-v8.3/src/core/lv_obj_pos.c.obj
                0x10002ca0                lv_obj_get_content_coords
 .text.lv_obj_get_self_width
                0x10002d14       0x20 CMakeFiles/rp2040_oled.dir/lvgl-release-v8.3/src/core/lv_obj_pos.c.obj
                0x10002d14                lv_obj_get_self_width
 .text.lv_obj_get_self_height
                0x10002d34       0x20 CMakeFiles/rp2040_oled.dir/lvgl-release-v8.3/src/core/lv_obj_pos.c.obj
                0x10002d34                lv_obj_get_self_height
 .text.lv_obj_refresh_self_size
                0x10002d54       0x58 CMakeFiles/rp2040_oled.dir/lvgl-release-v8.3/src/core/lv_obj_pos.c.obj
                0x10002d54                lv_obj_refresh_self_size
 .text.lv_obj_move_children_by
                0x10002dac      0x2ec CMakeFiles/rp2040_oled.dir/lvgl-release-v8.3/src/core/lv_obj_pos.c.obj
                0x10002dac                lv_obj_move_children_by
 .text.lv_obj_transform_point
                0x10003098       0x94 CMakeFiles/rp2040_oled.dir/lvgl-release-v8.3/src/core/lv_obj_pos.c.obj
                0x10003098                lv_obj_transform_point
 .text.lv_obj_get_transformed_area
                0x1000312c      0x370 CMakeFiles/rp2040_oled.dir/lvgl-release-v8.3/src/core/lv_obj_pos.c.obj
                0x1000312c                lv_obj_get_transformed_area
 .text.lv_obj_area_is_visible
                0x1000349c      0x100 CMakeFiles/rp2040_oled.dir/lvgl-release-v8.3/src/core/lv_obj_pos.c.obj
                0x1000349c                lv_obj_area_is_visible
 .text.lv_obj_invalidate_area
                0x1000359c       0x48 CMakeFiles/rp2040_oled.dir/lvgl-release-v8.3/src/core/lv_obj_pos.c.obj
                0x1000359c                lv_obj_invalidate_area
 .text.lv_obj_invalidate
                0x100035e4       0x78 CMakeFiles/rp2040_oled.dir/lvgl-release-v8.3/src/core/lv_obj_pos.c.obj
                0x100035e4                lv_obj_invalidate
 .text.lv_obj_move_to
                0x1000365c      0x1b0 CMakeFiles/rp2040_oled.dir/lvgl-release-v8.3/src/core/lv_obj_pos.c.obj
                0x1000365c                lv_obj_move_to
 .text.lv_obj_refr_pos
                0x1000380c      0x338 CMakeFiles/rp2040_oled.dir/lvgl-release-v8.3/src/core/lv_obj_pos.c.obj
                0x1000380c                lv_obj_refr_pos
 .text.lv_obj_refr_size
                0x10003b44      0x848 CMakeFiles/rp2040_oled.dir/lvgl-release-v8.3/src/core/lv_obj_pos.c.obj
                0x10003b44                lv_obj_refr_size
 .text.layout_update_core
                0x1000438c       0xb8 CMakeFiles/rp2040_oled.dir/lvgl-release-v8.3/src/core/lv_obj_pos.c.obj
 .text.lv_obj_align_to
                0x10004444      0x5b4 CMakeFiles/rp2040_oled.dir/lvgl-release-v8.3/src/core/lv_obj_pos.c.obj
                0x10004444                lv_obj_align_to
 .text.lv_obj_update_layout
                0x100049f8      0x104 CMakeFiles/rp2040_oled.dir/lvgl-release-v8.3/src/core/lv_obj_pos.c.obj
                0x100049f8                lv_obj_update_layout
 .text.lv_obj_is_visible
                0x10004afc       0x3c CMakeFiles/rp2040_oled.dir/lvgl-release-v8.3/src/core/lv_obj_pos.c.obj
                0x10004afc                lv_obj_is_visible
 .text.lv_obj_set_ext_click_area
                0x10004b38       0x10 CMakeFiles/rp2040_oled.dir/lvgl-release-v8.3/src/core/lv_obj_pos.c.obj
                0x10004b38                lv_obj_set_ext_click_area
 .text.lv_obj_get_click_area
                0x10004b48       0x34 CMakeFiles/rp2040_oled.dir/lvgl-release-v8.3/src/core/lv_obj_pos.c.obj
                0x10004b48                lv_obj_get_click_area
 .text.scroll_anim_ready_cb
                0x10004b7c       0x10 CMakeFiles/rp2040_oled.dir/lvgl-release-v8.3/src/core/lv_obj_scroll.c.obj
 .text.lv_obj_get_scroll_left.part.0
                0x10004b8c       0xe4 CMakeFiles/rp2040_oled.dir/lvgl-release-v8.3/src/core/lv_obj_scroll.c.obj
 .text.lv_obj_get_scroll_right.part.0
                0x10004c70       0xe8 CMakeFiles/rp2040_oled.dir/lvgl-release-v8.3/src/core/lv_obj_scroll.c.obj
 .text.scroll_x_anim
                0x10004d58       0x50 CMakeFiles/rp2040_oled.dir/lvgl-release-v8.3/src/core/lv_obj_scroll.c.obj
 .text.scroll_y_anim
                0x10004da8       0x50 CMakeFiles/rp2040_oled.dir/lvgl-release-v8.3/src/core/lv_obj_scroll.c.obj
 .text.lv_obj_set_scrollbar_mode
                0x10004df8       0x28 CMakeFiles/rp2040_oled.dir/lvgl-release-v8.3/src/core/lv_obj_scroll.c.obj
                0x10004df8                lv_obj_set_scrollbar_mode
 .text.lv_obj_set_scroll_dir
                0x10004e20       0x24 CMakeFiles/rp2040_oled.dir/lvgl-release-v8.3/src/core/lv_obj_scroll.c.obj
                0x10004e20                lv_obj_set_scroll_dir
 .text.lv_obj_set_scroll_snap_x
                0x10004e44       0x20 CMakeFiles/rp2040_oled.dir/lvgl-release-v8.3/src/core/lv_obj_scroll.c.obj
                0x10004e44                lv_obj_set_scroll_snap_x
 .text.lv_obj_set_scroll_snap_y
                0x10004e64       0x20 CMakeFiles/rp2040_oled.dir/lvgl-release-v8.3/src/core/lv_obj_scroll.c.obj
                0x10004e64                lv_obj_set_scroll_snap_y
 .text.lv_obj_get_scrollbar_mode
                0x10004e84       0x14 CMakeFiles/rp2040_oled.dir/lvgl-release-v8.3/src/core/lv_obj_scroll.c.obj
                0x10004e84                lv_obj_get_scrollbar_mode
 .text.lv_obj_get_scroll_dir
                0x10004e98       0x14 CMakeFiles/rp2040_oled.dir/lvgl-release-v8.3/src/core/lv_obj_scroll.c.obj
                0x10004e98                lv_obj_get_scroll_dir
 .text.lv_obj_get_scroll_x
                0x10004eac       0x14 CMakeFiles/rp2040_oled.dir/lvgl-release-v8.3/src/core/lv_obj_scroll.c.obj
                0x10004eac                lv_obj_get_scroll_x
 .text.lv_obj_get_scroll_y
                0x10004ec0       0x14 CMakeFiles/rp2040_oled.dir/lvgl-release-v8.3/src/core/lv_obj_scroll.c.obj
                0x10004ec0                lv_obj_get_scroll_y
 .text.lv_obj_get_scroll_top
                0x10004ed4       0x14 CMakeFiles/rp2040_oled.dir/lvgl-release-v8.3/src/core/lv_obj_scroll.c.obj
                0x10004ed4                lv_obj_get_scroll_top
 .text.lv_obj_get_scroll_bottom
                0x10004ee8       0xe8 CMakeFiles/rp2040_oled.dir/lvgl-release-v8.3/src/core/lv_obj_scroll.c.obj
                0x10004ee8                lv_obj_get_scroll_bottom
 .text.lv_obj_get_scrollbar_area.part.0
                0x10004fd0      0x8a8 CMakeFiles/rp2040_oled.dir/lvgl-release-v8.3/src/core/lv_obj_scroll.c.obj
 .text.lv_obj_get_scroll_left
                0x10005878       0x2c CMakeFiles/rp2040_oled.dir/lvgl-release-v8.3/src/core/lv_obj_scroll.c.obj
                0x10005878                lv_obj_get_scroll_left
 .text.lv_obj_get_scroll_right
                0x100058a4       0x2c CMakeFiles/rp2040_oled.dir/lvgl-release-v8.3/src/core/lv_obj_scroll.c.obj
                0x100058a4                lv_obj_get_scroll_right
 .text.lv_obj_get_scroll_end
                0x100058d0       0x68 CMakeFiles/rp2040_oled.dir/lvgl-release-v8.3/src/core/lv_obj_scroll.c.obj
                0x100058d0                lv_obj_get_scroll_end
 .text.lv_obj_scroll_by
                0x10005938      0x170 CMakeFiles/rp2040_oled.dir/lvgl-release-v8.3/src/core/lv_obj_scroll.c.obj
                0x10005938                lv_obj_scroll_by
 .text.lv_obj_scroll_by_bounded.part.0
                0x10005aa8      0x248 CMakeFiles/rp2040_oled.dir/lvgl-release-v8.3/src/core/lv_obj_scroll.c.obj
 .text.scroll_area_into_view
                0x10005cf0      0x3b4 CMakeFiles/rp2040_oled.dir/lvgl-release-v8.3/src/core/lv_obj_scroll.c.obj
 .text.lv_obj_scroll_by_bounded
                0x100060a4      0x240 CMakeFiles/rp2040_oled.dir/lvgl-release-v8.3/src/core/lv_obj_scroll.c.obj
                0x100060a4                lv_obj_scroll_by_bounded
 .text.lv_obj_scroll_to
                0x100062e4       0x68 CMakeFiles/rp2040_oled.dir/lvgl-release-v8.3/src/core/lv_obj_scroll.c.obj
                0x100062e4                lv_obj_scroll_to
 .text.lv_obj_scroll_to_x
                0x1000634c       0x38 CMakeFiles/rp2040_oled.dir/lvgl-release-v8.3/src/core/lv_obj_scroll.c.obj
                0x1000634c                lv_obj_scroll_to_x
 .text.lv_obj_scroll_to_y
                0x10006384       0x38 CMakeFiles/rp2040_oled.dir/lvgl-release-v8.3/src/core/lv_obj_scroll.c.obj
                0x10006384                lv_obj_scroll_to_y
 .text.lv_obj_scroll_to_view_recursive
                0x100063bc       0x3c CMakeFiles/rp2040_oled.dir/lvgl-release-v8.3/src/core/lv_obj_scroll.c.obj
                0x100063bc                lv_obj_scroll_to_view_recursive
 .text.lv_obj_get_scrollbar_area
                0x100063f8       0x44 CMakeFiles/rp2040_oled.dir/lvgl-release-v8.3/src/core/lv_obj_scroll.c.obj
                0x100063f8                lv_obj_get_scrollbar_area
 .text.lv_obj_scrollbar_invalidate
                0x1000643c       0x84 CMakeFiles/rp2040_oled.dir/lvgl-release-v8.3/src/core/lv_obj_scroll.c.obj
                0x1000643c                lv_obj_scrollbar_invalidate
 .text.lv_obj_readjust_scroll
                0x100064c0      0x114 CMakeFiles/rp2040_oled.dir/lvgl-release-v8.3/src/core/lv_obj_scroll.c.obj
                0x100064c0                lv_obj_readjust_scroll
 .text.get_local_style
                0x100065d4       0xf0 CMakeFiles/rp2040_oled.dir/lvgl-release-v8.3/src/core/lv_obj_style.c.obj
 .text.get_trans_style
                0x100066c4       0xb8 CMakeFiles/rp2040_oled.dir/lvgl-release-v8.3/src/core/lv_obj_style.c.obj
 .text.trans_del.isra.0
                0x1000677c      0x15c CMakeFiles/rp2040_oled.dir/lvgl-release-v8.3/src/core/lv_obj_style.c.obj
 .text.refresh_children_style
                0x100068d8      0x290 CMakeFiles/rp2040_oled.dir/lvgl-release-v8.3/src/core/lv_obj_style.c.obj
 .text._lv_obj_style_init
                0x10006b68       0x10 CMakeFiles/rp2040_oled.dir/lvgl-release-v8.3/src/core/lv_obj_style.c.obj
                0x10006b68                _lv_obj_style_init
 .text.lv_obj_enable_style_refresh
                0x10006b78        0xc CMakeFiles/rp2040_oled.dir/lvgl-release-v8.3/src/core/lv_obj_style.c.obj
                0x10006b78                lv_obj_enable_style_refresh
 .text.lv_obj_get_style_prop
                0x10006b84      0x1a4 CMakeFiles/rp2040_oled.dir/lvgl-release-v8.3/src/core/lv_obj_style.c.obj
                0x10006b84                lv_obj_get_style_prop
 .text.lv_obj_refresh_style.part.0
                0x10006d28      0x22c CMakeFiles/rp2040_oled.dir/lvgl-release-v8.3/src/core/lv_obj_style.c.obj
 .text.lv_obj_refresh_style
                0x10006f54       0x14 CMakeFiles/rp2040_oled.dir/lvgl-release-v8.3/src/core/lv_obj_style.c.obj
                0x10006f54                lv_obj_refresh_style
 .text.lv_obj_add_style
                0x10006f68       0xec CMakeFiles/rp2040_oled.dir/lvgl-release-v8.3/src/core/lv_obj_style.c.obj
                0x10006f68                lv_obj_add_style
 .text.trans_anim_cb
                0x10007054      0x158 CMakeFiles/rp2040_oled.dir/lvgl-release-v8.3/src/core/lv_obj_style.c.obj
 .text.lv_obj_remove_style
                0x100071ac      0x158 CMakeFiles/rp2040_oled.dir/lvgl-release-v8.3/src/core/lv_obj_style.c.obj
                0x100071ac                lv_obj_remove_style
 .text.trans_anim_ready_cb
                0x10007304       0xc4 CMakeFiles/rp2040_oled.dir/lvgl-release-v8.3/src/core/lv_obj_style.c.obj
 .text.report_style_change_core
                0x100073c8      0x450 CMakeFiles/rp2040_oled.dir/lvgl-release-v8.3/src/core/lv_obj_style.c.obj
 .text.lv_obj_report_style_change
                0x10007818       0xb4 CMakeFiles/rp2040_oled.dir/lvgl-release-v8.3/src/core/lv_obj_style.c.obj
                0x10007818                lv_obj_report_style_change
 .text.trans_anim_start_cb
                0x100078cc       0x40 CMakeFiles/rp2040_oled.dir/lvgl-release-v8.3/src/core/lv_obj_style.c.obj
 .text.lv_obj_set_local_style_prop
                0x1000790c       0x30 CMakeFiles/rp2040_oled.dir/lvgl-release-v8.3/src/core/lv_obj_style.c.obj
                0x1000790c                lv_obj_set_local_style_prop
 .text.lv_obj_get_local_style_prop
                0x1000793c       0x34 CMakeFiles/rp2040_oled.dir/lvgl-release-v8.3/src/core/lv_obj_style.c.obj
                0x1000793c                lv_obj_get_local_style_prop
 .text.lv_obj_remove_local_style_prop
                0x10007970       0x6c CMakeFiles/rp2040_oled.dir/lvgl-release-v8.3/src/core/lv_obj_style.c.obj
                0x10007970                lv_obj_remove_local_style_prop
 .text._lv_obj_style_create_transition
                0x100079dc      0x180 CMakeFiles/rp2040_oled.dir/lvgl-release-v8.3/src/core/lv_obj_style.c.obj
                0x100079dc                _lv_obj_style_create_transition
 .text._lv_obj_style_apply_color_filter
                0x10007b5c       0x40 CMakeFiles/rp2040_oled.dir/lvgl-release-v8.3/src/core/lv_obj_style.c.obj
                0x10007b5c                _lv_obj_style_apply_color_filter
 .text._lv_obj_style_state_compare
                0x10007b9c      0x274 CMakeFiles/rp2040_oled.dir/lvgl-release-v8.3/src/core/lv_obj_style.c.obj
                0x10007b9c                _lv_obj_style_state_compare
 .text.lv_obj_style_get_selector_state
                0x10007e10        0x4 CMakeFiles/rp2040_oled.dir/lvgl-release-v8.3/src/core/lv_obj_style.c.obj
                0x10007e10                lv_obj_style_get_selector_state
 .text.lv_obj_style_get_selector_part
                0x10007e14        0x8 CMakeFiles/rp2040_oled.dir/lvgl-release-v8.3/src/core/lv_obj_style.c.obj
                0x10007e14                lv_obj_style_get_selector_part
 .text.lv_obj_calculate_style_text_align
                0x10007e1c       0x24 CMakeFiles/rp2040_oled.dir/lvgl-release-v8.3/src/core/lv_obj_style.c.obj
                0x10007e1c                lv_obj_calculate_style_text_align
 .text.lv_obj_get_style_opa_recursive
                0x10007e40       0x8c CMakeFiles/rp2040_oled.dir/lvgl-release-v8.3/src/core/lv_obj_style.c.obj
                0x10007e40                lv_obj_get_style_opa_recursive
 .text.lv_obj_set_style_width
                0x10007ecc       0x10 CMakeFiles/rp2040_oled.dir/lvgl-release-v8.3/src/core/lv_obj_style_gen.c.obj
                0x10007ecc                lv_obj_set_style_width
 .text.lv_obj_set_style_min_width
                0x10007edc       0x10 CMakeFiles/rp2040_oled.dir/lvgl-release-v8.3/src/core/lv_obj_style_gen.c.obj
                0x10007edc                lv_obj_set_style_min_width
 .text.lv_obj_set_style_height
                0x10007eec       0x10 CMakeFiles/rp2040_oled.dir/lvgl-release-v8.3/src/core/lv_obj_style_gen.c.obj
                0x10007eec                lv_obj_set_style_height
 .text.lv_obj_set_style_x
                0x10007efc       0x10 CMakeFiles/rp2040_oled.dir/lvgl-release-v8.3/src/core/lv_obj_style_gen.c.obj
                0x10007efc                lv_obj_set_style_x
 .text.lv_obj_set_style_y
                0x10007f0c       0x10 CMakeFiles/rp2040_oled.dir/lvgl-release-v8.3/src/core/lv_obj_style_gen.c.obj
                0x10007f0c                lv_obj_set_style_y
 .text.lv_obj_set_style_align
                0x10007f1c       0x10 CMakeFiles/rp2040_oled.dir/lvgl-release-v8.3/src/core/lv_obj_style_gen.c.obj
                0x10007f1c                lv_obj_set_style_align
 .text.lv_obj_set_style_bg_color
                0x10007f2c       0x10 CMakeFiles/rp2040_oled.dir/lvgl-release-v8.3/src/core/lv_obj_style_gen.c.obj
                0x10007f2c                lv_obj_set_style_bg_color
 .text.lv_obj_set_style_bg_img_src
                0x10007f3c       0x10 CMakeFiles/rp2040_oled.dir/lvgl-release-v8.3/src/core/lv_obj_style_gen.c.obj
                0x10007f3c                lv_obj_set_style_bg_img_src
 .text.lv_obj_set_style_text_align
                0x10007f4c       0x10 CMakeFiles/rp2040_oled.dir/lvgl-release-v8.3/src/core/lv_obj_style_gen.c.obj
                0x10007f4c                lv_obj_set_style_text_align
 .text.lv_obj_set_style_radius
                0x10007f5c       0x10 CMakeFiles/rp2040_oled.dir/lvgl-release-v8.3/src/core/lv_obj_style_gen.c.obj
                0x10007f5c                lv_obj_set_style_radius
 .text.lv_obj_set_style_layout
                0x10007f6c       0x10 CMakeFiles/rp2040_oled.dir/lvgl-release-v8.3/src/core/lv_obj_style_gen.c.obj
                0x10007f6c                lv_obj_set_style_layout
 .text.lv_obj_set_style_base_dir
                0x10007f7c       0x10 CMakeFiles/rp2040_oled.dir/lvgl-release-v8.3/src/core/lv_obj_style_gen.c.obj
                0x10007f7c                lv_obj_set_style_base_dir
 .text.obj_del_core.part.0
                0x10007f8c      0x1b8 CMakeFiles/rp2040_oled.dir/lvgl-release-v8.3/src/core/lv_obj_tree.c.obj
 .text.lv_obj_del
                0x10008144       0xb0 CMakeFiles/rp2040_oled.dir/lvgl-release-v8.3/src/core/lv_obj_tree.c.obj
                0x10008144                lv_obj_del
 .text.lv_obj_set_parent
                0x100081f4      0x118 CMakeFiles/rp2040_oled.dir/lvgl-release-v8.3/src/core/lv_obj_tree.c.obj
                0x100081f4                lv_obj_set_parent
 .text.lv_obj_move_to_index
                0x1000830c       0xf8 CMakeFiles/rp2040_oled.dir/lvgl-release-v8.3/src/core/lv_obj_tree.c.obj
                0x1000830c                lv_obj_move_to_index
 .text.lv_obj_get_screen
                0x10008404       0x14 CMakeFiles/rp2040_oled.dir/lvgl-release-v8.3/src/core/lv_obj_tree.c.obj
                0x10008404                lv_obj_get_screen
 .text.lv_obj_get_disp
                0x10008418       0x50 CMakeFiles/rp2040_oled.dir/lvgl-release-v8.3/src/core/lv_obj_tree.c.obj
                0x10008418                lv_obj_get_disp
 .text.lv_obj_get_parent
                0x10008468        0xc CMakeFiles/rp2040_oled.dir/lvgl-release-v8.3/src/core/lv_obj_tree.c.obj
                0x10008468                lv_obj_get_parent
 .text.lv_obj_get_child
                0x10008474       0x20 CMakeFiles/rp2040_oled.dir/lvgl-release-v8.3/src/core/lv_obj_tree.c.obj
                0x10008474                lv_obj_get_child
 .text.lv_obj_get_child_cnt
                0x10008494       0x10 CMakeFiles/rp2040_oled.dir/lvgl-release-v8.3/src/core/lv_obj_tree.c.obj
                0x10008494                lv_obj_get_child_cnt
 .text.lv_obj_get_index
                0x100084a4       0x54 CMakeFiles/rp2040_oled.dir/lvgl-release-v8.3/src/core/lv_obj_tree.c.obj
                0x100084a4                lv_obj_get_index
 .text.lv_refr_get_top_obj
                0x100084f8       0x74 CMakeFiles/rp2040_oled.dir/lvgl-release-v8.3/src/core/lv_refr.c.obj
 .text._lv_refr_init
                0x1000856c        0x4 CMakeFiles/rp2040_oled.dir/lvgl-release-v8.3/src/core/lv_refr.c.obj
                0x1000856c                _lv_refr_init
 .text.lv_obj_redraw
                0x10008570      0x11c CMakeFiles/rp2040_oled.dir/lvgl-release-v8.3/src/core/lv_refr.c.obj
                0x10008570                lv_obj_redraw
 .text.refr_obj.part.0
                0x1000868c      0x3c8 CMakeFiles/rp2040_oled.dir/lvgl-release-v8.3/src/core/lv_refr.c.obj
 .text.refr_obj_and_children
                0x10008a54       0xc8 CMakeFiles/rp2040_oled.dir/lvgl-release-v8.3/src/core/lv_refr.c.obj
 .text.refr_area_part
                0x10008b1c      0x7b8 CMakeFiles/rp2040_oled.dir/lvgl-release-v8.3/src/core/lv_refr.c.obj
 .text._lv_inv_area
                0x100092d4       0xf0 CMakeFiles/rp2040_oled.dir/lvgl-release-v8.3/src/core/lv_refr.c.obj
                0x100092d4                _lv_inv_area
 .text._lv_refr_get_disp_refreshing
                0x100093c4        0xc CMakeFiles/rp2040_oled.dir/lvgl-release-v8.3/src/core/lv_refr.c.obj
                0x100093c4                _lv_refr_get_disp_refreshing
 .text._lv_disp_refr_timer
                0x100093d0      0x6ac CMakeFiles/rp2040_oled.dir/lvgl-release-v8.3/src/core/lv_refr.c.obj
                0x100093d0                _lv_disp_refr_timer
 .text.apply_theme
                0x10009a7c       0x60 CMakeFiles/rp2040_oled.dir/lvgl-release-v8.3/src/core/lv_theme.c.obj
 .text.lv_theme_apply
                0x10009adc       0x84 CMakeFiles/rp2040_oled.dir/lvgl-release-v8.3/src/core/lv_theme.c.obj
                0x10009adc                lv_theme_apply
 .text.lv_theme_get_color_primary
                0x10009b60       0x2c CMakeFiles/rp2040_oled.dir/lvgl-release-v8.3/src/core/lv_theme.c.obj
                0x10009b60                lv_theme_get_color_primary
 .text.lv_draw_init
                0x10009b8c        0x4 CMakeFiles/rp2040_oled.dir/lvgl-release-v8.3/src/draw/lv_draw.c.obj
                0x10009b8c                lv_draw_init
 .text.lv_draw_wait_for_finish
                0x10009b90        0xc CMakeFiles/rp2040_oled.dir/lvgl-release-v8.3/src/draw/lv_draw.c.obj
                0x10009b90                lv_draw_wait_for_finish
 .text.lv_draw_arc_dsc_init
                0x10009b9c       0x18 CMakeFiles/rp2040_oled.dir/lvgl-release-v8.3/src/draw/lv_draw_arc.c.obj
                0x10009b9c                lv_draw_arc_dsc_init
 .text.lv_draw_arc
                0x10009bb4       0x2c CMakeFiles/rp2040_oled.dir/lvgl-release-v8.3/src/draw/lv_draw_arc.c.obj
                0x10009bb4                lv_draw_arc
 .text.lv_draw_arc_get_area
                0x10009be0      0x470 CMakeFiles/rp2040_oled.dir/lvgl-release-v8.3/src/draw/lv_draw_arc.c.obj
                0x10009be0                lv_draw_arc_get_area
 .text.lv_draw_img_dsc_init
                0x1000a050       0x20 CMakeFiles/rp2040_oled.dir/lvgl-release-v8.3/src/draw/lv_draw_img.c.obj
                0x1000a050                lv_draw_img_dsc_init
 .text.lv_draw_img
                0x1000a070      0x30c CMakeFiles/rp2040_oled.dir/lvgl-release-v8.3/src/draw/lv_draw_img.c.obj
                0x1000a070                lv_draw_img
 .text.lv_img_cf_get_px_size
                0x1000a37c       0x14 CMakeFiles/rp2040_oled.dir/lvgl-release-v8.3/src/draw/lv_draw_img.c.obj
                0x1000a37c                lv_img_cf_get_px_size
 .text.lv_img_src_get_type
                0x1000a390       0x1c CMakeFiles/rp2040_oled.dir/lvgl-release-v8.3/src/draw/lv_draw_img.c.obj
                0x1000a390                lv_img_src_get_type
 .text.lv_draw_label_dsc_init
                0x1000a3ac       0x34 CMakeFiles/rp2040_oled.dir/lvgl-release-v8.3/src/draw/lv_draw_label.c.obj
                0x1000a3ac                lv_draw_label_dsc_init
 .text.lv_draw_label
                0x1000a3e0      0xa6c CMakeFiles/rp2040_oled.dir/lvgl-release-v8.3/src/draw/lv_draw_label.c.obj
                0x1000a3e0                lv_draw_label
 .text.lv_draw_layer_create
                0x1000ae4c       0x64 CMakeFiles/rp2040_oled.dir/lvgl-release-v8.3/src/draw/lv_draw_layer.c.obj
                0x1000ae4c                lv_draw_layer_create
 .text.lv_draw_layer_adjust
                0x1000aeb0        0xc CMakeFiles/rp2040_oled.dir/lvgl-release-v8.3/src/draw/lv_draw_layer.c.obj
                0x1000aeb0                lv_draw_layer_adjust
 .text.lv_draw_layer_blend
                0x1000aebc        0xc CMakeFiles/rp2040_oled.dir/lvgl-release-v8.3/src/draw/lv_draw_layer.c.obj
                0x1000aebc                lv_draw_layer_blend
 .text.lv_draw_layer_destroy
                0x1000aec8       0x44 CMakeFiles/rp2040_oled.dir/lvgl-release-v8.3/src/draw/lv_draw_layer.c.obj
                0x1000aec8                lv_draw_layer_destroy
 .text.lv_draw_line_dsc_init
                0x1000af0c       0x18 CMakeFiles/rp2040_oled.dir/lvgl-release-v8.3/src/draw/lv_draw_line.c.obj
                0x1000af0c                lv_draw_line_dsc_init
 .text.lv_draw_line
                0x1000af24       0x18 CMakeFiles/rp2040_oled.dir/lvgl-release-v8.3/src/draw/lv_draw_line.c.obj
                0x1000af24                lv_draw_line
 .text.lv_draw_mask_radius
                0x1000af3c      0x348 CMakeFiles/rp2040_oled.dir/lvgl-release-v8.3/src/draw/lv_draw_mask.c.obj
 .text.lv_draw_mask_line
                0x1000b284      0x564 CMakeFiles/rp2040_oled.dir/lvgl-release-v8.3/src/draw/lv_draw_mask.c.obj
 .text.lv_draw_mask_angle
                0x1000b7e8      0x410 CMakeFiles/rp2040_oled.dir/lvgl-release-v8.3/src/draw/lv_draw_mask.c.obj
 .text.lv_draw_mask_add
                0x1000bbf8       0xd8 CMakeFiles/rp2040_oled.dir/lvgl-release-v8.3/src/draw/lv_draw_mask.c.obj
                0x1000bbf8                lv_draw_mask_add
 .text.lv_draw_mask_apply
                0x1000bcd0       0x60 CMakeFiles/rp2040_oled.dir/lvgl-release-v8.3/src/draw/lv_draw_mask.c.obj
                0x1000bcd0                lv_draw_mask_apply
 .text.lv_draw_mask_remove_id
                0x1000bd30       0x1c CMakeFiles/rp2040_oled.dir/lvgl-release-v8.3/src/draw/lv_draw_mask.c.obj
                0x1000bd30                lv_draw_mask_remove_id
 .text.lv_draw_mask_remove_custom
                0x1000bd4c      0x148 CMakeFiles/rp2040_oled.dir/lvgl-release-v8.3/src/draw/lv_draw_mask.c.obj
                0x1000bd4c                lv_draw_mask_remove_custom
 .text.lv_draw_mask_free_param
                0x1000be94       0x3c CMakeFiles/rp2040_oled.dir/lvgl-release-v8.3/src/draw/lv_draw_mask.c.obj
                0x1000be94                lv_draw_mask_free_param
 .text._lv_draw_mask_cleanup
                0x1000bed0       0x28 CMakeFiles/rp2040_oled.dir/lvgl-release-v8.3/src/draw/lv_draw_mask.c.obj
                0x1000bed0                _lv_draw_mask_cleanup
 .text.lv_draw_mask_is_any
                0x1000bef8       0x58 CMakeFiles/rp2040_oled.dir/lvgl-release-v8.3/src/draw/lv_draw_mask.c.obj
                0x1000bef8                lv_draw_mask_is_any
 .text.lv_draw_mask_line_points_init
                0x1000bf50      0x17c CMakeFiles/rp2040_oled.dir/lvgl-release-v8.3/src/draw/lv_draw_mask.c.obj
                0x1000bf50                lv_draw_mask_line_points_init
 .text.lv_draw_mask_angle_init
                0x1000c0cc      0x2b4 CMakeFiles/rp2040_oled.dir/lvgl-release-v8.3/src/draw/lv_draw_mask.c.obj
                0x1000c0cc                lv_draw_mask_angle_init
 .text.lv_draw_mask_radius_init
                0x1000c380      0x624 CMakeFiles/rp2040_oled.dir/lvgl-release-v8.3/src/draw/lv_draw_mask.c.obj
                0x1000c380                lv_draw_mask_radius_init
 .text.lv_draw_rect_dsc_init
                0x1000c9a4       0x48 CMakeFiles/rp2040_oled.dir/lvgl-release-v8.3/src/draw/lv_draw_rect.c.obj
                0x1000c9a4                lv_draw_rect_dsc_init
 .text.lv_draw_rect
                0x1000c9ec       0x24 CMakeFiles/rp2040_oled.dir/lvgl-release-v8.3/src/draw/lv_draw_rect.c.obj
                0x1000c9ec                lv_draw_rect
 .text.lv_draw_transform
                0x1000ca10       0x3c CMakeFiles/rp2040_oled.dir/lvgl-release-v8.3/src/draw/lv_draw_transform.c.obj
                0x1000ca10                lv_draw_transform
 .text._lv_img_buf_get_transformed_area
                0x1000ca4c      0x170 CMakeFiles/rp2040_oled.dir/lvgl-release-v8.3/src/draw/lv_img_buf.c.obj
                0x1000ca4c                _lv_img_buf_get_transformed_area
 .text._lv_img_cache_open
                0x1000cbbc       0x60 CMakeFiles/rp2040_oled.dir/lvgl-release-v8.3/src/draw/lv_img_cache.c.obj
                0x1000cbbc                _lv_img_cache_open
 .text.lv_img_cache_invalidate_src
                0x1000cc1c        0x4 CMakeFiles/rp2040_oled.dir/lvgl-release-v8.3/src/draw/lv_img_cache.c.obj
                0x1000cc1c                lv_img_cache_invalidate_src
 .text.lv_img_decoder_built_in_info
                0x1000cc20       0xc8 CMakeFiles/rp2040_oled.dir/lvgl-release-v8.3/src/draw/lv_img_decoder.c.obj
                0x1000cc20                lv_img_decoder_built_in_info
 .text.lv_img_decoder_built_in_close
                0x1000cce8       0x38 CMakeFiles/rp2040_oled.dir/lvgl-release-v8.3/src/draw/lv_img_decoder.c.obj
                0x1000cce8                lv_img_decoder_built_in_close
 .text.lv_img_decoder_built_in_read_line
                0x1000cd20      0x37c CMakeFiles/rp2040_oled.dir/lvgl-release-v8.3/src/draw/lv_img_decoder.c.obj
                0x1000cd20                lv_img_decoder_built_in_read_line
 .text.lv_img_decoder_built_in_open
                0x1000d09c      0x288 CMakeFiles/rp2040_oled.dir/lvgl-release-v8.3/src/draw/lv_img_decoder.c.obj
                0x1000d09c                lv_img_decoder_built_in_open
 .text._lv_img_decoder_init
                0x1000d324       0x44 CMakeFiles/rp2040_oled.dir/lvgl-release-v8.3/src/draw/lv_img_decoder.c.obj
                0x1000d324                _lv_img_decoder_init
 .text.lv_img_decoder_get_info
                0x1000d368       0x68 CMakeFiles/rp2040_oled.dir/lvgl-release-v8.3/src/draw/lv_img_decoder.c.obj
                0x1000d368                lv_img_decoder_get_info
 .text.lv_img_decoder_open
                0x1000d3d0       0xe0 CMakeFiles/rp2040_oled.dir/lvgl-release-v8.3/src/draw/lv_img_decoder.c.obj
                0x1000d3d0                lv_img_decoder_open
 .text.lv_img_decoder_read_line
                0x1000d4b0       0x24 CMakeFiles/rp2040_oled.dir/lvgl-release-v8.3/src/draw/lv_img_decoder.c.obj
                0x1000d4b0                lv_img_decoder_read_line
 .text.lv_img_decoder_close
                0x1000d4d4       0x28 CMakeFiles/rp2040_oled.dir/lvgl-release-v8.3/src/draw/lv_img_decoder.c.obj
                0x1000d4d4                lv_img_decoder_close
 .text.lv_draw_sw_wait_for_finish
                0x1000d4fc        0x4 CMakeFiles/rp2040_oled.dir/lvgl-release-v8.3/src/draw/sw/lv_draw_sw.c.obj
                0x1000d4fc                lv_draw_sw_wait_for_finish
 .text.lv_draw_sw_buffer_copy
                0x1000d500       0x70 CMakeFiles/rp2040_oled.dir/lvgl-release-v8.3/src/draw/sw/lv_draw_sw.c.obj
                0x1000d500                lv_draw_sw_buffer_copy
 .text.lv_draw_sw_init_ctx
                0x1000d570       0x8c CMakeFiles/rp2040_oled.dir/lvgl-release-v8.3/src/draw/sw/lv_draw_sw.c.obj
                0x1000d570                lv_draw_sw_init_ctx
 .text.get_rounded_area
                0x1000d5fc       0x94 CMakeFiles/rp2040_oled.dir/lvgl-release-v8.3/src/draw/sw/lv_draw_sw_arc.c.obj
 .text.lv_draw_sw_arc
                0x1000d690      0xe58 CMakeFiles/rp2040_oled.dir/lvgl-release-v8.3/src/draw/sw/lv_draw_sw_arc.c.obj
                0x1000d690                lv_draw_sw_arc
 .text.color_blend_true_color_additive
                0x1000e4e8       0x28 CMakeFiles/rp2040_oled.dir/lvgl-release-v8.3/src/draw/sw/lv_draw_sw_blend.c.obj
 .text.color_blend_true_color_subtractive
                0x1000e510       0x50 CMakeFiles/rp2040_oled.dir/lvgl-release-v8.3/src/draw/sw/lv_draw_sw_blend.c.obj
 .text.color_blend_true_color_multiply
                0x1000e560       0x1c CMakeFiles/rp2040_oled.dir/lvgl-release-v8.3/src/draw/sw/lv_draw_sw_blend.c.obj
 .text.lv_draw_sw_blend
                0x1000e57c       0x34 CMakeFiles/rp2040_oled.dir/lvgl-release-v8.3/src/draw/sw/lv_draw_sw_blend.c.obj
                0x1000e57c                lv_draw_sw_blend
 .text.lv_draw_sw_blend_basic
                0x1000e5b0      0xd0c CMakeFiles/rp2040_oled.dir/lvgl-release-v8.3/src/draw/sw/lv_draw_sw_blend.c.obj
                0x1000e5b0                lv_draw_sw_blend_basic
 .text.lv_gradient_calculate
                0x1000f2bc       0xb8 CMakeFiles/rp2040_oled.dir/lvgl-release-v8.3/src/draw/sw/lv_draw_sw_gradient.c.obj
                0x1000f2bc                lv_gradient_calculate
 .text.lv_gradient_get
                0x1000f374      0x2a4 CMakeFiles/rp2040_oled.dir/lvgl-release-v8.3/src/draw/sw/lv_draw_sw_gradient.c.obj
                0x1000f374                lv_gradient_get
 .text.lv_gradient_cleanup
                0x1000f618       0x10 CMakeFiles/rp2040_oled.dir/lvgl-release-v8.3/src/draw/sw/lv_draw_sw_gradient.c.obj
                0x1000f618                lv_gradient_cleanup
 .text.lv_draw_sw_img_decoded
                0x1000f628      0x668 CMakeFiles/rp2040_oled.dir/lvgl-release-v8.3/src/draw/sw/lv_draw_sw_img.c.obj
                0x1000f628                lv_draw_sw_img_decoded
 .text.lv_draw_sw_layer_create
                0x1000fc90       0xec CMakeFiles/rp2040_oled.dir/lvgl-release-v8.3/src/draw/sw/lv_draw_sw_layer.c.obj
                0x1000fc90                lv_draw_sw_layer_create
 .text.lv_draw_sw_layer_adjust
                0x1000fd7c       0x5c CMakeFiles/rp2040_oled.dir/lvgl-release-v8.3/src/draw/sw/lv_draw_sw_layer.c.obj
                0x1000fd7c                lv_draw_sw_layer_adjust
 .text.lv_draw_sw_layer_blend
                0x1000fdd8       0x8c CMakeFiles/rp2040_oled.dir/lvgl-release-v8.3/src/draw/sw/lv_draw_sw_layer.c.obj
                0x1000fdd8                lv_draw_sw_layer_blend
 .text.lv_draw_sw_layer_destroy
                0x1000fe64        0xc CMakeFiles/rp2040_oled.dir/lvgl-release-v8.3/src/draw/sw/lv_draw_sw_layer.c.obj
                0x1000fe64                lv_draw_sw_layer_destroy
 .text.lv_draw_sw_letter
                0x1000fe70      0x504 CMakeFiles/rp2040_oled.dir/lvgl-release-v8.3/src/draw/sw/lv_draw_sw_letter.c.obj
                0x1000fe70                lv_draw_sw_letter
 .text.lv_draw_sw_line
                0x10010374      0x89c CMakeFiles/rp2040_oled.dir/lvgl-release-v8.3/src/draw/sw/lv_draw_sw_line.c.obj
                0x10010374                lv_draw_sw_line
 .text.lv_draw_sw_polygon
                0x10010c10      0x3b4 CMakeFiles/rp2040_oled.dir/lvgl-release-v8.3/src/draw/sw/lv_draw_sw_polygon.c.obj
                0x10010c10                lv_draw_sw_polygon
 .text.shadow_blur_corner
                0x10010fc4      0x228 CMakeFiles/rp2040_oled.dir/lvgl-release-v8.3/src/draw/sw/lv_draw_sw_rect.c.obj
 .text.draw_bg  0x100111ec      0x654 CMakeFiles/rp2040_oled.dir/lvgl-release-v8.3/src/draw/sw/lv_draw_sw_rect.c.obj
 .text.lv_draw_sw_bg
                0x10011840      0x290 CMakeFiles/rp2040_oled.dir/lvgl-release-v8.3/src/draw/sw/lv_draw_sw_rect.c.obj
                0x10011840                lv_draw_sw_bg
 .text.draw_border_generic
                0x10011ad0      0x944 CMakeFiles/rp2040_oled.dir/lvgl-release-v8.3/src/draw/sw/lv_draw_sw_rect.c.obj
                0x10011ad0                draw_border_generic
 .text.lv_draw_sw_rect
                0x10012414     0x150c CMakeFiles/rp2040_oled.dir/lvgl-release-v8.3/src/draw/sw/lv_draw_sw_rect.c.obj
                0x10012414                lv_draw_sw_rect
 .text.transform_point_upscaled
                0x10013920       0x94 CMakeFiles/rp2040_oled.dir/lvgl-release-v8.3/src/draw/sw/lv_draw_sw_transform.c.obj
 .text.lv_draw_sw_transform
                0x100139b4      0x8f4 CMakeFiles/rp2040_oled.dir/lvgl-release-v8.3/src/draw/sw/lv_draw_sw_transform.c.obj
                0x100139b4                lv_draw_sw_transform
 .text.lv_area_get_width
                0x100142a8        0xc CMakeFiles/rp2040_oled.dir/lvgl-release-v8.3/src/extra/layouts/flex/lv_flex.c.obj
 .text.lv_area_get_height
                0x100142b4        0xc CMakeFiles/rp2040_oled.dir/lvgl-release-v8.3/src/extra/layouts/flex/lv_flex.c.obj
 .text.place_content
                0x100142c0       0x9c CMakeFiles/rp2040_oled.dir/lvgl-release-v8.3/src/extra/layouts/flex/lv_flex.c.obj
 .text.find_track_end
                0x1001435c      0x26c CMakeFiles/rp2040_oled.dir/lvgl-release-v8.3/src/extra/layouts/flex/lv_flex.c.obj
 .text.flex_update
                0x100145c8      0x94c CMakeFiles/rp2040_oled.dir/lvgl-release-v8.3/src/extra/layouts/flex/lv_flex.c.obj
 .text.lv_flex_init
                0x10014f14       0x60 CMakeFiles/rp2040_oled.dir/lvgl-release-v8.3/src/extra/layouts/flex/lv_flex.c.obj
                0x10014f14                lv_flex_init
 .text.lv_obj_set_flex_flow
                0x10014f74       0x28 CMakeFiles/rp2040_oled.dir/lvgl-release-v8.3/src/extra/layouts/flex/lv_flex.c.obj
                0x10014f74                lv_obj_set_flex_flow
 .text.lv_obj_set_flex_align
                0x10014f9c       0x54 CMakeFiles/rp2040_oled.dir/lvgl-release-v8.3/src/extra/layouts/flex/lv_flex.c.obj
                0x10014f9c                lv_obj_set_flex_align
 .text.lv_obj_set_flex_grow
                0x10014ff0       0x20 CMakeFiles/rp2040_oled.dir/lvgl-release-v8.3/src/extra/layouts/flex/lv_flex.c.obj
                0x10014ff0                lv_obj_set_flex_grow
 .text.grid_update
                0x10015010      0xcec CMakeFiles/rp2040_oled.dir/lvgl-release-v8.3/src/extra/layouts/grid/lv_grid.c.obj
 .text.lv_grid_init
                0x10015cfc       0xa4 CMakeFiles/rp2040_oled.dir/lvgl-release-v8.3/src/extra/layouts/grid/lv_grid.c.obj
                0x10015cfc                lv_grid_init
 .text.lv_extra_init
                0x10015da0        0xc CMakeFiles/rp2040_oled.dir/lvgl-release-v8.3/src/extra/lv_extra.c.obj
                0x10015da0                lv_extra_init
 .text.theme_apply
                0x10015dac      0xf80 CMakeFiles/rp2040_oled.dir/lvgl-release-v8.3/src/extra/themes/default/lv_theme_default.c.obj
 .text.grey_filter_cb
                0x10016d2c       0x30 CMakeFiles/rp2040_oled.dir/lvgl-release-v8.3/src/extra/themes/default/lv_theme_default.c.obj
 .text.dark_color_filter_cb
                0x10016d5c        0xc CMakeFiles/rp2040_oled.dir/lvgl-release-v8.3/src/extra/themes/default/lv_theme_default.c.obj
 .text.style_init
                0x10016d68     0x3540 CMakeFiles/rp2040_oled.dir/lvgl-release-v8.3/src/extra/themes/default/lv_theme_default.c.obj
 .text.lv_theme_default_init
                0x1001a2a8       0xb4 CMakeFiles/rp2040_oled.dir/lvgl-release-v8.3/src/extra/themes/default/lv_theme_default.c.obj
                0x1001a2a8                lv_theme_default_init
 .text.lv_theme_default_get
                0x1001a35c       0x14 CMakeFiles/rp2040_oled.dir/lvgl-release-v8.3/src/extra/themes/default/lv_theme_default.c.obj
                0x1001a35c                lv_theme_default_get
 .text.lv_theme_default_is_inited
                0x1001a370       0x10 CMakeFiles/rp2040_oled.dir/lvgl-release-v8.3/src/extra/themes/default/lv_theme_default.c.obj
                0x1001a370                lv_theme_default_is_inited
 .text.draw_part_begin_event_cb
                0x1001a380       0xb0 CMakeFiles/rp2040_oled.dir/lvgl-release-v8.3/src/extra/widgets/calendar/lv_calendar.c.obj
 .text.highlight_update
                0x1001a430       0xec CMakeFiles/rp2040_oled.dir/lvgl-release-v8.3/src/extra/widgets/calendar/lv_calendar.c.obj
 .text.lv_calendar_set_showed_date
                0x1001a51c      0x284 CMakeFiles/rp2040_oled.dir/lvgl-release-v8.3/src/extra/widgets/calendar/lv_calendar.c.obj
                0x1001a51c                lv_calendar_set_showed_date
 .text.lv_calendar_constructor
                0x1001a7a0      0x100 CMakeFiles/rp2040_oled.dir/lvgl-release-v8.3/src/extra/widgets/calendar/lv_calendar.c.obj
 .text.lv_calendar_get_showed_date
                0x1001a8a0        0x4 CMakeFiles/rp2040_oled.dir/lvgl-release-v8.3/src/extra/widgets/calendar/lv_calendar.c.obj
                0x1001a8a0                lv_calendar_get_showed_date
 .text.my_constructor
                0x1001a8a4       0xe0 CMakeFiles/rp2040_oled.dir/lvgl-release-v8.3/src/extra/widgets/calendar/lv_calendar_header_arrow.c.obj
 .text.value_changed_event_cb
                0x1001a984       0x38 CMakeFiles/rp2040_oled.dir/lvgl-release-v8.3/src/extra/widgets/calendar/lv_calendar_header_arrow.c.obj
 .text.month_event_cb
                0x1001a9bc       0x90 CMakeFiles/rp2040_oled.dir/lvgl-release-v8.3/src/extra/widgets/calendar/lv_calendar_header_arrow.c.obj
 .text.my_constructor
                0x1001aa4c       0x8c CMakeFiles/rp2040_oled.dir/lvgl-release-v8.3/src/extra/widgets/calendar/lv_calendar_header_dropdown.c.obj
 .text.value_changed_event_cb
                0x1001aad8       0x6c CMakeFiles/rp2040_oled.dir/lvgl-release-v8.3/src/extra/widgets/calendar/lv_calendar_header_dropdown.c.obj
 .text.month_event_cb
                0x1001ab44       0x30 CMakeFiles/rp2040_oled.dir/lvgl-release-v8.3/src/extra/widgets/calendar/lv_calendar_header_dropdown.c.obj
 .text.year_event_cb
                0x1001ab74       0x64 CMakeFiles/rp2040_oled.dir/lvgl-release-v8.3/src/extra/widgets/calendar/lv_calendar_header_dropdown.c.obj
 .text.draw_y_ticks
                0x1001abd8      0x4c0 CMakeFiles/rp2040_oled.dir/lvgl-release-v8.3/src/extra/widgets/chart/lv_chart.c.obj
 .text.draw_x_ticks
                0x1001b098      0x554 CMakeFiles/rp2040_oled.dir/lvgl-release-v8.3/src/extra/widgets/chart/lv_chart.c.obj
 .text.lv_chart_destructor
                0x1001b5ec       0x78 CMakeFiles/rp2040_oled.dir/lvgl-release-v8.3/src/extra/widgets/chart/lv_chart.c.obj
 .text.lv_chart_constructor
                0x1001b664       0x54 CMakeFiles/rp2040_oled.dir/lvgl-release-v8.3/src/extra/widgets/chart/lv_chart.c.obj
 .text.invalidate_point.part.0
                0x1001b6b8      0x190 CMakeFiles/rp2040_oled.dir/lvgl-release-v8.3/src/extra/widgets/chart/lv_chart.c.obj
 .text.lv_chart_get_point_pos_by_id
                0x1001b848      0x218 CMakeFiles/rp2040_oled.dir/lvgl-release-v8.3/src/extra/widgets/chart/lv_chart.c.obj
                0x1001b848                lv_chart_get_point_pos_by_id
 .text.lv_chart_event
                0x1001ba60     0x18e8 CMakeFiles/rp2040_oled.dir/lvgl-release-v8.3/src/extra/widgets/chart/lv_chart.c.obj
 .text.get_knob_area
                0x1001d348       0x90 CMakeFiles/rp2040_oled.dir/lvgl-release-v8.3/src/extra/widgets/colorwheel/lv_colorwheel.c.obj
 .text.refr_knob_pos
                0x1001d3d8       0xa0 CMakeFiles/rp2040_oled.dir/lvgl-release-v8.3/src/extra/widgets/colorwheel/lv_colorwheel.c.obj
 .text.lv_colorwheel_constructor
                0x1001d478       0x50 CMakeFiles/rp2040_oled.dir/lvgl-release-v8.3/src/extra/widgets/colorwheel/lv_colorwheel.c.obj
 .text.lv_colorwheel_event
                0x1001d4c8      0xb84 CMakeFiles/rp2040_oled.dir/lvgl-release-v8.3/src/extra/widgets/colorwheel/lv_colorwheel.c.obj
 .text.lv_keyboard_update_ctrl_map
                0x1001e04c       0x70 CMakeFiles/rp2040_oled.dir/lvgl-release-v8.3/src/extra/widgets/keyboard/lv_keyboard.c.obj
 .text.lv_keyboard_constructor
                0x1001e0bc       0x5c CMakeFiles/rp2040_oled.dir/lvgl-release-v8.3/src/extra/widgets/keyboard/lv_keyboard.c.obj
 .text.lv_keyboard_def_event_cb
                0x1001e118      0x228 CMakeFiles/rp2040_oled.dir/lvgl-release-v8.3/src/extra/widgets/keyboard/lv_keyboard.c.obj
                0x1001e118                lv_keyboard_def_event_cb
 .text.lv_led_event
                0x1001e340      0x144 CMakeFiles/rp2040_oled.dir/lvgl-release-v8.3/src/extra/widgets/led/lv_led.c.obj
 .text.lv_led_constructor
                0x1001e484       0x18 CMakeFiles/rp2040_oled.dir/lvgl-release-v8.3/src/extra/widgets/led/lv_led.c.obj
 .text.lv_menu_destructor
                0x1001e49c        0xc CMakeFiles/rp2040_oled.dir/lvgl-release-v8.3/src/extra/widgets/menu/lv_menu.c.obj
 .text.lv_menu_section_constructor
                0x1001e4a8       0x18 CMakeFiles/rp2040_oled.dir/lvgl-release-v8.3/src/extra/widgets/menu/lv_menu.c.obj
 .text.lv_menu_cont_constructor
                0x1001e4c0       0x24 CMakeFiles/rp2040_oled.dir/lvgl-release-v8.3/src/extra/widgets/menu/lv_menu.c.obj
 .text.lv_menu_constructor
                0x1001e4e4      0x140 CMakeFiles/rp2040_oled.dir/lvgl-release-v8.3/src/extra/widgets/menu/lv_menu.c.obj
 .text.lv_menu_value_changed_event_cb
                0x1001e624       0x58 CMakeFiles/rp2040_oled.dir/lvgl-release-v8.3/src/extra/widgets/menu/lv_menu.c.obj
 .text.lv_menu_page_destructor
                0x1001e67c       0x14 CMakeFiles/rp2040_oled.dir/lvgl-release-v8.3/src/extra/widgets/menu/lv_menu.c.obj
 .text.lv_menu_page_constructor
                0x1001e690       0x34 CMakeFiles/rp2040_oled.dir/lvgl-release-v8.3/src/extra/widgets/menu/lv_menu.c.obj
 .text.lv_menu_set_page
                0x1001e6c4      0x14c CMakeFiles/rp2040_oled.dir/lvgl-release-v8.3/src/extra/widgets/menu/lv_menu.c.obj
                0x1001e6c4                lv_menu_set_page
 .text.lv_menu_back_event_cb
                0x1001e810       0xa4 CMakeFiles/rp2040_oled.dir/lvgl-release-v8.3/src/extra/widgets/menu/lv_menu.c.obj
 .text.lv_meter_destructor
                0x1001e8b4       0x18 CMakeFiles/rp2040_oled.dir/lvgl-release-v8.3/src/extra/widgets/meter/lv_meter.c.obj
 .text.lv_meter_constructor
                0x1001e8cc       0x1c CMakeFiles/rp2040_oled.dir/lvgl-release-v8.3/src/extra/widgets/meter/lv_meter.c.obj
 .text.lv_meter_event
                0x1001e8e8      0x8fc CMakeFiles/rp2040_oled.dir/lvgl-release-v8.3/src/extra/widgets/meter/lv_meter.c.obj
 .text.lv_spinbox_updatevalue
                0x1001f1e4      0x408 CMakeFiles/rp2040_oled.dir/lvgl-release-v8.3/src/extra/widgets/spinbox/lv_spinbox.c.obj
 .text.lv_spinbox_constructor
                0x1001f5ec       0x48 CMakeFiles/rp2040_oled.dir/lvgl-release-v8.3/src/extra/widgets/spinbox/lv_spinbox.c.obj
 .text.lv_spinbox_event
                0x1001f634      0x2a4 CMakeFiles/rp2040_oled.dir/lvgl-release-v8.3/src/extra/widgets/spinbox/lv_spinbox.c.obj
 .text.lv_spinner_constructor
                0x1001f8d8       0x88 CMakeFiles/rp2040_oled.dir/lvgl-release-v8.3/src/extra/widgets/spinner/lv_spinner.c.obj
 .text.arc_anim_start_angle
                0x1001f960        0xc CMakeFiles/rp2040_oled.dir/lvgl-release-v8.3/src/extra/widgets/spinner/lv_spinner.c.obj
 .text.arc_anim_end_angle
                0x1001f96c        0xc CMakeFiles/rp2040_oled.dir/lvgl-release-v8.3/src/extra/widgets/spinner/lv_spinner.c.obj
 .text.lv_tabview_destructor
                0x1001f978       0x60 CMakeFiles/rp2040_oled.dir/lvgl-release-v8.3/src/extra/widgets/tabview/lv_tabview.c.obj
 .text.lv_tabview_constructor
                0x1001f9d8      0x160 CMakeFiles/rp2040_oled.dir/lvgl-release-v8.3/src/extra/widgets/tabview/lv_tabview.c.obj
 .text.lv_tabview_set_act.part.0
                0x1001fb38       0xc0 CMakeFiles/rp2040_oled.dir/lvgl-release-v8.3/src/extra/widgets/tabview/lv_tabview.c.obj
 .text.cont_scroll_end_event_cb
                0x1001fbf8       0xfc CMakeFiles/rp2040_oled.dir/lvgl-release-v8.3/src/extra/widgets/tabview/lv_tabview.c.obj
 .text.btns_value_changed_event_cb
                0x1001fcf4       0x28 CMakeFiles/rp2040_oled.dir/lvgl-release-v8.3/src/extra/widgets/tabview/lv_tabview.c.obj
 .text.lv_tabview_event
                0x1001fd1c       0x38 CMakeFiles/rp2040_oled.dir/lvgl-release-v8.3/src/extra/widgets/tabview/lv_tabview.c.obj
 .text.lv_tileview_constructor
                0x1001fd54       0x3c CMakeFiles/rp2040_oled.dir/lvgl-release-v8.3/src/extra/widgets/tileview/lv_tileview.c.obj
 .text.tileview_event_cb
                0x1001fd90       0xdc CMakeFiles/rp2040_oled.dir/lvgl-release-v8.3/src/extra/widgets/tileview/lv_tileview.c.obj
 .text.lv_tileview_tile_constructor
                0x1001fe6c       0x78 CMakeFiles/rp2040_oled.dir/lvgl-release-v8.3/src/extra/widgets/tileview/lv_tileview.c.obj
 .text.lv_win_constructor
                0x1001fee4       0x74 CMakeFiles/rp2040_oled.dir/lvgl-release-v8.3/src/extra/widgets/win/lv_win.c.obj
 .text.lv_font_get_glyph_dsc.part.0
                0x1001ff58       0xc8 CMakeFiles/rp2040_oled.dir/lvgl-release-v8.3/src/font/lv_font.c.obj
 .text.lv_font_get_glyph_bitmap
                0x10020020       0x10 CMakeFiles/rp2040_oled.dir/lvgl-release-v8.3/src/font/lv_font.c.obj
                0x10020020                lv_font_get_glyph_bitmap
 .text.lv_font_get_glyph_dsc
                0x10020030       0x14 CMakeFiles/rp2040_oled.dir/lvgl-release-v8.3/src/font/lv_font.c.obj
                0x10020030                lv_font_get_glyph_dsc
 .text.lv_font_get_glyph_width
                0x10020044       0x1c CMakeFiles/rp2040_oled.dir/lvgl-release-v8.3/src/font/lv_font.c.obj
                0x10020044                lv_font_get_glyph_width
 .text.kern_pair_8_compare
                0x10020060       0x14 CMakeFiles/rp2040_oled.dir/lvgl-release-v8.3/src/font/lv_font_fmt_txt.c.obj
 .text.kern_pair_16_compare
                0x10020074       0x14 CMakeFiles/rp2040_oled.dir/lvgl-release-v8.3/src/font/lv_font_fmt_txt.c.obj
 .text.unicode_list_compare
                0x10020088        0x8 CMakeFiles/rp2040_oled.dir/lvgl-release-v8.3/src/font/lv_font_fmt_txt.c.obj
 .text.lv_font_get_bitmap_fmt_txt
                0x10020090      0x11c CMakeFiles/rp2040_oled.dir/lvgl-release-v8.3/src/font/lv_font_fmt_txt.c.obj
                0x10020090                lv_font_get_bitmap_fmt_txt
 .text.lv_font_get_glyph_dsc_fmt_txt
                0x100201ac      0x380 CMakeFiles/rp2040_oled.dir/lvgl-release-v8.3/src/font/lv_font_fmt_txt.c.obj
                0x100201ac                lv_font_get_glyph_dsc_fmt_txt
 .text._lv_font_clean_up_fmt_txt
                0x1002052c        0x4 CMakeFiles/rp2040_oled.dir/lvgl-release-v8.3/src/font/lv_font_fmt_txt.c.obj
                0x1002052c                _lv_font_clean_up_fmt_txt
 .text.lv_disp_drv_init
                0x10020530       0x44 CMakeFiles/rp2040_oled.dir/lvgl-release-v8.3/src/hal/lv_hal_disp.c.obj
                0x10020530                lv_disp_drv_init
 .text.lv_disp_draw_buf_init
                0x10020574       0x1c CMakeFiles/rp2040_oled.dir/lvgl-release-v8.3/src/hal/lv_hal_disp.c.obj
                0x10020574                lv_disp_draw_buf_init
 .text.lv_disp_drv_register
                0x10020590      0x154 CMakeFiles/rp2040_oled.dir/lvgl-release-v8.3/src/hal/lv_hal_disp.c.obj
                0x10020590                lv_disp_drv_register
 .text.lv_disp_get_default
                0x100206e4        0xc CMakeFiles/rp2040_oled.dir/lvgl-release-v8.3/src/hal/lv_hal_disp.c.obj
                0x100206e4                lv_disp_get_default
 .text.lv_disp_get_hor_res
                0x100206f0       0x28 CMakeFiles/rp2040_oled.dir/lvgl-release-v8.3/src/hal/lv_hal_disp.c.obj
                0x100206f0                lv_disp_get_hor_res
 .text.lv_disp_get_ver_res
                0x10020718       0x28 CMakeFiles/rp2040_oled.dir/lvgl-release-v8.3/src/hal/lv_hal_disp.c.obj
                0x10020718                lv_disp_get_ver_res
 .text.lv_disp_get_dpi
                0x10020740       0x20 CMakeFiles/rp2040_oled.dir/lvgl-release-v8.3/src/hal/lv_hal_disp.c.obj
                0x10020740                lv_disp_get_dpi
 .text.lv_disp_flush_ready
                0x10020760        0xc CMakeFiles/rp2040_oled.dir/lvgl-release-v8.3/src/hal/lv_hal_disp.c.obj
                0x10020760                lv_disp_flush_ready
 .text.lv_disp_get_next
                0x1002076c       0x1c CMakeFiles/rp2040_oled.dir/lvgl-release-v8.3/src/hal/lv_hal_disp.c.obj
                0x1002076c                lv_disp_get_next
 .text.lv_disp_get_draw_buf
                0x10020788        0x8 CMakeFiles/rp2040_oled.dir/lvgl-release-v8.3/src/hal/lv_hal_disp.c.obj
                0x10020788                lv_disp_get_draw_buf
 .text.lv_indev_get_next
                0x10020790       0x1c CMakeFiles/rp2040_oled.dir/lvgl-release-v8.3/src/hal/lv_hal_indev.c.obj
                0x10020790                lv_indev_get_next
 .text.lv_tick_inc
                0x100207ac       0x18 CMakeFiles/rp2040_oled.dir/lvgl-release-v8.3/src/hal/lv_hal_tick.c.obj
                0x100207ac                lv_tick_inc
 .text.lv_tick_get
                0x100207c4       0x1c CMakeFiles/rp2040_oled.dir/lvgl-release-v8.3/src/hal/lv_hal_tick.c.obj
                0x100207c4                lv_tick_get
 .text.lv_tick_elaps
                0x100207e0       0x20 CMakeFiles/rp2040_oled.dir/lvgl-release-v8.3/src/hal/lv_hal_tick.c.obj
                0x100207e0                lv_tick_elaps
 .text.lv_anim_path_linear
                0x10020800       0x28 CMakeFiles/rp2040_oled.dir/lvgl-release-v8.3/src/misc/lv_anim.c.obj
                0x10020800                lv_anim_path_linear
 .text.anim_timer
                0x10020828      0x208 CMakeFiles/rp2040_oled.dir/lvgl-release-v8.3/src/misc/lv_anim.c.obj
 .text._lv_anim_core_init
                0x10020a30       0x50 CMakeFiles/rp2040_oled.dir/lvgl-release-v8.3/src/misc/lv_anim.c.obj
                0x10020a30                _lv_anim_core_init
 .text.lv_anim_init
                0x10020a80       0x34 CMakeFiles/rp2040_oled.dir/lvgl-release-v8.3/src/misc/lv_anim.c.obj
                0x10020a80                lv_anim_init
 .text.lv_anim_del
                0x10020ab4      0x188 CMakeFiles/rp2040_oled.dir/lvgl-release-v8.3/src/misc/lv_anim.c.obj
                0x10020ab4                lv_anim_del
 .text.lv_anim_start
                0x10020c3c       0xbc CMakeFiles/rp2040_oled.dir/lvgl-release-v8.3/src/misc/lv_anim.c.obj
                0x10020c3c                lv_anim_start
 .text.lv_anim_get
                0x10020cf8       0x4c CMakeFiles/rp2040_oled.dir/lvgl-release-v8.3/src/misc/lv_anim.c.obj
                0x10020cf8                lv_anim_get
 .text.lv_anim_speed_to_time
                0x10020d44       0x28 CMakeFiles/rp2040_oled.dir/lvgl-release-v8.3/src/misc/lv_anim.c.obj
                0x10020d44                lv_anim_speed_to_time
 .text.lv_anim_path_ease_out
                0x10020d6c       0x3c CMakeFiles/rp2040_oled.dir/lvgl-release-v8.3/src/misc/lv_anim.c.obj
                0x10020d6c                lv_anim_path_ease_out
 .text.lv_anim_path_ease_in_out
                0x10020da8       0x38 CMakeFiles/rp2040_oled.dir/lvgl-release-v8.3/src/misc/lv_anim.c.obj
                0x10020da8                lv_anim_path_ease_in_out
 .text.lv_anim_path_step
                0x10020de0       0x10 CMakeFiles/rp2040_oled.dir/lvgl-release-v8.3/src/misc/lv_anim.c.obj
                0x10020de0                lv_anim_path_step
 .text.lv_area_set
                0x10020df0       0x14 CMakeFiles/rp2040_oled.dir/lvgl-release-v8.3/src/misc/lv_area.c.obj
                0x10020df0                lv_area_set
 .text.lv_area_set_width
                0x10020e04        0xc CMakeFiles/rp2040_oled.dir/lvgl-release-v8.3/src/misc/lv_area.c.obj
                0x10020e04                lv_area_set_width
 .text.lv_area_set_height
                0x10020e10        0xc CMakeFiles/rp2040_oled.dir/lvgl-release-v8.3/src/misc/lv_area.c.obj
                0x10020e10                lv_area_set_height
 .text.lv_area_get_size
                0x10020e1c       0x1c CMakeFiles/rp2040_oled.dir/lvgl-release-v8.3/src/misc/lv_area.c.obj
                0x10020e1c                lv_area_get_size
 .text.lv_area_increase
                0x10020e38       0x20 CMakeFiles/rp2040_oled.dir/lvgl-release-v8.3/src/misc/lv_area.c.obj
                0x10020e38                lv_area_increase
 .text.lv_area_move
                0x10020e58       0x20 CMakeFiles/rp2040_oled.dir/lvgl-release-v8.3/src/misc/lv_area.c.obj
                0x10020e58                lv_area_move
 .text._lv_area_intersect
                0x10020e78       0x78 CMakeFiles/rp2040_oled.dir/lvgl-release-v8.3/src/misc/lv_area.c.obj
                0x10020e78                _lv_area_intersect
 .text._lv_area_diff
                0x10020ef0      0x1c0 CMakeFiles/rp2040_oled.dir/lvgl-release-v8.3/src/misc/lv_area.c.obj
                0x10020ef0                _lv_area_diff
 .text._lv_area_join
                0x100210b0       0x54 CMakeFiles/rp2040_oled.dir/lvgl-release-v8.3/src/misc/lv_area.c.obj
                0x100210b0                _lv_area_join
 .text._lv_area_is_point_on
                0x10021104      0x1f0 CMakeFiles/rp2040_oled.dir/lvgl-release-v8.3/src/misc/lv_area.c.obj
                0x10021104                _lv_area_is_point_on
 .text._lv_area_is_on
                0x100212f4       0x40 CMakeFiles/rp2040_oled.dir/lvgl-release-v8.3/src/misc/lv_area.c.obj
                0x100212f4                _lv_area_is_on
 .text._lv_area_is_in
                0x10021334       0xa0 CMakeFiles/rp2040_oled.dir/lvgl-release-v8.3/src/misc/lv_area.c.obj
                0x10021334                _lv_area_is_in
 .text._lv_area_is_out
                0x100213d4       0xa4 CMakeFiles/rp2040_oled.dir/lvgl-release-v8.3/src/misc/lv_area.c.obj
                0x100213d4                _lv_area_is_out
 .text.lv_point_transform
                0x10021478      0x17c CMakeFiles/rp2040_oled.dir/lvgl-release-v8.3/src/misc/lv_area.c.obj
                0x10021478                lv_point_transform
 .text.lv_color_fill
                0x100215f4       0xa4 CMakeFiles/rp2040_oled.dir/lvgl-release-v8.3/src/misc/lv_color.c.obj
                0x100215f4                lv_color_fill
 .text.lv_color_darken
                0x10021698        0xc CMakeFiles/rp2040_oled.dir/lvgl-release-v8.3/src/misc/lv_color.c.obj
                0x10021698                lv_color_darken
 .text.lv_color_hsv_to_rgb
                0x100216a4       0xc4 CMakeFiles/rp2040_oled.dir/lvgl-release-v8.3/src/misc/lv_color.c.obj
                0x100216a4                lv_color_hsv_to_rgb
 .text.lv_palette_main
                0x10021768       0x14 CMakeFiles/rp2040_oled.dir/lvgl-release-v8.3/src/misc/lv_color.c.obj
                0x10021768                lv_palette_main
 .text.lv_palette_lighten
                0x1002177c       0x20 CMakeFiles/rp2040_oled.dir/lvgl-release-v8.3/src/misc/lv_color.c.obj
                0x1002177c                lv_palette_lighten
 .text.lv_palette_darken
                0x1002179c       0x20 CMakeFiles/rp2040_oled.dir/lvgl-release-v8.3/src/misc/lv_color.c.obj
                0x1002179c                lv_palette_darken
 .text._lv_fs_init
                0x100217bc       0x10 CMakeFiles/rp2040_oled.dir/lvgl-release-v8.3/src/misc/lv_fs.c.obj
                0x100217bc                _lv_fs_init
 .text.lv_fs_open
                0x100217cc       0xb4 CMakeFiles/rp2040_oled.dir/lvgl-release-v8.3/src/misc/lv_fs.c.obj
                0x100217cc                lv_fs_open
 .text.lv_fs_close
                0x10021880       0x4c CMakeFiles/rp2040_oled.dir/lvgl-release-v8.3/src/misc/lv_fs.c.obj
                0x10021880                lv_fs_close
 .text.lv_fs_read
                0x100218cc      0x198 CMakeFiles/rp2040_oled.dir/lvgl-release-v8.3/src/misc/lv_fs.c.obj
                0x100218cc                lv_fs_read
 .text.lv_fs_seek
                0x10021a64       0x9c CMakeFiles/rp2040_oled.dir/lvgl-release-v8.3/src/misc/lv_fs.c.obj
                0x10021a64                lv_fs_seek
 .text.lv_fs_get_ext
                0x10021b00       0x30 CMakeFiles/rp2040_oled.dir/lvgl-release-v8.3/src/misc/lv_fs.c.obj
                0x10021b00                lv_fs_get_ext
 .text._lv_ll_init
                0x10021b30       0x10 CMakeFiles/rp2040_oled.dir/lvgl-release-v8.3/src/misc/lv_ll.c.obj
                0x10021b30                _lv_ll_init
 .text._lv_ll_ins_head
                0x10021b40       0x30 CMakeFiles/rp2040_oled.dir/lvgl-release-v8.3/src/misc/lv_ll.c.obj
                0x10021b40                _lv_ll_ins_head
 .text._lv_ll_ins_prev
                0x10021b70       0x60 CMakeFiles/rp2040_oled.dir/lvgl-release-v8.3/src/misc/lv_ll.c.obj
                0x10021b70                _lv_ll_ins_prev
 .text._lv_ll_ins_tail
                0x10021bd0       0x30 CMakeFiles/rp2040_oled.dir/lvgl-release-v8.3/src/misc/lv_ll.c.obj
                0x10021bd0                _lv_ll_ins_tail
 .text._lv_ll_remove
                0x10021c00       0x50 CMakeFiles/rp2040_oled.dir/lvgl-release-v8.3/src/misc/lv_ll.c.obj
                0x10021c00                _lv_ll_remove
 .text._lv_ll_clear
                0x10021c50       0x6c CMakeFiles/rp2040_oled.dir/lvgl-release-v8.3/src/misc/lv_ll.c.obj
                0x10021c50                _lv_ll_clear
 .text._lv_ll_get_head
                0x10021cbc        0xc CMakeFiles/rp2040_oled.dir/lvgl-release-v8.3/src/misc/lv_ll.c.obj
                0x10021cbc                _lv_ll_get_head
 .text._lv_ll_get_tail
                0x10021cc8        0xc CMakeFiles/rp2040_oled.dir/lvgl-release-v8.3/src/misc/lv_ll.c.obj
                0x10021cc8                _lv_ll_get_tail
 .text._lv_ll_get_next
                0x10021cd4        0x8 CMakeFiles/rp2040_oled.dir/lvgl-release-v8.3/src/misc/lv_ll.c.obj
                0x10021cd4                _lv_ll_get_next
 .text._lv_ll_get_prev
                0x10021cdc        0x8 CMakeFiles/rp2040_oled.dir/lvgl-release-v8.3/src/misc/lv_ll.c.obj
                0x10021cdc                _lv_ll_get_prev
 .text._lv_ll_get_len
                0x10021ce4       0x20 CMakeFiles/rp2040_oled.dir/lvgl-release-v8.3/src/misc/lv_ll.c.obj
                0x10021ce4                _lv_ll_get_len
 .text._lv_ll_is_empty
                0x10021d04       0x1c CMakeFiles/rp2040_oled.dir/lvgl-release-v8.3/src/misc/lv_ll.c.obj
                0x10021d04                _lv_ll_is_empty
 .text.lv_trigo_sin
                0x10021d20       0x68 CMakeFiles/rp2040_oled.dir/lvgl-release-v8.3/src/misc/lv_math.c.obj
                0x10021d20                lv_trigo_sin
 .text.lv_bezier3
                0x10021d88       0x44 CMakeFiles/rp2040_oled.dir/lvgl-release-v8.3/src/misc/lv_math.c.obj
                0x10021d88                lv_bezier3
 .text.lv_atan2
                0x10021dcc       0xb4 CMakeFiles/rp2040_oled.dir/lvgl-release-v8.3/src/misc/lv_math.c.obj
                0x10021dcc                lv_atan2
 .text.lv_pow   0x10021e80       0x54 CMakeFiles/rp2040_oled.dir/lvgl-release-v8.3/src/misc/lv_math.c.obj
                0x10021e80                lv_pow
 .text.lv_map   0x10021ed4       0x34 CMakeFiles/rp2040_oled.dir/lvgl-release-v8.3/src/misc/lv_math.c.obj
                0x10021ed4                lv_map
 .text.lv_mem_init
                0x10021f08       0x1c CMakeFiles/rp2040_oled.dir/lvgl-release-v8.3/src/misc/lv_mem.c.obj
                0x10021f08                lv_mem_init
 .text.lv_mem_alloc
                0x10021f24       0x44 CMakeFiles/rp2040_oled.dir/lvgl-release-v8.3/src/misc/lv_mem.c.obj
                0x10021f24                lv_mem_alloc
 .text.lv_mem_free
                0x10021f68       0x38 CMakeFiles/rp2040_oled.dir/lvgl-release-v8.3/src/misc/lv_mem.c.obj
                0x10021f68                lv_mem_free
 .text.lv_mem_realloc
                0x10021fa0       0x78 CMakeFiles/rp2040_oled.dir/lvgl-release-v8.3/src/misc/lv_mem.c.obj
                0x10021fa0                lv_mem_realloc
 .text.lv_mem_buf_get
                0x10022018      0x150 CMakeFiles/rp2040_oled.dir/lvgl-release-v8.3/src/misc/lv_mem.c.obj
                0x10022018                lv_mem_buf_get
 .text.lv_mem_buf_release
                0x10022168       0xb4 CMakeFiles/rp2040_oled.dir/lvgl-release-v8.3/src/misc/lv_mem.c.obj
                0x10022168                lv_mem_buf_release
 .text.lv_mem_buf_free_all
                0x1002221c       0x70 CMakeFiles/rp2040_oled.dir/lvgl-release-v8.3/src/misc/lv_mem.c.obj
                0x1002221c                lv_mem_buf_free_all
 .text.lv_memcpy
                0x1002228c      0x3a8 CMakeFiles/rp2040_oled.dir/lvgl-release-v8.3/src/misc/lv_mem.c.obj
                0x1002228c                lv_memcpy
 .text.lv_memset
                0x10022634      0x104 CMakeFiles/rp2040_oled.dir/lvgl-release-v8.3/src/misc/lv_mem.c.obj
                0x10022634                lv_memset
 .text.lv_memset_00
                0x10022738       0xe0 CMakeFiles/rp2040_oled.dir/lvgl-release-v8.3/src/misc/lv_mem.c.obj
                0x10022738                lv_memset_00
 .text.lv_memset_ff
                0x10022818       0xe4 CMakeFiles/rp2040_oled.dir/lvgl-release-v8.3/src/misc/lv_mem.c.obj
                0x10022818                lv_memset_ff
 .text._out_buffer
                0x100228fc        0x8 CMakeFiles/rp2040_oled.dir/lvgl-release-v8.3/src/misc/lv_printf.c.obj
 .text._out_null
                0x10022904        0x4 CMakeFiles/rp2040_oled.dir/lvgl-release-v8.3/src/misc/lv_printf.c.obj
 .text._ntoa_format
                0x10022908      0x3dc CMakeFiles/rp2040_oled.dir/lvgl-release-v8.3/src/misc/lv_printf.c.obj
 .text._vsnprintf
                0x10022ce4      0xaa8 CMakeFiles/rp2040_oled.dir/lvgl-release-v8.3/src/misc/lv_printf.c.obj
 .text.lv_snprintf
                0x1002378c       0x28 CMakeFiles/rp2040_oled.dir/lvgl-release-v8.3/src/misc/lv_printf.c.obj
                0x1002378c                lv_snprintf
 .text.lv_vsnprintf
                0x100237b4       0x1c CMakeFiles/rp2040_oled.dir/lvgl-release-v8.3/src/misc/lv_printf.c.obj
                0x100237b4                lv_vsnprintf
 .text.lv_style_init
                0x100237d0        0xc CMakeFiles/rp2040_oled.dir/lvgl-release-v8.3/src/misc/lv_style.c.obj
                0x100237d0                lv_style_init
 .text.lv_style_reset
                0x100237dc       0x28 CMakeFiles/rp2040_oled.dir/lvgl-release-v8.3/src/misc/lv_style.c.obj
                0x100237dc                lv_style_reset
 .text.lv_style_register_prop
                0x10023804       0x80 CMakeFiles/rp2040_oled.dir/lvgl-release-v8.3/src/misc/lv_style.c.obj
                0x10023804                lv_style_register_prop
 .text.lv_style_remove_prop
                0x10023884       0xdc CMakeFiles/rp2040_oled.dir/lvgl-release-v8.3/src/misc/lv_style.c.obj
                0x10023884                lv_style_remove_prop
 .text.lv_style_set_prop
                0x10023960      0x10c CMakeFiles/rp2040_oled.dir/lvgl-release-v8.3/src/misc/lv_style.c.obj
                0x10023960                lv_style_set_prop
 .text.lv_style_transition_dsc_init
                0x10023a6c       0x2c CMakeFiles/rp2040_oled.dir/lvgl-release-v8.3/src/misc/lv_style.c.obj
                0x10023a6c                lv_style_transition_dsc_init
 .text.lv_style_prop_get_default
                0x10023a98       0x98 CMakeFiles/rp2040_oled.dir/lvgl-release-v8.3/src/misc/lv_style.c.obj
                0x10023a98                lv_style_prop_get_default
 .text.lv_style_get_prop
                0x10023b30       0xa4 CMakeFiles/rp2040_oled.dir/lvgl-release-v8.3/src/misc/lv_style.c.obj
                0x10023b30                lv_style_get_prop
 .text.lv_style_is_empty
                0x10023bd4        0xc CMakeFiles/rp2040_oled.dir/lvgl-release-v8.3/src/misc/lv_style.c.obj
                0x10023bd4                lv_style_is_empty
 .text._lv_style_get_prop_group
                0x10023be0       0x10 CMakeFiles/rp2040_oled.dir/lvgl-release-v8.3/src/misc/lv_style.c.obj
                0x10023be0                _lv_style_get_prop_group
 .text._lv_style_prop_lookup_flags
                0x10023bf0       0x48 CMakeFiles/rp2040_oled.dir/lvgl-release-v8.3/src/misc/lv_style.c.obj
                0x10023bf0                _lv_style_prop_lookup_flags
 .text.lv_style_set_width
                0x10023c38        0xc CMakeFiles/rp2040_oled.dir/lvgl-release-v8.3/src/misc/lv_style_gen.c.obj
                0x10023c38                lv_style_set_width
 .text.lv_style_set_max_width
                0x10023c44        0xc CMakeFiles/rp2040_oled.dir/lvgl-release-v8.3/src/misc/lv_style_gen.c.obj
                0x10023c44                lv_style_set_max_width
 .text.lv_style_set_height
                0x10023c50        0xc CMakeFiles/rp2040_oled.dir/lvgl-release-v8.3/src/misc/lv_style_gen.c.obj
                0x10023c50                lv_style_set_height
 .text.lv_style_set_max_height
                0x10023c5c        0xc CMakeFiles/rp2040_oled.dir/lvgl-release-v8.3/src/misc/lv_style_gen.c.obj
                0x10023c5c                lv_style_set_max_height
 .text.lv_style_set_transform_width
                0x10023c68        0xc CMakeFiles/rp2040_oled.dir/lvgl-release-v8.3/src/misc/lv_style_gen.c.obj
                0x10023c68                lv_style_set_transform_width
 .text.lv_style_set_transform_height
                0x10023c74        0xc CMakeFiles/rp2040_oled.dir/lvgl-release-v8.3/src/misc/lv_style_gen.c.obj
                0x10023c74                lv_style_set_transform_height
 .text.lv_style_set_pad_top
                0x10023c80        0xc CMakeFiles/rp2040_oled.dir/lvgl-release-v8.3/src/misc/lv_style_gen.c.obj
                0x10023c80                lv_style_set_pad_top
 .text.lv_style_set_pad_bottom
                0x10023c8c        0xc CMakeFiles/rp2040_oled.dir/lvgl-release-v8.3/src/misc/lv_style_gen.c.obj
                0x10023c8c                lv_style_set_pad_bottom
 .text.lv_style_set_pad_left
                0x10023c98        0xc CMakeFiles/rp2040_oled.dir/lvgl-release-v8.3/src/misc/lv_style_gen.c.obj
                0x10023c98                lv_style_set_pad_left
 .text.lv_style_set_pad_right
                0x10023ca4        0xc CMakeFiles/rp2040_oled.dir/lvgl-release-v8.3/src/misc/lv_style_gen.c.obj
                0x10023ca4                lv_style_set_pad_right
 .text.lv_style_set_pad_row
                0x10023cb0        0xc CMakeFiles/rp2040_oled.dir/lvgl-release-v8.3/src/misc/lv_style_gen.c.obj
                0x10023cb0                lv_style_set_pad_row
 .text.lv_style_set_pad_column
                0x10023cbc        0xc CMakeFiles/rp2040_oled.dir/lvgl-release-v8.3/src/misc/lv_style_gen.c.obj
                0x10023cbc                lv_style_set_pad_column
 .text.lv_style_set_bg_color
                0x10023cc8        0xc CMakeFiles/rp2040_oled.dir/lvgl-release-v8.3/src/misc/lv_style_gen.c.obj
                0x10023cc8                lv_style_set_bg_color
 .text.lv_style_set_bg_opa
                0x10023cd4        0xc CMakeFiles/rp2040_oled.dir/lvgl-release-v8.3/src/misc/lv_style_gen.c.obj
                0x10023cd4                lv_style_set_bg_opa
 .text.lv_style_set_bg_grad_color
                0x10023ce0        0xc CMakeFiles/rp2040_oled.dir/lvgl-release-v8.3/src/misc/lv_style_gen.c.obj
                0x10023ce0                lv_style_set_bg_grad_color
 .text.lv_style_set_bg_img_src
                0x10023cec        0xc CMakeFiles/rp2040_oled.dir/lvgl-release-v8.3/src/misc/lv_style_gen.c.obj
                0x10023cec                lv_style_set_bg_img_src
 .text.lv_style_set_border_color
                0x10023cf8        0xc CMakeFiles/rp2040_oled.dir/lvgl-release-v8.3/src/misc/lv_style_gen.c.obj
                0x10023cf8                lv_style_set_border_color
 .text.lv_style_set_border_opa
                0x10023d04        0xc CMakeFiles/rp2040_oled.dir/lvgl-release-v8.3/src/misc/lv_style_gen.c.obj
                0x10023d04                lv_style_set_border_opa
 .text.lv_style_set_border_width
                0x10023d10        0xc CMakeFiles/rp2040_oled.dir/lvgl-release-v8.3/src/misc/lv_style_gen.c.obj
                0x10023d10                lv_style_set_border_width
 .text.lv_style_set_border_side
                0x10023d1c        0xc CMakeFiles/rp2040_oled.dir/lvgl-release-v8.3/src/misc/lv_style_gen.c.obj
                0x10023d1c                lv_style_set_border_side
 .text.lv_style_set_border_post
                0x10023d28        0xc CMakeFiles/rp2040_oled.dir/lvgl-release-v8.3/src/misc/lv_style_gen.c.obj
                0x10023d28                lv_style_set_border_post
 .text.lv_style_set_outline_width
                0x10023d34        0xc CMakeFiles/rp2040_oled.dir/lvgl-release-v8.3/src/misc/lv_style_gen.c.obj
                0x10023d34                lv_style_set_outline_width
 .text.lv_style_set_outline_color
                0x10023d40        0xc CMakeFiles/rp2040_oled.dir/lvgl-release-v8.3/src/misc/lv_style_gen.c.obj